Archive member included to satisfy reference by file (symbol)

/usr/lib/gcc/avr/5.4.0/avr35/libgcc.a(_mulhi3.o)
                              obj_ad16/protocol/lufa/LUFA-git/LUFA/Drivers/USB/Class/Common/HIDParser.o (__mulhi3)
/usr/lib/gcc/avr/5.4.0/avr35/libgcc.a(_exit.o)
                              /usr/lib/gcc/avr/5.4.0/../../../avr/lib/avr35/crtatmega32u2.o (exit)
/usr/lib/gcc/avr/5.4.0/avr35/libgcc.a(_tablejump2.o)
                              obj_ad16/protocol/lufa/LUFA-git/LUFA/Drivers/USB/Core/DeviceStandardReq.o (__tablejump2__)
/usr/lib/gcc/avr/5.4.0/avr35/libgcc.a(_copy_data.o)
                              obj_ad16/matrix.o (__do_copy_data)
/usr/lib/gcc/avr/5.4.0/avr35/libgcc.a(_clear_bss.o)
                              obj_ad16/matrix.o (__do_clear_bss)
/usr/lib/gcc/avr/5.4.0/../../../avr/lib/avr35/libatmega32u2.a(eerd_byte.o)
                              obj_ad16/protocol/lufa/LUFA-git/LUFA/Drivers/USB/Core/AVR8/EndpointStream_AVR8.o (eeprom_read_byte)
/usr/lib/gcc/avr/5.4.0/../../../avr/lib/avr35/libatmega32u2.a(eerd_word.o)
                              obj_ad16/common/avr/eeconfig.o (eeprom_read_word)
/usr/lib/gcc/avr/5.4.0/../../../avr/lib/avr35/libatmega32u2.a(eeupd_byte.o)
                              obj_ad16/protocol/lufa/LUFA-git/LUFA/Drivers/USB/Core/AVR8/EndpointStream_AVR8.o (eeprom_update_byte)
/usr/lib/gcc/avr/5.4.0/../../../avr/lib/avr35/libatmega32u2.a(eewr_byte.o)
                              obj_ad16/common/avr/eeconfig.o (eeprom_write_byte)
/usr/lib/gcc/avr/5.4.0/../../../avr/lib/avr35/libatmega32u2.a(eewr_word.o)
                              obj_ad16/common/avr/eeconfig.o (eeprom_write_word)
/usr/lib/gcc/avr/5.4.0/../../../avr/lib/avr35/libatmega32u2.a(eerd_block.o)
                              /usr/lib/gcc/avr/5.4.0/../../../avr/lib/avr35/libatmega32u2.a(eerd_word.o) (eeprom_read_blraw)

Allocating common symbols
Common symbol       size              file

USB_IsInitialized   0x1               obj_ad16/protocol/lufa/LUFA-git/LUFA/Drivers/USB/Core/USBTask.o
keymap_config       0x1               obj_ad16/common/bootmagic.o
backlight_config    0x1               obj_ad16/common/backlight.o
USB_DeviceState     0x1               obj_ad16/protocol/lufa/LUFA-git/LUFA/Drivers/USB/Core/USBTask.o
USB_Device_ConfigurationNumber
                    0x1               obj_ad16/protocol/lufa/LUFA-git/LUFA/Drivers/USB/Core/DeviceStandardReq.o
USB_Device_CurrentlySelfPowered
                    0x1               obj_ad16/protocol/lufa/LUFA-git/LUFA/Drivers/USB/Core/DeviceStandardReq.o
USB_ControlRequest  0x8               obj_ad16/protocol/lufa/LUFA-git/LUFA/Drivers/USB/Core/USBTask.o
USB_Device_RemoteWakeupEnabled
                    0x1               obj_ad16/protocol/lufa/LUFA-git/LUFA/Drivers/USB/Core/DeviceStandardReq.o

Discarded input sections

 .data          0x0000000000000000        0x0 /usr/lib/gcc/avr/5.4.0/../../../avr/lib/avr35/crtatmega32u2.o
 .bss           0x0000000000000000        0x0 /usr/lib/gcc/avr/5.4.0/../../../avr/lib/avr35/crtatmega32u2.o
 .text          0x0000000000000000        0x0 obj_ad16/keymap.o
 .data          0x0000000000000000        0x0 obj_ad16/keymap.o
 .bss           0x0000000000000000        0x0 obj_ad16/keymap.o
 .text          0x0000000000000000        0x0 obj_ad16/matrix.o
 .data          0x0000000000000000        0x0 obj_ad16/matrix.o
 .bss           0x0000000000000000        0x0 obj_ad16/matrix.o
 .text.matrix_rows
                0x0000000000000000        0x4 obj_ad16/matrix.o
 .text.matrix_cols
                0x0000000000000000        0x4 obj_ad16/matrix.o
 .text.matrix_is_modified
                0x0000000000000000        0xc obj_ad16/matrix.o
 .text.matrix_is_on
                0x0000000000000000       0x2a obj_ad16/matrix.o
 .text.matrix_key_count
                0x0000000000000000       0x2c obj_ad16/matrix.o
 .text          0x0000000000000000        0x0 obj_ad16/backlight.o
 .data          0x0000000000000000        0x0 obj_ad16/backlight.o
 .bss           0x0000000000000000        0x0 obj_ad16/backlight.o
 .text          0x0000000000000000        0x0 obj_ad16/led.o
 .data          0x0000000000000000        0x0 obj_ad16/led.o
 .bss           0x0000000000000000        0x0 obj_ad16/led.o
 .text          0x0000000000000000        0x0 obj_ad16/protocol/lufa/lufa.o
 .data          0x0000000000000000        0x0 obj_ad16/protocol/lufa/lufa.o
 .bss           0x0000000000000000        0x0 obj_ad16/protocol/lufa/lufa.o
 .text.EVENT_USB_Device_Connect
                0x0000000000000000       0x1c obj_ad16/protocol/lufa/lufa.o
 .text.EVENT_USB_Device_Disconnect
                0x0000000000000000        0x6 obj_ad16/protocol/lufa/lufa.o
 .text.sendchar
                0x0000000000000000        0x4 obj_ad16/protocol/lufa/lufa.o
 .text          0x0000000000000000        0x0 obj_ad16/protocol/lufa/descriptor.o
 .data          0x0000000000000000        0x0 obj_ad16/protocol/lufa/descriptor.o
[...]
Memory Configuration

Name             Origin             Length             Attributes
text             0x0000000000000000 0x0000000000010000 xr
data             0x0000000000800060 0x000000000000ffa0 rw !x
eeprom           0x0000000000810000 0x0000000000010000 rw !x
fuse             0x0000000000820000 0x0000000000000003 rw !x
lock             0x0000000000830000 0x0000000000000400 rw !x
signature        0x0000000000840000 0x0000000000000400 rw !x
user_signatures  0x0000000000850000 0x0000000000000400 rw !x
*default*        0x0000000000000000 0xffffffffffffffff

Linker script and memory map

Address of section .data set to 0x800100
LOAD /usr/lib/gcc/avr/5.4.0/../../../avr/lib/avr35/crtatmega32u2.o
LOAD obj_ad16/keymap.o
LOAD obj_ad16/matrix.o
LOAD obj_ad16/backlight.o
LOAD obj_ad16/led.o
LOAD obj_ad16/protocol/lufa/lufa.o
LOAD obj_ad16/protocol/lufa/descriptor.o
LOAD obj_ad16/protocol/lufa/LUFA-git/LUFA/Drivers/USB/Class/Common/HIDParser.o
LOAD obj_ad16/protocol/lufa/LUFA-git/LUFA/Drivers/USB/Core/AVR8/Device_AVR8.o
LOAD obj_ad16/protocol/lufa/LUFA-git/LUFA/Drivers/USB/Core/AVR8/EndpointStream_AVR8.o
LOAD obj_ad16/protocol/lufa/LUFA-git/LUFA/Drivers/USB/Core/AVR8/Endpoint_AVR8.o
LOAD obj_ad16/protocol/lufa/LUFA-git/LUFA/Drivers/USB/Core/AVR8/Host_AVR8.o
LOAD obj_ad16/protocol/lufa/LUFA-git/LUFA/Drivers/USB/Core/AVR8/PipeStream_AVR8.o
LOAD obj_ad16/protocol/lufa/LUFA-git/LUFA/Drivers/USB/Core/AVR8/Pipe_AVR8.o
LOAD obj_ad16/protocol/lufa/LUFA-git/LUFA/Drivers/USB/Core/AVR8/USBController_AVR8.o
LOAD obj_ad16/protocol/lufa/LUFA-git/LUFA/Drivers/USB/Core/AVR8/USBInterrupt_AVR8.o
LOAD obj_ad16/protocol/lufa/LUFA-git/LUFA/Drivers/USB/Core/ConfigDescriptors.o
LOAD obj_ad16/protocol/lufa/LUFA-git/LUFA/Drivers/USB/Core/DeviceStandardReq.o
LOAD obj_ad16/protocol/lufa/LUFA-git/LUFA/Drivers/USB/Core/Events.o
LOAD obj_ad16/protocol/lufa/LUFA-git/LUFA/Drivers/USB/Core/HostStandardReq.o
LOAD obj_ad16/protocol/lufa/LUFA-git/LUFA/Drivers/USB/Core/USBTask.o
LOAD obj_ad16/common/host.o
LOAD obj_ad16/common/keyboard.o
LOAD obj_ad16/common/matrix.o
LOAD obj_ad16/common/action.o
LOAD obj_ad16/common/action_tapping.o
LOAD obj_ad16/common/action_macro.o
LOAD obj_ad16/common/action_layer.o
LOAD obj_ad16/common/action_util.o
LOAD obj_ad16/common/print.o
LOAD obj_ad16/common/debug.o
LOAD obj_ad16/common/util.o
LOAD obj_ad16/common/hook.o
LOAD obj_ad16/common/avr/suspend.o
LOAD obj_ad16/common/avr/xprintf.o
LOAD obj_ad16/common/avr/timer.o
LOAD obj_ad16/common/avr/bootloader.o
LOAD obj_ad16/common/keymap.o
LOAD obj_ad16/common/bootmagic.o
LOAD obj_ad16/common/avr/eeconfig.o
LOAD obj_ad16/common/backlight.o
LOAD /usr/lib/gcc/avr/5.4.0/../../../avr/lib/avr35/libm.a
START GROUP
LOAD /usr/lib/gcc/avr/5.4.0/avr35/libgcc.a
LOAD /usr/lib/gcc/avr/5.4.0/../../../avr/lib/avr35/libm.a
LOAD /usr/lib/gcc/avr/5.4.0/../../../avr/lib/avr35/libc.a
LOAD /usr/lib/gcc/avr/5.4.0/../../../avr/lib/avr35/libatmega32u2.a
END GROUP
                0x0000000000010000                __TEXT_REGION_LENGTH__ = DEFINED (__TEXT_REGION_LENGTH__)?__TEXT_REGION_LENGTH__:0x10000
                0x000000000000ffa0                __DATA_REGION_LENGTH__ = DEFINED (__DATA_REGION_LENGTH__)?__DATA_REGION_LENGTH__:0xffa0
                0x0000000000010000                __EEPROM_REGION_LENGTH__ = DEFINED (__EEPROM_REGION_LENGTH__)?__EEPROM_REGION_LENGTH__:0x10000
                [0x0000000000000003]                __FUSE_REGION_LENGTH__ = DEFINED (__FUSE_REGION_LENGTH__)?__FUSE_REGION_LENGTH__:0x400
                0x0000000000000400                __LOCK_REGION_LENGTH__ = DEFINED (__LOCK_REGION_LENGTH__)?__LOCK_REGION_LENGTH__:0x400
                0x0000000000000400                __SIGNATURE_REGION_LENGTH__ = DEFINED (__SIGNATURE_REGION_LENGTH__)?__SIGNATURE_REGION_LENGTH__:0x400
                0x0000000000000400                __USER_SIGNATURE_REGION_LENGTH__ = DEFINED (__USER_SIGNATURE_REGION_LENGTH__)?__USER_SIGNATURE_REGION_LENGTH__:0x400

.hash
 *(.hash)

.dynsym
 *(.dynsym)

.dynstr
 *(.dynstr)

.gnu.version
 *(.gnu.version)

.gnu.version_d
 *(.gnu.version_d)

.gnu.version_r
 *(.gnu.version_r)

.rel.init
 *(.rel.init)

.rela.init
 *(.rela.init)

.rel.text
 *(.rel.text)
 *(.rel.text.*)
 *(.rel.gnu.linkonce.t*)

.rela.text
 *(.rela.text)
 *(.rela.text.*)
 *(.rela.gnu.linkonce.t*)

.rel.fini
 *(.rel.fini)

.rela.fini
 *(.rela.fini)

.rel.rodata
 *(.rel.rodata)
 *(.rel.rodata.*)
 *(.rel.gnu.linkonce.r*)

.rela.rodata
 *(.rela.rodata)
 *(.rela.rodata.*)
 *(.rela.gnu.linkonce.r*)

.rel.data
 *(.rel.data)
 *(.rel.data.*)
 *(.rel.gnu.linkonce.d*)

.rela.data
 *(.rela.data)
 *(.rela.data.*)
 *(.rela.gnu.linkonce.d*)

.rel.ctors
 *(.rel.ctors)

.rela.ctors
 *(.rela.ctors)

.rel.dtors
 *(.rel.dtors)

.rela.dtors
 *(.rela.dtors)

.rel.got
 *(.rel.got)

.rela.got
 *(.rela.got)

.rel.bss
 *(.rel.bss)

.rela.bss
 *(.rela.bss)

.rel.plt
 *(.rel.plt)

.rela.plt
 *(.rela.plt)

.text           0x0000000000000000     0x341e
 *(.vectors)
 .vectors       0x0000000000000000       0x74 /usr/lib/gcc/avr/5.4.0/../../../avr/lib/avr35/crtatmega32u2.o
                0x0000000000000000                __vectors
                0x0000000000000000                __vector_default
 *(.vectors)
 *(.progmem.gcc*)
 .progmem.gcc_sw_table.USB_Device_ProcessControlRequest
                0x0000000000000074       0x14 obj_ad16/protocol/lufa/LUFA-git/LUFA/Drivers/USB/Core/DeviceStandardReq.o
 .progmem.gcc_sw_table.process_action
                0x0000000000000088       0x20 obj_ad16/common/action.o
                0x00000000000000a8                . = ALIGN (0x2)
                0x00000000000000a8                __trampolines_start = .
 *(.trampolines)
 .trampolines   0x00000000000000a8        0x0 linker stubs
 *(.trampolines*)
                0x00000000000000a8                __trampolines_end = .
 *libprintf_flt.a:*(.progmem.data)
 *libc.a:*(.progmem.data)
 *(.progmem*)
 .progmem.data.fn_actions
                0x00000000000000a8        0x4 obj_ad16/keymap.o
                0x00000000000000a8                fn_actions
 .progmem.data.keymaps
                0x00000000000000ac       0x20 obj_ad16/keymap.o
                0x00000000000000ac                keymaps
 .progmem.data.ProductString
                0x00000000000000cc       0x16 obj_ad16/protocol/lufa/descriptor.o
                0x00000000000000cc                ProductString
 .progmem.data.ManufacturerString
                0x00000000000000e2        0xc obj_ad16/protocol/lufa/descriptor.o
                0x00000000000000e2                ManufacturerString
 .progmem.data.LanguageString
                0x00000000000000ee        0x4 obj_ad16/protocol/lufa/descriptor.o
                0x00000000000000ee                LanguageString
 .progmem.data.ConfigurationDescriptor
                0x00000000000000f2       0x54 obj_ad16/protocol/lufa/descriptor.o
                0x00000000000000f2                ConfigurationDescriptor
 .progmem.data.DeviceDescriptor
                0x0000000000000146       0x12 obj_ad16/protocol/lufa/descriptor.o
                0x0000000000000146                DeviceDescriptor
 .progmem.data.NKROReport
                0x0000000000000158       0x39 obj_ad16/protocol/lufa/descriptor.o
                0x0000000000000158                NKROReport
 .progmem.data.ExtrakeyReport
                0x0000000000000191       0x36 obj_ad16/protocol/lufa/descriptor.o
                0x0000000000000191                ExtrakeyReport
 .progmem.data.KeyboardReport
                0x00000000000001c7       0x40 obj_ad16/protocol/lufa/descriptor.o
                0x00000000000001c7                KeyboardReport
                0x0000000000000208                . = ALIGN (0x2)
 *fill*         0x0000000000000207        0x1 
 *(.jumptables)
 *(.jumptables*)
 *(.lowtext)
 *(.lowtext*)
                0x0000000000000208                __ctors_start = .
 *(.ctors)
                0x0000000000000208                __ctors_end = .
                0x0000000000000208                __dtors_start = .
 *(.dtors)
                0x0000000000000208                __dtors_end = .
 SORT(*)(.ctors)
 SORT(*)(.dtors)
 *(.init0)
 .init0         0x0000000000000208        0x0 /usr/lib/gcc/avr/5.4.0/../../../avr/lib/avr35/crtatmega32u2.o
                0x0000000000000208                __init
 *(.init0)
 *(.init1)
 *(.init1)
 *(.init2)
 .init2         0x0000000000000208        0xc /usr/lib/gcc/avr/5.4.0/../../../avr/lib/avr35/crtatmega32u2.o
 *(.init2)
 *(.init3)
 .init3         0x0000000000000214       0x54 obj_ad16/common/avr/bootloader.o
                0x0000000000000214                bootloader_jump_after_watchdog_reset
 *(.init3)
 *(.init4)
 .init4         0x0000000000000268       0x16 /usr/lib/gcc/avr/5.4.0/avr35/libgcc.a(_copy_data.o)
                0x0000000000000268                __do_copy_data
 .init4         0x000000000000027e       0x10 /usr/lib/gcc/avr/5.4.0/avr35/libgcc.a(_clear_bss.o)
                0x000000000000027e                __do_clear_bss
 *(.init4)
 *(.init5)
 *(.init5)
 *(.init6)
 *(.init6)
 *(.init7)
 *(.init7)
 *(.init8)
 *(.init8)
 *(.init9)
 .init9         0x000000000000028e        0x8 /usr/lib/gcc/avr/5.4.0/../../../avr/lib/avr35/crtatmega32u2.o
 *(.init9)
 *(.text)
 .text          0x0000000000000296        0x4 /usr/lib/gcc/avr/5.4.0/../../../avr/lib/avr35/crtatmega32u2.o
                0x0000000000000296                __vector_22
                0x0000000000000296                __vector_28
                0x0000000000000296                __vector_1
                0x0000000000000296                __vector_24
                0x0000000000000296                __bad_interrupt
                0x0000000000000296                __vector_6
                0x0000000000000296                __vector_3
                0x0000000000000296                __vector_23
                0x0000000000000296                __vector_25
                0x0000000000000296                __vector_17
                0x0000000000000296                __vector_7
                0x0000000000000296                __vector_27
                0x0000000000000296                __vector_5
                0x0000000000000296                __vector_4
                0x0000000000000296                __vector_9
                0x0000000000000296                __vector_2
                0x0000000000000296                __vector_21
                0x0000000000000296                __vector_15
                0x0000000000000296                __vector_8
                0x0000000000000296                __vector_26
                0x0000000000000296                __vector_14
                0x0000000000000296                __vector_10
                0x0000000000000296                __vector_16
                0x0000000000000296                __vector_18
                0x0000000000000296                __vector_20
                0x000000000000029a                . = ALIGN (0x2)
 *(.text.*)
 .text.unselect_rows
                0x000000000000029a       0x1a obj_ad16/matrix.o
 .text.matrix_init
                0x00000000000002b4       0x40 obj_ad16/matrix.o
                0x00000000000002b4                matrix_init
 .text.matrix_scan
                0x00000000000002f4       0xd4 obj_ad16/matrix.o
                0x00000000000002f4                matrix_scan
 .text.matrix_get_row
                0x00000000000003c8        0xc obj_ad16/matrix.o
                0x00000000000003c8                matrix_get_row
 .text.matrix_print
                0x00000000000003d4        0x2 obj_ad16/matrix.o
                0x00000000000003d4                matrix_print
 .text.backlight_set
                0x00000000000003d6        0xe obj_ad16/backlight.o
                0x00000000000003d6                backlight_set
 .text.led_set  0x00000000000003e4        0x2 obj_ad16/led.o
                0x00000000000003e4                led_set
 .text.keyboard_leds
                0x00000000000003e6        0x6 obj_ad16/protocol/lufa/lufa.o
 .text.send_mouse
                0x00000000000003ec        0x2 obj_ad16/protocol/lufa/lufa.o
 .text.send_consumer
                0x00000000000003ee       0x68 obj_ad16/protocol/lufa/lufa.o
 .text.send_system
                0x0000000000000456       0x68 obj_ad16/protocol/lufa/lufa.o
 .text.send_keyboard
                0x00000000000004be       0xa4 obj_ad16/protocol/lufa/lufa.o
 .text.EVENT_USB_Device_Reset
                0x0000000000000562        0x2 obj_ad16/protocol/lufa/lufa.o
                0x0000000000000562                EVENT_USB_Device_Reset
 .text.EVENT_USB_Device_ConfigurationChanged
                0x0000000000000564       0x1e obj_ad16/protocol/lufa/lufa.o
                0x0000000000000564                EVENT_USB_Device_ConfigurationChanged
 .text.EVENT_USB_Device_ControlRequest
                0x0000000000000582      0x164 obj_ad16/protocol/lufa/lufa.o
                0x0000000000000582                EVENT_USB_Device_ControlRequest
 .text.hook_late_init
                0x00000000000006e6        0x2 obj_ad16/protocol/lufa/lufa.o
                0x00000000000006e6                hook_late_init
 .text.hook_early_init
                0x00000000000006e8        0x4 obj_ad16/protocol/lufa/lufa.o
                0x00000000000006e8                hook_early_init
 .text.hook_usb_suspend_entry
                0x00000000000006ec       0x1a obj_ad16/protocol/lufa/lufa.o
                0x00000000000006ec                hook_usb_suspend_entry
 .text.EVENT_USB_Device_Suspend
                0x0000000000000706        0x4 obj_ad16/protocol/lufa/lufa.o
                0x0000000000000706                EVENT_USB_Device_Suspend
 .text.hook_usb_suspend_loop
                0x000000000000070a       0x18 obj_ad16/protocol/lufa/lufa.o
                0x000000000000070a                hook_usb_suspend_loop
 .text.startup.main
                0x0000000000000722       0x8c obj_ad16/protocol/lufa/lufa.o
                0x0000000000000722                main
 .text.hook_usb_wakeup
                0x00000000000007ae        0xe obj_ad16/protocol/lufa/lufa.o
                0x00000000000007ae                hook_usb_wakeup
 .text.EVENT_USB_Device_WakeUp
                0x00000000000007bc        0x4 obj_ad16/protocol/lufa/lufa.o
                0x00000000000007bc                EVENT_USB_Device_WakeUp
 .text.CALLBACK_USB_GetDescriptor
                0x00000000000007c0       0xac obj_ad16/protocol/lufa/descriptor.o
                0x00000000000007c0                CALLBACK_USB_GetDescriptor
 .text.USB_Device_SendRemoteWakeup
                0x000000000000086c       0x2c obj_ad16/protocol/lufa/LUFA-git/LUFA/Drivers/USB/Core/AVR8/Device_AVR8.o
                0x000000000000086c                USB_Device_SendRemoteWakeup
 .text.Endpoint_Write_Stream_LE
                0x0000000000000898       0x96 obj_ad16/protocol/lufa/LUFA-git/LUFA/Drivers/USB/Core/AVR8/EndpointStream_AVR8.o
                0x0000000000000898                Endpoint_Write_Stream_LE
 .text.Endpoint_Write_Control_Stream_LE
                0x000000000000092e       0xb6 obj_ad16/protocol/lufa/LUFA-git/LUFA/Drivers/USB/Core/AVR8/EndpointStream_AVR8.o
                0x000000000000092e                Endpoint_Write_Control_Stream_LE
 .text.Endpoint_Write_Control_PStream_LE
                0x00000000000009e4       0xbc obj_ad16/protocol/lufa/LUFA-git/LUFA/Drivers/USB/Core/AVR8/EndpointStream_AVR8.o
                0x00000000000009e4                Endpoint_Write_Control_PStream_LE
 .text.Endpoint_ConfigureEndpoint_Prv
                0x0000000000000aa0       0x6a obj_ad16/protocol/lufa/LUFA-git/LUFA/Drivers/USB/Core/AVR8/Endpoint_AVR8.o
                0x0000000000000aa0                Endpoint_ConfigureEndpoint_Prv
 .text.Endpoint_ClearStatusStage
                0x0000000000000b0a       0x3e obj_ad16/protocol/lufa/LUFA-git/LUFA/Drivers/USB/Core/AVR8/Endpoint_AVR8.o
                0x0000000000000b0a                Endpoint_ClearStatusStage
 .text.Endpoint_WaitUntilReady
                0x0000000000000b48       0x66 obj_ad16/protocol/lufa/LUFA-git/LUFA/Drivers/USB/Core/AVR8/Endpoint_AVR8.o
                0x0000000000000b48                Endpoint_WaitUntilReady
 .text.USB_Disable
                0x0000000000000bae       0x2e obj_ad16/protocol/lufa/LUFA-git/LUFA/Drivers/USB/Core/AVR8/USBController_AVR8.o
                0x0000000000000bae                USB_Disable
 .text.USB_ResetInterface
                0x0000000000000bdc       0x78 obj_ad16/protocol/lufa/LUFA-git/LUFA/Drivers/USB/Core/AVR8/USBController_AVR8.o
                0x0000000000000bdc                USB_ResetInterface
 .text.USB_Init
                0x0000000000000c54       0x14 obj_ad16/protocol/lufa/LUFA-git/LUFA/Drivers/USB/Core/AVR8/USBController_AVR8.o
                0x0000000000000c54                USB_Init
 .text.USB_INT_DisableAllInterrupts
                0x0000000000000c68        0x6 obj_ad16/protocol/lufa/LUFA-git/LUFA/Drivers/USB/Core/AVR8/USBInterrupt_AVR8.o
                0x0000000000000c68                USB_INT_DisableAllInterrupts
 .text.USB_INT_ClearAllInterrupts
                0x0000000000000c6e        0x6 obj_ad16/protocol/lufa/LUFA-git/LUFA/Drivers/USB/Core/AVR8/USBInterrupt_AVR8.o
                0x0000000000000c6e                USB_INT_ClearAllInterrupts
 .text.__vector_11
                0x0000000000000c74      0x15e obj_ad16/protocol/lufa/LUFA-git/LUFA/Drivers/USB/Core/AVR8/USBInterrupt_AVR8.o
                0x0000000000000c74                __vector_11
 .text.__vector_12
                0x0000000000000dd2       0x88 obj_ad16/protocol/lufa/LUFA-git/LUFA/Drivers/USB/Core/AVR8/USBInterrupt_AVR8.o
                0x0000000000000dd2                __vector_12
 .text.USB_Device_ProcessControlRequest
                0x0000000000000e5a      0x2ac obj_ad16/protocol/lufa/LUFA-git/LUFA/Drivers/USB/Core/DeviceStandardReq.o
                0x0000000000000e5a                USB_Device_ProcessControlRequest
 .text.USB_Event_Stub
                0x0000000000001106        0x2 obj_ad16/protocol/lufa/LUFA-git/LUFA/Drivers/USB/Core/Events.o
                0x0000000000001106                USB_Event_Stub
                0x0000000000001106                EVENT_USB_Device_StartOfFrame
 .text.host_set_driver
                0x0000000000001108        0xa obj_ad16/common/host.o
                0x0000000000001108                host_set_driver
 .text.host_keyboard_leds
                0x0000000000001112       0x18 obj_ad16/common/host.o
                0x0000000000001112                host_keyboard_leds
 .text.host_keyboard_send
                0x000000000000112a       0x16 obj_ad16/common/host.o
                0x000000000000112a                host_keyboard_send
 .text.host_system_send
                0x0000000000001140       0x2c obj_ad16/common/host.o
                0x0000000000001140                host_system_send
 .text.host_consumer_send
                0x000000000000116c       0x2c obj_ad16/common/host.o
                0x000000000000116c                host_consumer_send
 .text.keyboard_setup
                0x0000000000001198        0x4 obj_ad16/common/keyboard.o
                0x0000000000001198                keyboard_setup
 .text.keyboard_init
                0x000000000000119c       0x10 obj_ad16/common/keyboard.o
                0x000000000000119c                keyboard_init
 .text.keyboard_task
                0x00000000000011ac      0x11a obj_ad16/common/keyboard.o
                0x00000000000011ac                keyboard_task
 .text.keyboard_set_leds
                0x00000000000012c6        0x4 obj_ad16/common/keyboard.o
                0x00000000000012c6                keyboard_set_leds
 .text.matrix_clear
                0x00000000000012ca        0x2 obj_ad16/common/matrix.o
                0x00000000000012ca                matrix_clear
 .text.matrix_setup
                0x00000000000012cc        0x2 obj_ad16/common/matrix.o
                0x00000000000012cc                matrix_setup
 .text.matrix_power_up
                0x00000000000012ce        0x2 obj_ad16/common/matrix.o
                0x00000000000012ce                matrix_power_up
 .text.matrix_power_down
                0x00000000000012d0        0x2 obj_ad16/common/matrix.o
                0x00000000000012d0                matrix_power_down
 .text.action_exec
                0x00000000000012d2       0x8c obj_ad16/common/action.o
                0x00000000000012d2                action_exec
 .text.register_code
                0x000000000000135e      0x1c6 obj_ad16/common/action.o
                0x000000000000135e                register_code
 .text.unregister_code
                0x0000000000001524       0xd4 obj_ad16/common/action.o
                0x0000000000001524                unregister_code
 .text.register_mods
                0x00000000000015f8        0xe obj_ad16/common/action.o
                0x00000000000015f8                register_mods
 .text.unregister_mods
                0x0000000000001606        0xe obj_ad16/common/action.o
                0x0000000000001606                unregister_mods
 .text.process_action
                0x0000000000001614      0x682 obj_ad16/common/action.o
                0x0000000000001614                process_action
 .text.clear_keyboard_but_mods
                0x0000000000001c96       0x1c obj_ad16/common/action.o
                0x0000000000001c96                clear_keyboard_but_mods
 .text.clear_keyboard
                0x0000000000001cb2        0x8 obj_ad16/common/action.o
                0x0000000000001cb2                clear_keyboard
 .text.is_tap_key
                0x0000000000001cba       0xbc obj_ad16/common/action.o
                0x0000000000001cba                is_tap_key
 .text.debug_event
                0x0000000000001d76       0x1e obj_ad16/common/action.o
                0x0000000000001d76                debug_event
 .text.debug_record
                0x0000000000001d94       0x20 obj_ad16/common/action.o
                0x0000000000001d94                debug_record
 .text.debug_waiting_buffer
                0x0000000000001db4       0x3e obj_ad16/common/action_tapping.o
 .text.debug_tapping_key
                0x0000000000001df2       0x1c obj_ad16/common/action_tapping.o
 .text.waiting_buffer_scan_tap
                0x0000000000001e0e       0xe6 obj_ad16/common/action_tapping.o
 .text.process_tapping
                0x0000000000001ef4      0x3fa obj_ad16/common/action_tapping.o
 .text.action_tapping_process
                0x00000000000022ee      0x166 obj_ad16/common/action_tapping.o
                0x00000000000022ee                action_tapping_process
 .text.action_macro_play
                0x0000000000002454      0x136 obj_ad16/common/action_macro.o
                0x0000000000002454                action_macro_play
 .text.layer_state_set
                0x000000000000258a       0x14 obj_ad16/common/action_layer.o
 .text.default_layer_debug
                0x000000000000259e        0x2 obj_ad16/common/action_layer.o
                0x000000000000259e                default_layer_debug
 .text.default_layer_set
                0x00000000000025a0       0x14 obj_ad16/common/action_layer.o
                0x00000000000025a0                default_layer_set
 .text.default_layer_or
                0x00000000000025b4       0x34 obj_ad16/common/action_layer.o
                0x00000000000025b4                default_layer_or
 .text.default_layer_and
                0x00000000000025e8       0x34 obj_ad16/common/action_layer.o
                0x00000000000025e8                default_layer_and
 .text.default_layer_xor
                0x000000000000261c       0x34 obj_ad16/common/action_layer.o
                0x000000000000261c                default_layer_xor
 .text.layer_clear
                0x0000000000002650        0xa obj_ad16/common/action_layer.o
                0x0000000000002650                layer_clear
 .text.layer_move
                0x000000000000265a       0x2a obj_ad16/common/action_layer.o
                0x000000000000265a                layer_move
 .text.layer_on
                0x0000000000002684       0x42 obj_ad16/common/action_layer.o
                0x0000000000002684                layer_on
 .text.layer_off
                0x00000000000026c6       0x4a obj_ad16/common/action_layer.o
                0x00000000000026c6                layer_off
 .text.layer_invert
                0x0000000000002710       0x42 obj_ad16/common/action_layer.o
                0x0000000000002710                layer_invert
 .text.layer_or
                0x0000000000002752       0x24 obj_ad16/common/action_layer.o
                0x0000000000002752                layer_or
 .text.layer_and
                0x0000000000002776       0x24 obj_ad16/common/action_layer.o
                0x0000000000002776                layer_and
 .text.layer_xor
                0x000000000000279a       0x24 obj_ad16/common/action_layer.o
                0x000000000000279a                layer_xor
 .text.layer_debug
                0x00000000000027be        0x2 obj_ad16/common/action_layer.o
                0x00000000000027be                layer_debug
 .text.layer_switch_get_action
                0x00000000000027c0      0x112 obj_ad16/common/action_layer.o
                0x00000000000027c0                layer_switch_get_action
 .text.add_key  0x00000000000028d2       0x7e obj_ad16/common/action_util.o
                0x00000000000028d2                add_key
 .text.del_key  0x0000000000002950       0x66 obj_ad16/common/action_util.o
                0x0000000000002950                del_key
 .text.clear_keys
                0x00000000000029b6       0x1c obj_ad16/common/action_util.o
                0x00000000000029b6                clear_keys
 .text.get_mods
                0x00000000000029d2        0x6 obj_ad16/common/action_util.o
                0x00000000000029d2                get_mods
 .text.add_mods
                0x00000000000029d8        0xc obj_ad16/common/action_util.o
                0x00000000000029d8                add_mods
 .text.del_mods
                0x00000000000029e4        0xe obj_ad16/common/action_util.o
                0x00000000000029e4                del_mods
 .text.set_mods
                0x00000000000029f2        0x6 obj_ad16/common/action_util.o
                0x00000000000029f2                set_mods
 .text.clear_mods
                0x00000000000029f8        0x6 obj_ad16/common/action_util.o
                0x00000000000029f8                clear_mods
 .text.add_weak_mods
                0x00000000000029fe        0xc obj_ad16/common/action_util.o
                0x00000000000029fe                add_weak_mods
 .text.del_weak_mods
                0x0000000000002a0a        0xe obj_ad16/common/action_util.o
                0x0000000000002a0a                del_weak_mods
 .text.clear_weak_mods
                0x0000000000002a18        0x6 obj_ad16/common/action_util.o
                0x0000000000002a18                clear_weak_mods
 .text.set_oneshot_mods
                0x0000000000002a1e        0x6 obj_ad16/common/action_util.o
                0x0000000000002a1e                set_oneshot_mods
 .text.clear_oneshot_mods
                0x0000000000002a24        0x6 obj_ad16/common/action_util.o
                0x0000000000002a24                clear_oneshot_mods
 .text.has_anykey
                0x0000000000002a2a       0x22 obj_ad16/common/action_util.o
                0x0000000000002a2a                has_anykey
 .text.send_keyboard_report
                0x0000000000002a4c       0x4c obj_ad16/common/action_util.o
                0x0000000000002a4c                send_keyboard_report
 .text.hook_keyboard_loop
                0x0000000000002a98        0x2 obj_ad16/common/hook.o
                0x0000000000002a98                hook_keyboard_loop
 .text.hook_matrix_change
                0x0000000000002a9a       0x1e obj_ad16/common/hook.o
                0x0000000000002a9a                hook_matrix_change
 .text.hook_default_layer_change
                0x0000000000002ab8        0x2 obj_ad16/common/hook.o
                0x0000000000002ab8                hook_default_layer_change
 .text.hook_layer_change
                0x0000000000002aba        0x2 obj_ad16/common/hook.o
                0x0000000000002aba                hook_layer_change
 .text.hook_keyboard_leds_change
                0x0000000000002abc        0x4 obj_ad16/common/hook.o
                0x0000000000002abc                hook_keyboard_leds_change
 .text.hook_bootmagic
                0x0000000000002ac0        0x2 obj_ad16/common/hook.o
                0x0000000000002ac0                hook_bootmagic
 .text.suspend_power_down
                0x0000000000002ac2       0x52 obj_ad16/common/avr/suspend.o
                0x0000000000002ac2                suspend_power_down
 .text.suspend_wakeup_condition
                0x0000000000002b14       0x28 obj_ad16/common/avr/suspend.o
                0x0000000000002b14                suspend_wakeup_condition
 .text.suspend_wakeup_init
                0x0000000000002b3c        0xc obj_ad16/common/avr/suspend.o
                0x0000000000002b3c                suspend_wakeup_init
 .text.__vector_13
                0x0000000000002b48       0x52 obj_ad16/common/avr/suspend.o
                0x0000000000002b48                __vector_13
 .text.timer_init
                0x0000000000002b9a       0x12 obj_ad16/common/avr/timer.o
                0x0000000000002b9a                timer_init
 .text.timer_read
                0x0000000000002bac       0x18 obj_ad16/common/avr/timer.o
                0x0000000000002bac                timer_read
 .text.__vector_19
                0x0000000000002bc4       0x4a obj_ad16/common/avr/timer.o
                0x0000000000002bc4                __vector_19
 .text.bootloader_jump
                0x0000000000002c0e       0x44 obj_ad16/common/avr/bootloader.o
                0x0000000000002c0e                bootloader_jump
 .text.keycode_to_action
                0x0000000000002c52      0x128 obj_ad16/common/keymap.o
 .text.action_get_macro
                0x0000000000002d7a        0x6 obj_ad16/common/keymap.o
                0x0000000000002d7a                action_get_macro
 .text.action_function
                0x0000000000002d80        0x2 obj_ad16/common/keymap.o
                0x0000000000002d80                action_function
 .text.keymap_key_to_keycode
                0x0000000000002d82       0x24 obj_ad16/common/keymap.o
                0x0000000000002d82                keymap_key_to_keycode
 .text.keymap_fn_to_action
                0x0000000000002da6       0x12 obj_ad16/common/keymap.o
                0x0000000000002da6                keymap_fn_to_action
 .text.action_for_key
                0x0000000000002db8       0xe6 obj_ad16/common/keymap.o
                0x0000000000002db8                action_for_key
 .text.scan_key
                0x0000000000002e9e       0x7e obj_ad16/common/bootmagic.o
 .text.bootmagic_scan_key
                0x0000000000002f1c       0x24 obj_ad16/common/bootmagic.o
                0x0000000000002f1c                bootmagic_scan_key
 .text.bootmagic
                0x0000000000002f40      0x28c obj_ad16/common/bootmagic.o
                0x0000000000002f40                bootmagic
 .text.eeconfig_init
                0x00000000000031cc       0x3e obj_ad16/common/avr/eeconfig.o
                0x00000000000031cc                eeconfig_init
 .text.eeconfig_is_enabled
                0x000000000000320a       0x16 obj_ad16/common/avr/eeconfig.o
                0x000000000000320a                eeconfig_is_enabled
 .text.eeconfig_read_debug
                0x0000000000003220        0x8 obj_ad16/common/avr/eeconfig.o
                0x0000000000003220                eeconfig_read_debug
 .text.eeconfig_write_debug
                0x0000000000003228        0xa obj_ad16/common/avr/eeconfig.o
                0x0000000000003228                eeconfig_write_debug
 .text.eeconfig_read_default_layer
                0x0000000000003232        0x8 obj_ad16/common/avr/eeconfig.o
                0x0000000000003232                eeconfig_read_default_layer
 .text.eeconfig_write_default_layer
                0x000000000000323a        0xa obj_ad16/common/avr/eeconfig.o
                0x000000000000323a                eeconfig_write_default_layer
 .text.eeconfig_read_keymap
                0x0000000000003244        0x8 obj_ad16/common/avr/eeconfig.o
                0x0000000000003244                eeconfig_read_keymap
 .text.eeconfig_write_keymap
                0x000000000000324c        0xa obj_ad16/common/avr/eeconfig.o
                0x000000000000324c                eeconfig_write_keymap
 .text.eeconfig_read_backlight
                0x0000000000003256        0x8 obj_ad16/common/avr/eeconfig.o
                0x0000000000003256                eeconfig_read_backlight
 .text.eeconfig_write_backlight
                0x000000000000325e        0xa obj_ad16/common/avr/eeconfig.o
                0x000000000000325e                eeconfig_write_backlight
 .text.backlight_init
                0x0000000000003268       0x22 obj_ad16/common/backlight.o
                0x0000000000003268                backlight_init
 .text.backlight_increase
                0x000000000000328a       0x22 obj_ad16/common/backlight.o
                0x000000000000328a                backlight_increase
 .text.backlight_decrease
                0x00000000000032ac       0x38 obj_ad16/common/backlight.o
                0x00000000000032ac                backlight_decrease
 .text.backlight_toggle
                0x00000000000032e4       0x26 obj_ad16/common/backlight.o
                0x00000000000032e4                backlight_toggle
 .text.backlight_step
                0x000000000000330a       0x46 obj_ad16/common/backlight.o
                0x000000000000330a                backlight_step
 .text.backlight_level
                0x0000000000003350       0x3a obj_ad16/common/backlight.o
                0x0000000000003350                backlight_level
 .text.libgcc.mul
                0x000000000000338a       0x22 /usr/lib/gcc/avr/5.4.0/avr35/libgcc.a(_mulhi3.o)
                0x000000000000338a                __mulhi3
 .text.libgcc   0x00000000000033ac        0xc /usr/lib/gcc/avr/5.4.0/avr35/libgcc.a(_tablejump2.o)
                0x00000000000033ac                __tablejump2__
 .text.avr-libc
                0x00000000000033b8       0x10 /usr/lib/gcc/avr/5.4.0/../../../avr/lib/avr35/libatmega32u2.a(eerd_byte.o)
                0x00000000000033b8                eeprom_read_byte
 .text.avr-libc
                0x00000000000033c8        0xc /usr/lib/gcc/avr/5.4.0/../../../avr/lib/avr35/libatmega32u2.a(eerd_word.o)
                0x00000000000033c8                eeprom_read_word
 .text.avr-libc
                0x00000000000033d4       0x1c /usr/lib/gcc/avr/5.4.0/../../../avr/lib/avr35/libatmega32u2.a(eewr_byte.o)
                0x00000000000033d4                eeprom_write_byte
                0x00000000000033d6                eeprom_write_r18
 .text.avr-libc
                0x00000000000033f0        0xa /usr/lib/gcc/avr/5.4.0/../../../avr/lib/avr35/libatmega32u2.a(eewr_word.o)
                0x00000000000033f0                eeprom_write_word
 .text.avr-libc
                0x00000000000033fa       0x20 /usr/lib/gcc/avr/5.4.0/../../../avr/lib/avr35/libatmega32u2.a(eerd_block.o)
                0x00000000000033fa                eeprom_read_block
                0x00000000000033fe                eeprom_read_blraw
                0x000000000000341a                . = ALIGN (0x2)
 *(.fini9)
 .fini9         0x000000000000341a        0x0 /usr/lib/gcc/avr/5.4.0/avr35/libgcc.a(_exit.o)
                0x000000000000341a                exit
                0x000000000000341a                _exit
 *(.fini9)
 *(.fini8)
 *(.fini8)
 *(.fini7)
 *(.fini7)
 *(.fini6)
 *(.fini6)
 *(.fini5)
 *(.fini5)
 *(.fini4)
 *(.fini4)
 *(.fini3)
 *(.fini3)
 *(.fini2)
 *(.fini2)
 *(.fini1)
 *(.fini1)
 *(.fini0)
 .fini0         0x000000000000341a        0x4 /usr/lib/gcc/avr/5.4.0/avr35/libgcc.a(_exit.o)
 *(.fini0)
                0x000000000000341e                _etext = .

.data           0x0000000000800100       0x1e load address 0x000000000000341e
                0x0000000000800100                PROVIDE (__data_start, .)
 *(.data)
 *(.data*)
 .data.debouncing
                0x0000000000800100        0x1 obj_ad16/matrix.o
 .data.lufa_driver
                0x0000000000800101        0xa obj_ad16/protocol/lufa/lufa.o
                0x0000000000800101                lufa_driver
 .data.keyboard_protocol
                0x000000000080010b        0x1 obj_ad16/protocol/lufa/lufa.o
                0x000000000080010b                keyboard_protocol
 .data.keyboard_nkro
                0x000000000080010c        0x1 obj_ad16/common/host.o
                0x000000000080010c                keyboard_nkro
 .data.keyboard_report
                0x000000000080010d        0x2 obj_ad16/common/action_util.o
                0x000000000080010d                keyboard_report
 *(.rodata)
 *(.rodata*)
 .rodata.CSWTCH.3
                0x000000000080010f        0x3 obj_ad16/protocol/lufa/descriptor.o
 .rodata.CSWTCH.2
                0x0000000000800112        0x6 obj_ad16/protocol/lufa/descriptor.o
 .rodata.CSWTCH.1
                0x0000000000800118        0x6 obj_ad16/protocol/lufa/descriptor.o
 *(.gnu.linkonce.d*)
                0x000000000080011e                . = ALIGN (0x2)
                0x000000000080011e                _edata = .
                0x000000000080011e                PROVIDE (__data_end, .)

.bss            0x000000000080011e       0xbe
                0x000000000080011e                PROVIDE (__bss_start, .)
 *(.bss)
 *(.bss*)
 .bss.matrix_debouncing
                0x000000000080011e        0x4 obj_ad16/matrix.o
 .bss.matrix    0x0000000000800122        0x4 obj_ad16/matrix.o
 .bss._led_stats
                0x0000000000800126        0x1 obj_ad16/protocol/lufa/lufa.o
 .bss.keyboard_report_sent
                0x0000000000800127       0x20 obj_ad16/protocol/lufa/lufa.o
 .bss.keyboard_led_stats
                0x0000000000800147        0x1 obj_ad16/protocol/lufa/lufa.o
 .bss.keyboard_idle
                0x0000000000800148        0x1 obj_ad16/protocol/lufa/lufa.o
                0x0000000000800148                keyboard_idle
 .bss.last_consumer_report
                0x0000000000800149        0x2 obj_ad16/common/host.o
 .bss.last_system_report
                0x000000000080014b        0x2 obj_ad16/common/host.o
 .bss.driver    0x000000000080014d        0x2 obj_ad16/common/host.o
 .bss.led_status.4900
                0x000000000080014f        0x1 obj_ad16/common/keyboard.o
 .bss.matrix_prev.4899
                0x0000000000800150        0x4 obj_ad16/common/keyboard.o
 .bss.waiting_buffer_tail
                0x0000000000800154        0x1 obj_ad16/common/action_tapping.o
 .bss.waiting_buffer_head
                0x0000000000800155        0x1 obj_ad16/common/action_tapping.o
 .bss.waiting_buffer
                0x0000000000800156       0x30 obj_ad16/common/action_tapping.o
 .bss.tapping_key
                0x0000000000800186        0x6 obj_ad16/common/action_tapping.o
 .bss.layer_pressed
                0x000000000080018c       0x10 obj_ad16/common/action_layer.o
 .bss.layer_state
                0x000000000080019c        0x4 obj_ad16/common/action_layer.o
                0x000000000080019c                layer_state
 .bss.default_layer_state
                0x00000000008001a0        0x4 obj_ad16/common/action_layer.o
                0x00000000008001a0                default_layer_state
 .bss.oneshot_mods
                0x00000000008001a4        0x1 obj_ad16/common/action_util.o
 .bss.__compound_literal.0
                0x00000000008001a5       0x20 obj_ad16/common/action_util.o
 .bss.weak_mods
                0x00000000008001c5        0x1 obj_ad16/common/action_util.o
 .bss.real_mods
                0x00000000008001c6        0x1 obj_ad16/common/action_util.o
 .bss.debug_config
                0x00000000008001c7        0x1 obj_ad16/common/debug.o
                0x00000000008001c7                debug_config
 .bss.wdt_timeout
                0x00000000008001c8        0x1 obj_ad16/common/avr/suspend.o
 .bss.timer_count
                0x00000000008001c9        0x4 obj_ad16/common/avr/timer.o
                0x00000000008001c9                timer_count
 *(COMMON)
 COMMON         0x00000000008001cd        0x3 obj_ad16/protocol/lufa/LUFA-git/LUFA/Drivers/USB/Core/DeviceStandardReq.o
                0x00000000008001cd                USB_Device_ConfigurationNumber
                0x00000000008001ce                USB_Device_CurrentlySelfPowered
                0x00000000008001cf                USB_Device_RemoteWakeupEnabled
 COMMON         0x00000000008001d0        0xa obj_ad16/protocol/lufa/LUFA-git/LUFA/Drivers/USB/Core/USBTask.o
                0x00000000008001d0                USB_IsInitialized
                0x00000000008001d1                USB_DeviceState
                0x00000000008001d2                USB_ControlRequest
 COMMON         0x00000000008001da        0x1 obj_ad16/common/bootmagic.o
                0x00000000008001da                keymap_config
 COMMON         0x00000000008001db        0x1 obj_ad16/common/backlight.o
                0x00000000008001db                backlight_config
                0x00000000008001dc                PROVIDE (__bss_end, .)
                0x000000000000341e                __data_load_start = LOADADDR (.data)
                0x000000000000343c                __data_load_end = (__data_load_start + SIZEOF (.data))

.noinit         0x00000000008001dc        0x4
                [!provide]                        PROVIDE (__noinit_start, .)
 *(.noinit*)
 .noinit        0x00000000008001dc        0x4 obj_ad16/common/avr/bootloader.o
                0x00000000008001dc                reset_key
                [!provide]                        PROVIDE (__noinit_end, .)
                0x00000000008001e0                _end = .
                [!provide]                        PROVIDE (__heap_start, .)

.eeprom         0x0000000000810000        0x0
 *(.eeprom*)
                0x0000000000810000                __eeprom_end = .

.fuse
 *(.fuse)
 *(.lfuse)
 *(.hfuse)
 *(.efuse)

.lock
 *(.lock*)

.signature
 *(.signature*)

.user_signatures
 *(.user_signatures*)

.stab
 *(.stab)

.stabstr        0x0000000000000000       0x73
 *(.stabstr)
 .stabstr       0x0000000000000000       0x73 obj_ad16/common/avr/xprintf.o

.stab.excl
 *(.stab.excl)

.stab.exclstr
 *(.stab.exclstr)

.stab.index
 *(.stab.index)

.stab.indexstr
 *(.stab.indexstr)

.comment        0x0000000000000000       0x11
 *(.comment)
 .comment       0x0000000000000000       0x11 obj_ad16/keymap.o
                                         0x12 (size before relaxing)
 .comment       0x0000000000000011       0x12 obj_ad16/matrix.o
 .comment       0x0000000000000011       0x12 obj_ad16/backlight.o
 .comment       0x0000000000000011       0x12 obj_ad16/led.o
 .comment       0x0000000000000011       0x12 obj_ad16/protocol/lufa/lufa.o
 .comment       0x0000000000000011       0x12 obj_ad16/protocol/lufa/descriptor.o
 .comment       0x0000000000000011       0x12 obj_ad16/protocol/lufa/LUFA-git/LUFA/Drivers/USB/Core/AVR8/Device_AVR8.o
 .comment       0x0000000000000011       0x12 obj_ad16/protocol/lufa/LUFA-git/LUFA/Drivers/USB/Core/AVR8/EndpointStream_AVR8.o
 .comment       0x0000000000000011       0x12 obj_ad16/protocol/lufa/LUFA-git/LUFA/Drivers/USB/Core/AVR8/Endpoint_AVR8.o
 .comment       0x0000000000000011       0x12 obj_ad16/protocol/lufa/LUFA-git/LUFA/Drivers/USB/Core/AVR8/USBController_AVR8.o
 .comment       0x0000000000000011       0x12 obj_ad16/protocol/lufa/LUFA-git/LUFA/Drivers/USB/Core/AVR8/USBInterrupt_AVR8.o
 .comment       0x0000000000000011       0x12 obj_ad16/protocol/lufa/LUFA-git/LUFA/Drivers/USB/Core/DeviceStandardReq.o
 .comment       0x0000000000000011       0x12 obj_ad16/protocol/lufa/LUFA-git/LUFA/Drivers/USB/Core/Events.o
 .comment       0x0000000000000011       0x12 obj_ad16/protocol/lufa/LUFA-git/LUFA/Drivers/USB/Core/USBTask.o
 .comment       0x0000000000000011       0x12 obj_ad16/common/host.o
 .comment       0x0000000000000011       0x12 obj_ad16/common/keyboard.o
 .comment       0x0000000000000011       0x12 obj_ad16/common/matrix.o
 .comment       0x0000000000000011       0x12 obj_ad16/common/action.o
 .comment       0x0000000000000011       0x12 obj_ad16/common/action_tapping.o
 .comment       0x0000000000000011       0x12 obj_ad16/common/action_macro.o
 .comment       0x0000000000000011       0x12 obj_ad16/common/action_layer.o
 .comment       0x0000000000000011       0x12 obj_ad16/common/action_util.o
 .comment       0x0000000000000011       0x12 obj_ad16/common/debug.o
 .comment       0x0000000000000011       0x12 obj_ad16/common/hook.o
 .comment       0x0000000000000011       0x12 obj_ad16/common/avr/suspend.o
 .comment       0x0000000000000011       0x12 obj_ad16/common/avr/timer.o
 .comment       0x0000000000000011       0x12 obj_ad16/common/avr/bootloader.o
 .comment       0x0000000000000011       0x12 obj_ad16/common/keymap.o
 .comment       0x0000000000000011       0x12 obj_ad16/common/bootmagic.o
 .comment       0x0000000000000011       0x12 obj_ad16/common/avr/eeconfig.o
 .comment       0x0000000000000011       0x12 obj_ad16/common/backlight.o

.note.gnu.avr.deviceinfo
                0x0000000000000000       0x40
 .note.gnu.avr.deviceinfo
                0x0000000000000000       0x40 /usr/lib/gcc/avr/5.4.0/../../../avr/lib/avr35/crtatmega32u2.o

.note.gnu.build-id
 *(.note.gnu.build-id)

.debug
 *(.debug)

.line
 *(.line)

.debug_srcinfo
 *(.debug_srcinfo)

.debug_sfnames
 *(.debug_sfnames)

.debug_aranges  0x0000000000000000      0x898
 *(.debug_aranges)
 .debug_aranges
                0x0000000000000000       0x18 obj_ad16/keymap.o
 .debug_aranges
                0x0000000000000018       0x60 obj_ad16/matrix.o
 .debug_aranges
                0x0000000000000078       0x20 obj_ad16/backlight.o
 .debug_aranges
                0x0000000000000098       0x20 obj_ad16/led.o
 .debug_aranges
                0x00000000000000b8       0xa8 obj_ad16/protocol/lufa/lufa.o
 .debug_aranges
                0x0000000000000160       0x20 obj_ad16/protocol/lufa/descriptor.o
 .debug_aranges
                0x0000000000000180       0x20 obj_ad16/protocol/lufa/LUFA-git/LUFA/Drivers/USB/Core/AVR8/Device_AVR8.o
 .debug_aranges
                0x00000000000001a0       0xc8 obj_ad16/protocol/lufa/LUFA-git/LUFA/Drivers/USB/Core/AVR8/EndpointStream_AVR8.o
 .debug_aranges
                0x0000000000000268       0x40 obj_ad16/protocol/lufa/LUFA-git/LUFA/Drivers/USB/Core/AVR8/Endpoint_AVR8.o
 .debug_aranges
                0x00000000000002a8       0x30 obj_ad16/protocol/lufa/LUFA-git/LUFA/Drivers/USB/Core/AVR8/USBController_AVR8.o
 .debug_aranges
                0x00000000000002d8       0x38 obj_ad16/protocol/lufa/LUFA-git/LUFA/Drivers/USB/Core/AVR8/USBInterrupt_AVR8.o
 .debug_aranges
                0x0000000000000310       0x20 obj_ad16/protocol/lufa/LUFA-git/LUFA/Drivers/USB/Core/DeviceStandardReq.o
 .debug_aranges
                0x0000000000000330       0x20 obj_ad16/protocol/lufa/LUFA-git/LUFA/Drivers/USB/Core/Events.o
 .debug_aranges
                0x0000000000000350       0x20 obj_ad16/protocol/lufa/LUFA-git/LUFA/Drivers/USB/Core/USBTask.o
 .debug_aranges
                0x0000000000000370       0x60 obj_ad16/common/host.o
 .debug_aranges
                0x00000000000003d0       0x38 obj_ad16/common/keyboard.o
 .debug_aranges
                0x0000000000000408       0x30 obj_ad16/common/matrix.o
 .debug_aranges
                0x0000000000000438       0x80 obj_ad16/common/action.o
 .debug_aranges
                0x00000000000004b8       0x40 obj_ad16/common/action_tapping.o
 .debug_aranges
                0x00000000000004f8       0x20 obj_ad16/common/action_macro.o
 .debug_aranges
                0x0000000000000518       0x90 obj_ad16/common/action_layer.o
 .debug_aranges
                0x00000000000005a8       0xb0 obj_ad16/common/action_util.o
 .debug_aranges
                0x0000000000000658       0x18 obj_ad16/common/debug.o
 .debug_aranges
                0x0000000000000670       0x38 obj_ad16/common/hook.o
 .debug_aranges
                0x00000000000006a8       0x40 obj_ad16/common/avr/suspend.o
 .debug_aranges
                0x00000000000006e8       0x50 obj_ad16/common/avr/timer.o
 .debug_aranges
                0x0000000000000738       0x28 obj_ad16/common/avr/bootloader.o
 .debug_aranges
                0x0000000000000760       0x48 obj_ad16/common/keymap.o
 .debug_aranges
                0x00000000000007a8       0x30 obj_ad16/common/bootmagic.o
 .debug_aranges
                0x00000000000007d8       0x78 obj_ad16/common/avr/eeconfig.o
 .debug_aranges
                0x0000000000000850       0x48 obj_ad16/common/backlight.o

.debug_pubnames
 *(.debug_pubnames)

.debug_info     0x0000000000000000     0xde37
 *(.debug_info .gnu.linkonce.wi.*)
 .debug_info    0x0000000000000000      0x6ba /usr/lib/gcc/avr/5.4.0/../../../avr/lib/avr35/crtatmega32u2.o
 .debug_info    0x00000000000006ba      0xb6d obj_ad16/keymap.o
 .debug_info    0x0000000000001227      0x403 obj_ad16/matrix.o
 .debug_info    0x000000000000162a       0x98 obj_ad16/backlight.o
 .debug_info    0x00000000000016c2       0x91 obj_ad16/led.o
 .debug_info    0x0000000000001753     0x10bd obj_ad16/protocol/lufa/lufa.o
 .debug_info    0x0000000000002810      0x774 obj_ad16/protocol/lufa/descriptor.o
 .debug_info    0x0000000000002f84       0xd2 obj_ad16/protocol/lufa/LUFA-git/LUFA/Drivers/USB/Core/AVR8/Device_AVR8.o
 .debug_info    0x0000000000003056     0x17c8 obj_ad16/protocol/lufa/LUFA-git/LUFA/Drivers/USB/Core/AVR8/EndpointStream_AVR8.o
 .debug_info    0x000000000000481e      0x620 obj_ad16/protocol/lufa/LUFA-git/LUFA/Drivers/USB/Core/AVR8/Endpoint_AVR8.o
 .debug_info    0x0000000000004e3e      0x483 obj_ad16/protocol/lufa/LUFA-git/LUFA/Drivers/USB/Core/AVR8/USBController_AVR8.o
 .debug_info    0x00000000000052c1      0x724 obj_ad16/protocol/lufa/LUFA-git/LUFA/Drivers/USB/Core/AVR8/USBInterrupt_AVR8.o
 .debug_info    0x00000000000059e5      0xa2b obj_ad16/protocol/lufa/LUFA-git/LUFA/Drivers/USB/Core/DeviceStandardReq.o
 .debug_info    0x0000000000006410       0x78 obj_ad16/protocol/lufa/LUFA-git/LUFA/Drivers/USB/Core/Events.o
 .debug_info    0x0000000000006488      0x272 obj_ad16/protocol/lufa/LUFA-git/LUFA/Drivers/USB/Core/USBTask.o
 .debug_info    0x00000000000066fa      0x4bb obj_ad16/common/host.o
 .debug_info    0x0000000000006bb5      0x44f obj_ad16/common/keyboard.o
 .debug_info    0x0000000000007004      0x10b obj_ad16/common/matrix.o
 .debug_info    0x000000000000710f     0x17de obj_ad16/common/action.o
 .debug_info    0x00000000000088ed      0xe4d obj_ad16/common/action_tapping.o
 .debug_info    0x000000000000973a      0x917 obj_ad16/common/action_macro.o
 .debug_info    0x000000000000a051      0x8af obj_ad16/common/action_layer.o
 .debug_info    0x000000000000a900      0x605 obj_ad16/common/action_util.o
 .debug_info    0x000000000000af05       0xfc obj_ad16/common/debug.o
 .debug_info    0x000000000000b001      0x1c9 obj_ad16/common/hook.o
 .debug_info    0x000000000000b1ca      0x2da obj_ad16/common/avr/suspend.o
 .debug_info    0x000000000000b4a4      0x204 obj_ad16/common/avr/timer.o
 .debug_info    0x000000000000b6a8      0x206 obj_ad16/common/avr/bootloader.o
 .debug_info    0x000000000000b8ae      0xf83 obj_ad16/common/keymap.o
 .debug_info    0x000000000000c831      0xfa9 obj_ad16/common/bootmagic.o
 .debug_info    0x000000000000d7da      0x412 obj_ad16/common/avr/eeconfig.o
 .debug_info    0x000000000000dbec      0x24b obj_ad16/common/backlight.o

.debug_abbrev   0x0000000000000000     0x3996
 *(.debug_abbrev)
 .debug_abbrev  0x0000000000000000      0x65d /usr/lib/gcc/avr/5.4.0/../../../avr/lib/avr35/crtatmega32u2.o
 .debug_abbrev  0x000000000000065d      0x100 obj_ad16/keymap.o
 .debug_abbrev  0x000000000000075d      0x24c obj_ad16/matrix.o
 .debug_abbrev  0x00000000000009a9       0x60 obj_ad16/backlight.o
 .debug_abbrev  0x0000000000000a09       0x60 obj_ad16/led.o
 .debug_abbrev  0x0000000000000a69      0x456 obj_ad16/protocol/lufa/lufa.o
 .debug_abbrev  0x0000000000000ebf      0x184 obj_ad16/protocol/lufa/descriptor.o
 .debug_abbrev  0x0000000000001043       0x80 obj_ad16/protocol/lufa/LUFA-git/LUFA/Drivers/USB/Core/AVR8/Device_AVR8.o
 .debug_abbrev  0x00000000000010c3      0x1ea obj_ad16/protocol/lufa/LUFA-git/LUFA/Drivers/USB/Core/AVR8/EndpointStream_AVR8.o
 .debug_abbrev  0x00000000000012ad      0x226 obj_ad16/protocol/lufa/LUFA-git/LUFA/Drivers/USB/Core/AVR8/Endpoint_AVR8.o
 .debug_abbrev  0x00000000000014d3      0x188 obj_ad16/protocol/lufa/LUFA-git/LUFA/Drivers/USB/Core/AVR8/USBController_AVR8.o
 .debug_abbrev  0x000000000000165b      0x213 obj_ad16/protocol/lufa/LUFA-git/LUFA/Drivers/USB/Core/AVR8/USBInterrupt_AVR8.o
 .debug_abbrev  0x000000000000186e      0x29c obj_ad16/protocol/lufa/LUFA-git/LUFA/Drivers/USB/Core/DeviceStandardReq.o
 .debug_abbrev  0x0000000000001b0a       0x44 obj_ad16/protocol/lufa/LUFA-git/LUFA/Drivers/USB/Core/Events.o
 .debug_abbrev  0x0000000000001b4e      0x16b obj_ad16/protocol/lufa/LUFA-git/LUFA/Drivers/USB/Core/USBTask.o
 .debug_abbrev  0x0000000000001cb9      0x194 obj_ad16/common/host.o
 .debug_abbrev  0x0000000000001e4d      0x1b0 obj_ad16/common/keyboard.o
 .debug_abbrev  0x0000000000001ffd       0xc1 obj_ad16/common/matrix.o
 .debug_abbrev  0x00000000000020be      0x2d8 obj_ad16/common/action.o
 .debug_abbrev  0x0000000000002396      0x2c3 obj_ad16/common/action_tapping.o
 .debug_abbrev  0x0000000000002659      0x17b obj_ad16/common/action_macro.o
 .debug_abbrev  0x00000000000027d4      0x2a6 obj_ad16/common/action_layer.o
 .debug_abbrev  0x0000000000002a7a      0x2a2 obj_ad16/common/action_util.o
 .debug_abbrev  0x0000000000002d1c       0x87 obj_ad16/common/debug.o
 .debug_abbrev  0x0000000000002da3      0x13e obj_ad16/common/hook.o
 .debug_abbrev  0x0000000000002ee1      0x1ba obj_ad16/common/avr/suspend.o
 .debug_abbrev  0x000000000000309b      0x11e obj_ad16/common/avr/timer.o
 .debug_abbrev  0x00000000000031b9      0x171 obj_ad16/common/avr/bootloader.o
 .debug_abbrev  0x000000000000332a      0x27d obj_ad16/common/keymap.o
 .debug_abbrev  0x00000000000035a7      0x24c obj_ad16/common/bootmagic.o
 .debug_abbrev  0x00000000000037f3       0xc2 obj_ad16/common/avr/eeconfig.o
 .debug_abbrev  0x00000000000038b5       0xe1 obj_ad16/common/backlight.o

.debug_line     0x0000000000000000     0x66a5
 *(.debug_line .debug_line.* .debug_line_end)
 .debug_line    0x0000000000000000       0x1a /usr/lib/gcc/avr/5.4.0/../../../avr/lib/avr35/crtatmega32u2.o
 .debug_line    0x000000000000001a       0xc4 obj_ad16/keymap.o
 .debug_line    0x00000000000000de      0x289 obj_ad16/matrix.o
 .debug_line    0x0000000000000367       0x72 obj_ad16/backlight.o
 .debug_line    0x00000000000003d9       0x54 obj_ad16/led.o
 .debug_line    0x000000000000042d      0x85b obj_ad16/protocol/lufa/lufa.o
 .debug_line    0x0000000000000c88      0x218 obj_ad16/protocol/lufa/descriptor.o
 .debug_line    0x0000000000000ea0      0x144 obj_ad16/protocol/lufa/LUFA-git/LUFA/Drivers/USB/Core/AVR8/Device_AVR8.o
 .debug_line    0x0000000000000fe4     0x1468 obj_ad16/protocol/lufa/LUFA-git/LUFA/Drivers/USB/Core/AVR8/EndpointStream_AVR8.o
 .debug_line    0x000000000000244c      0x523 obj_ad16/protocol/lufa/LUFA-git/LUFA/Drivers/USB/Core/AVR8/Endpoint_AVR8.o
 .debug_line    0x000000000000296f      0x336 obj_ad16/protocol/lufa/LUFA-git/LUFA/Drivers/USB/Core/AVR8/USBController_AVR8.o
 .debug_line    0x0000000000002ca5      0x54b obj_ad16/protocol/lufa/LUFA-git/LUFA/Drivers/USB/Core/AVR8/USBInterrupt_AVR8.o
 .debug_line    0x00000000000031f0      0x4d6 obj_ad16/protocol/lufa/LUFA-git/LUFA/Drivers/USB/Core/DeviceStandardReq.o
 .debug_line    0x00000000000036c6       0x72 obj_ad16/protocol/lufa/LUFA-git/LUFA/Drivers/USB/Core/Events.o
 .debug_line    0x0000000000003738      0x1b4 obj_ad16/protocol/lufa/LUFA-git/LUFA/Drivers/USB/Core/USBTask.o
 .debug_line    0x00000000000038ec      0x1d3 obj_ad16/common/host.o
 .debug_line    0x0000000000003abf      0x225 obj_ad16/common/keyboard.o
 .debug_line    0x0000000000003ce4       0xb2 obj_ad16/common/matrix.o
 .debug_line    0x0000000000003d96      0x9c3 obj_ad16/common/action.o
 .debug_line    0x0000000000004759      0x4ff obj_ad16/common/action_tapping.o
 .debug_line    0x0000000000004c58      0x1f3 obj_ad16/common/action_macro.o
 .debug_line    0x0000000000004e4b      0x2d7 obj_ad16/common/action_layer.o
 .debug_line    0x0000000000005122      0x37c obj_ad16/common/action_util.o
 .debug_line    0x000000000000549e       0x67 obj_ad16/common/debug.o
 .debug_line    0x0000000000005505       0xbb obj_ad16/common/hook.o
 .debug_line    0x00000000000055c0      0x269 obj_ad16/common/avr/suspend.o
 .debug_line    0x0000000000005829      0x1bf obj_ad16/common/avr/timer.o
 .debug_line    0x00000000000059e8      0x1cd obj_ad16/common/avr/bootloader.o
 .debug_line    0x0000000000005bb5      0x3a6 obj_ad16/common/keymap.o
 .debug_line    0x0000000000005f5b      0x3db obj_ad16/common/bootmagic.o
 .debug_line    0x0000000000006336      0x1b2 obj_ad16/common/avr/eeconfig.o
 .debug_line    0x00000000000064e8      0x1bd obj_ad16/common/backlight.o

.debug_frame    0x0000000000000000     0x1584
 *(.debug_frame)
 .debug_frame   0x0000000000000000       0xe8 obj_ad16/matrix.o
 .debug_frame   0x00000000000000e8       0x24 obj_ad16/backlight.o
 .debug_frame   0x000000000000010c       0x24 obj_ad16/led.o
 .debug_frame   0x0000000000000130      0x178 obj_ad16/protocol/lufa/lufa.o
 .debug_frame   0x00000000000002a8       0x24 obj_ad16/protocol/lufa/descriptor.o
 .debug_frame   0x00000000000002cc       0x24 obj_ad16/protocol/lufa/LUFA-git/LUFA/Drivers/USB/Core/AVR8/Device_AVR8.o
 .debug_frame   0x00000000000002f0      0x42c obj_ad16/protocol/lufa/LUFA-git/LUFA/Drivers/USB/Core/AVR8/EndpointStream_AVR8.o
 .debug_frame   0x000000000000071c       0x7c obj_ad16/protocol/lufa/LUFA-git/LUFA/Drivers/USB/Core/AVR8/Endpoint_AVR8.o
 .debug_frame   0x0000000000000798       0x44 obj_ad16/protocol/lufa/LUFA-git/LUFA/Drivers/USB/Core/AVR8/USBController_AVR8.o
 .debug_frame   0x00000000000007dc      0x108 obj_ad16/protocol/lufa/LUFA-git/LUFA/Drivers/USB/Core/AVR8/USBInterrupt_AVR8.o
 .debug_frame   0x00000000000008e4       0x3c obj_ad16/protocol/lufa/LUFA-git/LUFA/Drivers/USB/Core/DeviceStandardReq.o
 .debug_frame   0x0000000000000920       0x24 obj_ad16/protocol/lufa/LUFA-git/LUFA/Drivers/USB/Core/Events.o
 .debug_frame   0x0000000000000944       0x2c obj_ad16/protocol/lufa/LUFA-git/LUFA/Drivers/USB/Core/USBTask.o
 .debug_frame   0x0000000000000970       0xa4 obj_ad16/common/host.o
 .debug_frame   0x0000000000000a14       0x90 obj_ad16/common/keyboard.o
 .debug_frame   0x0000000000000aa4       0x9c obj_ad16/common/matrix.o
 .debug_frame   0x0000000000000b40      0x178 obj_ad16/common/action.o
 .debug_frame   0x0000000000000cb8       0xdc obj_ad16/common/action_tapping.o
 .debug_frame   0x0000000000000d94       0x50 obj_ad16/common/action_macro.o
 .debug_frame   0x0000000000000de4      0x1d4 obj_ad16/common/action_layer.o
 .debug_frame   0x0000000000000fb8      0x150 obj_ad16/common/action_util.o
 .debug_frame   0x0000000000001108       0x88 obj_ad16/common/hook.o
 .debug_frame   0x0000000000001190       0x90 obj_ad16/common/avr/suspend.o
 .debug_frame   0x0000000000001220       0xf0 obj_ad16/common/avr/timer.o
 .debug_frame   0x0000000000001310       0x34 obj_ad16/common/avr/bootloader.o
 .debug_frame   0x0000000000001344       0x74 obj_ad16/common/keymap.o
 .debug_frame   0x00000000000013b8       0x84 obj_ad16/common/bootmagic.o
 .debug_frame   0x000000000000143c       0xd4 obj_ad16/common/avr/eeconfig.o
 .debug_frame   0x0000000000001510       0x74 obj_ad16/common/backlight.o

.debug_str      0x0000000000000000     0x3e36
 *(.debug_str)
 .debug_str     0x0000000000000000      0x262 /usr/lib/gcc/avr/5.4.0/../../../avr/lib/avr35/crtatmega32u2.o
 .debug_str     0x0000000000000262      0xf15 obj_ad16/keymap.o
                                        0xf9a (size before relaxing)
 .debug_str     0x0000000000001177      0x127 obj_ad16/matrix.o
                                        0x2c9 (size before relaxing)
 .debug_str     0x000000000000129e        0xe obj_ad16/backlight.o
                                        0x19a (size before relaxing)
 .debug_str     0x00000000000012ac       0x16 obj_ad16/led.o
                                        0x18a (size before relaxing)
 .debug_str     0x00000000000012c2      0x789 obj_ad16/protocol/lufa/lufa.o
                                        0x9f9 (size before relaxing)
 .debug_str     0x0000000000001a4b      0x74d obj_ad16/protocol/lufa/descriptor.o
                                        0x943 (size before relaxing)
 .debug_str     0x0000000000002198       0x7b obj_ad16/protocol/lufa/LUFA-git/LUFA/Drivers/USB/Core/AVR8/Device_AVR8.o
                                        0x21a (size before relaxing)
 .debug_str     0x0000000000002213      0x4fd obj_ad16/protocol/lufa/LUFA-git/LUFA/Drivers/USB/Core/AVR8/EndpointStream_AVR8.o
                                        0x87c (size before relaxing)
 .debug_str     0x0000000000002710      0x271 obj_ad16/protocol/lufa/LUFA-git/LUFA/Drivers/USB/Core/AVR8/Endpoint_AVR8.o
                                        0x63c (size before relaxing)
 .debug_str     0x0000000000002981      0x1a8 obj_ad16/protocol/lufa/LUFA-git/LUFA/Drivers/USB/Core/AVR8/USBController_AVR8.o
                                        0x552 (size before relaxing)
 .debug_str     0x0000000000002b29      0x150 obj_ad16/protocol/lufa/LUFA-git/LUFA/Drivers/USB/Core/AVR8/USBInterrupt_AVR8.o
                                        0x5a3 (size before relaxing)
 .debug_str     0x0000000000002c79      0x42a obj_ad16/protocol/lufa/LUFA-git/LUFA/Drivers/USB/Core/DeviceStandardReq.o
                                        0x9ee (size before relaxing)
 .debug_str     0x00000000000030a3       0x54 obj_ad16/protocol/lufa/LUFA-git/LUFA/Drivers/USB/Core/Events.o
                                        0x1c0 (size before relaxing)
 .debug_str     0x00000000000030f7       0x6e obj_ad16/protocol/lufa/LUFA-git/LUFA/Drivers/USB/Core/USBTask.o
                                        0x3a1 (size before relaxing)
 .debug_str     0x0000000000003165       0xd5 obj_ad16/common/host.o
                                        0x383 (size before relaxing)
 .debug_str     0x000000000000323a       0xf5 obj_ad16/common/keyboard.o
                                        0x384 (size before relaxing)
 .debug_str     0x000000000000332f       0x31 obj_ad16/common/matrix.o
                                        0x1d3 (size before relaxing)
 .debug_str     0x0000000000003360      0x36c obj_ad16/common/action.o
                                       0x141f (size before relaxing)
 .debug_str     0x00000000000036cc       0xec obj_ad16/common/action_tapping.o
                                        0xd44 (size before relaxing)
 .debug_str     0x00000000000037b8       0xa2 obj_ad16/common/action_macro.o
                                        0xb2f (size before relaxing)
 .debug_str     0x000000000000385a       0xc9 obj_ad16/common/action_layer.o
                                        0x456 (size before relaxing)
 .debug_str     0x0000000000003923       0xb3 obj_ad16/common/action_util.o
                                        0x38f (size before relaxing)
 .debug_str     0x00000000000039d6       0x1e obj_ad16/common/debug.o
                                        0x1da (size before relaxing)
 .debug_str     0x00000000000039f4       0x2c obj_ad16/common/hook.o
                                        0x247 (size before relaxing)
 .debug_str     0x0000000000003a20       0x6a obj_ad16/common/avr/suspend.o
                                        0x372 (size before relaxing)
 .debug_str     0x0000000000003a8a       0x6f obj_ad16/common/avr/timer.o
                                        0x217 (size before relaxing)
 .debug_str     0x0000000000003af9       0x77 obj_ad16/common/avr/bootloader.o
                                        0x284 (size before relaxing)
 .debug_str     0x0000000000003b70       0xf0 obj_ad16/common/keymap.o
                                       0x1101 (size before relaxing)
 .debug_str     0x0000000000003c60       0xe4 obj_ad16/common/bootmagic.o
                                        0xe21 (size before relaxing)
 .debug_str     0x0000000000003d44       0xac obj_ad16/common/avr/eeconfig.o
                                        0x2ef (size before relaxing)
 .debug_str     0x0000000000003df0       0x46 obj_ad16/common/backlight.o
                                        0x293 (size before relaxing)

.debug_loc      0x0000000000000000     0x70b9
 *(.debug_loc)
 .debug_loc     0x0000000000000000      0x286 obj_ad16/matrix.o
 .debug_loc     0x0000000000000286      0x5db obj_ad16/protocol/lufa/lufa.o
 .debug_loc     0x0000000000000861      0x20a obj_ad16/protocol/lufa/descriptor.o
 .debug_loc     0x0000000000000a6b     0x1f6f obj_ad16/protocol/lufa/LUFA-git/LUFA/Drivers/USB/Core/AVR8/EndpointStream_AVR8.o
 .debug_loc     0x00000000000029da      0x399 obj_ad16/protocol/lufa/LUFA-git/LUFA/Drivers/USB/Core/AVR8/Endpoint_AVR8.o
 .debug_loc     0x0000000000002d73       0x78 obj_ad16/protocol/lufa/LUFA-git/LUFA/Drivers/USB/Core/AVR8/USBController_AVR8.o
 .debug_loc     0x0000000000002deb      0x3b8 obj_ad16/protocol/lufa/LUFA-git/LUFA/Drivers/USB/Core/AVR8/USBInterrupt_AVR8.o
 .debug_loc     0x00000000000031a3      0x2d7 obj_ad16/protocol/lufa/LUFA-git/LUFA/Drivers/USB/Core/DeviceStandardReq.o
 .debug_loc     0x000000000000347a       0x49 obj_ad16/protocol/lufa/LUFA-git/LUFA/Drivers/USB/Core/USBTask.o
 .debug_loc     0x00000000000034c3       0xd8 obj_ad16/common/host.o
 .debug_loc     0x000000000000359b      0x180 obj_ad16/common/keyboard.o
 .debug_loc     0x000000000000371b       0x6f obj_ad16/common/matrix.o
 .debug_loc     0x000000000000378a     0x1ba0 obj_ad16/common/action.o
 .debug_loc     0x000000000000532a      0x689 obj_ad16/common/action_tapping.o
 .debug_loc     0x00000000000059b3      0x540 obj_ad16/common/action_macro.o
 .debug_loc     0x0000000000005ef3      0x5f1 obj_ad16/common/action_layer.o
 .debug_loc     0x00000000000064e4      0x28a obj_ad16/common/action_util.o
 .debug_loc     0x000000000000676e       0x69 obj_ad16/common/hook.o
 .debug_loc     0x00000000000067d7       0xd9 obj_ad16/common/avr/suspend.o
 .debug_loc     0x00000000000068b0      0x20a obj_ad16/common/avr/timer.o
 .debug_loc     0x0000000000006aba       0x48 obj_ad16/common/avr/bootloader.o
 .debug_loc     0x0000000000006b02      0x1ee obj_ad16/common/keymap.o
 .debug_loc     0x0000000000006cf0      0x2f8 obj_ad16/common/bootmagic.o
 .debug_loc     0x0000000000006fe8       0xb0 obj_ad16/common/avr/eeconfig.o
 .debug_loc     0x0000000000007098       0x21 obj_ad16/common/backlight.o

.debug_macinfo
 *(.debug_macinfo)

.debug_weaknames
 *(.debug_weaknames)

.debug_funcnames
 *(.debug_funcnames)

.debug_typenames
 *(.debug_typenames)

.debug_varnames
 *(.debug_varnames)

.debug_pubtypes
 *(.debug_pubtypes)

.debug_ranges   0x0000000000000000      0x9c8
 *(.debug_ranges)
 .debug_ranges  0x0000000000000000       0x68 obj_ad16/matrix.o
 .debug_ranges  0x0000000000000068       0x10 obj_ad16/backlight.o
 .debug_ranges  0x0000000000000078       0x10 obj_ad16/led.o
 .debug_ranges  0x0000000000000088       0x98 obj_ad16/protocol/lufa/lufa.o
 .debug_ranges  0x0000000000000120       0x28 obj_ad16/protocol/lufa/descriptor.o
 .debug_ranges  0x0000000000000148       0x10 obj_ad16/protocol/lufa/LUFA-git/LUFA/Drivers/USB/Core/AVR8/Device_AVR8.o
 .debug_ranges  0x0000000000000158      0x1f8 obj_ad16/protocol/lufa/LUFA-git/LUFA/Drivers/USB/Core/AVR8/EndpointStream_AVR8.o
 .debug_ranges  0x0000000000000350       0x78 obj_ad16/protocol/lufa/LUFA-git/LUFA/Drivers/USB/Core/AVR8/Endpoint_AVR8.o
 .debug_ranges  0x00000000000003c8       0x20 obj_ad16/protocol/lufa/LUFA-git/LUFA/Drivers/USB/Core/AVR8/USBController_AVR8.o
 .debug_ranges  0x00000000000003e8       0x28 obj_ad16/protocol/lufa/LUFA-git/LUFA/Drivers/USB/Core/AVR8/USBInterrupt_AVR8.o
 .debug_ranges  0x0000000000000410       0x28 obj_ad16/protocol/lufa/LUFA-git/LUFA/Drivers/USB/Core/DeviceStandardReq.o
 .debug_ranges  0x0000000000000438       0x10 obj_ad16/protocol/lufa/LUFA-git/LUFA/Drivers/USB/Core/Events.o
 .debug_ranges  0x0000000000000448       0x10 obj_ad16/protocol/lufa/LUFA-git/LUFA/Drivers/USB/Core/USBTask.o
 .debug_ranges  0x0000000000000458       0x50 obj_ad16/common/host.o
 .debug_ranges  0x00000000000004a8       0x40 obj_ad16/common/keyboard.o
 .debug_ranges  0x00000000000004e8       0x20 obj_ad16/common/matrix.o
 .debug_ranges  0x0000000000000508       0xf8 obj_ad16/common/action.o
 .debug_ranges  0x0000000000000600       0x60 obj_ad16/common/action_tapping.o
 .debug_ranges  0x0000000000000660       0x28 obj_ad16/common/action_macro.o
 .debug_ranges  0x0000000000000688       0xe0 obj_ad16/common/action_layer.o
 .debug_ranges  0x0000000000000768       0xb8 obj_ad16/common/action_util.o
 .debug_ranges  0x0000000000000820       0x28 obj_ad16/common/hook.o
 .debug_ranges  0x0000000000000848       0x30 obj_ad16/common/avr/suspend.o
 .debug_ranges  0x0000000000000878       0x40 obj_ad16/common/avr/timer.o
 .debug_ranges  0x00000000000008b8       0x18 obj_ad16/common/avr/bootloader.o
 .debug_ranges  0x00000000000008d0       0x38 obj_ad16/common/keymap.o
 .debug_ranges  0x0000000000000908       0x20 obj_ad16/common/bootmagic.o
 .debug_ranges  0x0000000000000928       0x68 obj_ad16/common/avr/eeconfig.o
 .debug_ranges  0x0000000000000990       0x38 obj_ad16/common/backlight.o

.debug_macro
 *(.debug_macro)
OUTPUT(ad16.elf elf32-avr)
LOAD linker stubs

Cross Reference Table

Symbol                                            File
CALLBACK_HIDParser_FilterHIDReportItem            obj_ad16/protocol/lufa/LUFA-git/LUFA/Drivers/USB/Class/Common/HIDParser.o
CALLBACK_USB_GetDescriptor                        obj_ad16/protocol/lufa/descriptor.o
                                                  obj_ad16/protocol/lufa/LUFA-git/LUFA/Drivers/USB/Core/DeviceStandardReq.o
ConfigurationDescriptor                           obj_ad16/protocol/lufa/descriptor.o
DeviceDescriptor                                  obj_ad16/protocol/lufa/descriptor.o
EVENT_USB_Device_ConfigurationChanged             obj_ad16/protocol/lufa/lufa.o
                                                  obj_ad16/protocol/lufa/LUFA-git/LUFA/Drivers/USB/Core/DeviceStandardReq.o
EVENT_USB_Device_Connect                          obj_ad16/protocol/lufa/lufa.o
EVENT_USB_Device_ControlRequest                   obj_ad16/protocol/lufa/lufa.o
                                                  obj_ad16/protocol/lufa/LUFA-git/LUFA/Drivers/USB/Core/DeviceStandardReq.o
EVENT_USB_Device_Disconnect                       obj_ad16/protocol/lufa/lufa.o
EVENT_USB_Device_Reset                            obj_ad16/protocol/lufa/lufa.o
                                                  obj_ad16/protocol/lufa/LUFA-git/LUFA/Drivers/USB/Core/AVR8/USBInterrupt_AVR8.o
EVENT_USB_Device_StartOfFrame                     obj_ad16/protocol/lufa/LUFA-git/LUFA/Drivers/USB/Core/Events.o
                                                  obj_ad16/protocol/lufa/LUFA-git/LUFA/Drivers/USB/Core/AVR8/USBInterrupt_AVR8.o
EVENT_USB_Device_Suspend                          obj_ad16/protocol/lufa/lufa.o
                                                  obj_ad16/protocol/lufa/LUFA-git/LUFA/Drivers/USB/Core/AVR8/USBInterrupt_AVR8.o
EVENT_USB_Device_WakeUp                           obj_ad16/protocol/lufa/lufa.o
                                                  obj_ad16/protocol/lufa/LUFA-git/LUFA/Drivers/USB/Core/AVR8/USBInterrupt_AVR8.o
Endpoint_ClearEndpoints                           obj_ad16/protocol/lufa/LUFA-git/LUFA/Drivers/USB/Core/AVR8/Endpoint_AVR8.o
Endpoint_ClearStatusStage                         obj_ad16/protocol/lufa/LUFA-git/LUFA/Drivers/USB/Core/AVR8/Endpoint_AVR8.o
                                                  obj_ad16/protocol/lufa/LUFA-git/LUFA/Drivers/USB/Core/DeviceStandardReq.o
                                                  obj_ad16/protocol/lufa/lufa.o
Endpoint_ConfigureEndpointTable                   obj_ad16/protocol/lufa/LUFA-git/LUFA/Drivers/USB/Core/AVR8/Endpoint_AVR8.o
Endpoint_ConfigureEndpoint_Prv                    obj_ad16/protocol/lufa/LUFA-git/LUFA/Drivers/USB/Core/AVR8/Endpoint_AVR8.o
                                                  obj_ad16/protocol/lufa/LUFA-git/LUFA/Drivers/USB/Core/AVR8/USBInterrupt_AVR8.o
                                                  obj_ad16/protocol/lufa/LUFA-git/LUFA/Drivers/USB/Core/AVR8/USBController_AVR8.o
                                                  obj_ad16/protocol/lufa/lufa.o
Endpoint_Discard_Stream                           obj_ad16/protocol/lufa/LUFA-git/LUFA/Drivers/USB/Core/AVR8/EndpointStream_AVR8.o
Endpoint_Null_Stream                              obj_ad16/protocol/lufa/LUFA-git/LUFA/Drivers/USB/Core/AVR8/EndpointStream_AVR8.o
Endpoint_Read_Control_EStream_BE                  obj_ad16/protocol/lufa/LUFA-git/LUFA/Drivers/USB/Core/AVR8/EndpointStream_AVR8.o
Endpoint_Read_Control_EStream_LE                  obj_ad16/protocol/lufa/LUFA-git/LUFA/Drivers/USB/Core/AVR8/EndpointStream_AVR8.o
Endpoint_Read_Control_Stream_BE                   obj_ad16/protocol/lufa/LUFA-git/LUFA/Drivers/USB/Core/AVR8/EndpointStream_AVR8.o
Endpoint_Read_Control_Stream_LE                   obj_ad16/protocol/lufa/LUFA-git/LUFA/Drivers/USB/Core/AVR8/EndpointStream_AVR8.o
Endpoint_Read_EStream_BE                          obj_ad16/protocol/lufa/LUFA-git/LUFA/Drivers/USB/Core/AVR8/EndpointStream_AVR8.o
Endpoint_Read_EStream_LE                          obj_ad16/protocol/lufa/LUFA-git/LUFA/Drivers/USB/Core/AVR8/EndpointStream_AVR8.o
Endpoint_Read_Stream_BE                           obj_ad16/protocol/lufa/LUFA-git/LUFA/Drivers/USB/Core/AVR8/EndpointStream_AVR8.o
Endpoint_Read_Stream_LE                           obj_ad16/protocol/lufa/LUFA-git/LUFA/Drivers/USB/Core/AVR8/EndpointStream_AVR8.o
Endpoint_WaitUntilReady                           obj_ad16/protocol/lufa/LUFA-git/LUFA/Drivers/USB/Core/AVR8/Endpoint_AVR8.o
                                                  obj_ad16/protocol/lufa/LUFA-git/LUFA/Drivers/USB/Core/AVR8/EndpointStream_AVR8.o
Endpoint_Write_Control_EStream_BE                 obj_ad16/protocol/lufa/LUFA-git/LUFA/Drivers/USB/Core/AVR8/EndpointStream_AVR8.o
Endpoint_Write_Control_EStream_LE                 obj_ad16/protocol/lufa/LUFA-git/LUFA/Drivers/USB/Core/AVR8/EndpointStream_AVR8.o
Endpoint_Write_Control_PStream_BE                 obj_ad16/protocol/lufa/LUFA-git/LUFA/Drivers/USB/Core/AVR8/EndpointStream_AVR8.o
Endpoint_Write_Control_PStream_LE                 obj_ad16/protocol/lufa/LUFA-git/LUFA/Drivers/USB/Core/AVR8/EndpointStream_AVR8.o
                                                  obj_ad16/protocol/lufa/LUFA-git/LUFA/Drivers/USB/Core/DeviceStandardReq.o
Endpoint_Write_Control_Stream_BE                  obj_ad16/protocol/lufa/LUFA-git/LUFA/Drivers/USB/Core/AVR8/EndpointStream_AVR8.o
Endpoint_Write_Control_Stream_LE                  obj_ad16/protocol/lufa/LUFA-git/LUFA/Drivers/USB/Core/AVR8/EndpointStream_AVR8.o
                                                  obj_ad16/protocol/lufa/LUFA-git/LUFA/Drivers/USB/Core/DeviceStandardReq.o
                                                  obj_ad16/protocol/lufa/lufa.o
Endpoint_Write_EStream_BE                         obj_ad16/protocol/lufa/LUFA-git/LUFA/Drivers/USB/Core/AVR8/EndpointStream_AVR8.o
Endpoint_Write_EStream_LE                         obj_ad16/protocol/lufa/LUFA-git/LUFA/Drivers/USB/Core/AVR8/EndpointStream_AVR8.o
Endpoint_Write_PStream_BE                         obj_ad16/protocol/lufa/LUFA-git/LUFA/Drivers/USB/Core/AVR8/EndpointStream_AVR8.o
Endpoint_Write_PStream_LE                         obj_ad16/protocol/lufa/LUFA-git/LUFA/Drivers/USB/Core/AVR8/EndpointStream_AVR8.o
Endpoint_Write_Stream_BE                          obj_ad16/protocol/lufa/LUFA-git/LUFA/Drivers/USB/Core/AVR8/EndpointStream_AVR8.o
Endpoint_Write_Stream_LE                          obj_ad16/protocol/lufa/LUFA-git/LUFA/Drivers/USB/Core/AVR8/EndpointStream_AVR8.o
                                                  obj_ad16/protocol/lufa/lufa.o
ExtrakeyReport                                    obj_ad16/protocol/lufa/descriptor.o
KeyboardReport                                    obj_ad16/protocol/lufa/descriptor.o
LanguageString                                    obj_ad16/protocol/lufa/descriptor.o
ManufacturerString                                obj_ad16/protocol/lufa/descriptor.o
NKROReport                                        obj_ad16/protocol/lufa/descriptor.o
ProductString                                     obj_ad16/protocol/lufa/descriptor.o
USB_ControlRequest                                obj_ad16/protocol/lufa/LUFA-git/LUFA/Drivers/USB/Core/USBTask.o
                                                  obj_ad16/protocol/lufa/LUFA-git/LUFA/Drivers/USB/Core/DeviceStandardReq.o
                                                  obj_ad16/protocol/lufa/LUFA-git/LUFA/Drivers/USB/Core/AVR8/Endpoint_AVR8.o
                                                  obj_ad16/protocol/lufa/LUFA-git/LUFA/Drivers/USB/Core/AVR8/EndpointStream_AVR8.o
                                                  obj_ad16/protocol/lufa/lufa.o
USB_DeviceState                                   obj_ad16/protocol/lufa/LUFA-git/LUFA/Drivers/USB/Core/USBTask.o
                                                  obj_ad16/common/avr/suspend.o
                                                  obj_ad16/protocol/lufa/LUFA-git/LUFA/Drivers/USB/Core/DeviceStandardReq.o
                                                  obj_ad16/protocol/lufa/LUFA-git/LUFA/Drivers/USB/Core/AVR8/USBInterrupt_AVR8.o
                                                  obj_ad16/protocol/lufa/LUFA-git/LUFA/Drivers/USB/Core/AVR8/USBController_AVR8.o
                                                  obj_ad16/protocol/lufa/LUFA-git/LUFA/Drivers/USB/Core/AVR8/Endpoint_AVR8.o
                                                  obj_ad16/protocol/lufa/LUFA-git/LUFA/Drivers/USB/Core/AVR8/EndpointStream_AVR8.o
                                                  obj_ad16/protocol/lufa/lufa.o
USB_Device_ConfigurationNumber                    obj_ad16/protocol/lufa/LUFA-git/LUFA/Drivers/USB/Core/DeviceStandardReq.o
                                                  obj_ad16/protocol/lufa/LUFA-git/LUFA/Drivers/USB/Core/AVR8/USBInterrupt_AVR8.o
                                                  obj_ad16/protocol/lufa/LUFA-git/LUFA/Drivers/USB/Core/AVR8/USBController_AVR8.o
USB_Device_CurrentlySelfPowered                   obj_ad16/protocol/lufa/LUFA-git/LUFA/Drivers/USB/Core/DeviceStandardReq.o
                                                  obj_ad16/protocol/lufa/LUFA-git/LUFA/Drivers/USB/Core/AVR8/USBController_AVR8.o
USB_Device_ProcessControlRequest                  obj_ad16/protocol/lufa/LUFA-git/LUFA/Drivers/USB/Core/DeviceStandardReq.o
                                                  obj_ad16/protocol/lufa/LUFA-git/LUFA/Drivers/USB/Core/USBTask.o
                                                  obj_ad16/protocol/lufa/LUFA-git/LUFA/Drivers/USB/Core/AVR8/USBInterrupt_AVR8.o
USB_Device_RemoteWakeupEnabled                    obj_ad16/protocol/lufa/LUFA-git/LUFA/Drivers/USB/Core/DeviceStandardReq.o
                                                  obj_ad16/protocol/lufa/LUFA-git/LUFA/Drivers/USB/Core/AVR8/USBController_AVR8.o
                                                  obj_ad16/protocol/lufa/lufa.o
USB_Device_SendRemoteWakeup                       obj_ad16/protocol/lufa/LUFA-git/LUFA/Drivers/USB/Core/AVR8/Device_AVR8.o
                                                  obj_ad16/protocol/lufa/lufa.o
USB_Disable                                       obj_ad16/protocol/lufa/LUFA-git/LUFA/Drivers/USB/Core/AVR8/USBController_AVR8.o
                                                  obj_ad16/common/avr/bootloader.o
                                                  obj_ad16/protocol/lufa/lufa.o
USB_Event_Stub                                    obj_ad16/protocol/lufa/LUFA-git/LUFA/Drivers/USB/Core/Events.o
USB_GetHIDReportItemInfo                          obj_ad16/protocol/lufa/LUFA-git/LUFA/Drivers/USB/Class/Common/HIDParser.o
USB_GetHIDReportSize                              obj_ad16/protocol/lufa/LUFA-git/LUFA/Drivers/USB/Class/Common/HIDParser.o
USB_GetNextDescriptorComp                         obj_ad16/protocol/lufa/LUFA-git/LUFA/Drivers/USB/Core/ConfigDescriptors.o
USB_GetNextDescriptorOfType                       obj_ad16/protocol/lufa/LUFA-git/LUFA/Drivers/USB/Core/ConfigDescriptors.o
USB_GetNextDescriptorOfTypeAfter                  obj_ad16/protocol/lufa/LUFA-git/LUFA/Drivers/USB/Core/ConfigDescriptors.o
USB_GetNextDescriptorOfTypeBefore                 obj_ad16/protocol/lufa/LUFA-git/LUFA/Drivers/USB/Core/ConfigDescriptors.o
USB_INT_ClearAllInterrupts                        obj_ad16/protocol/lufa/LUFA-git/LUFA/Drivers/USB/Core/AVR8/USBInterrupt_AVR8.o
                                                  obj_ad16/protocol/lufa/LUFA-git/LUFA/Drivers/USB/Core/AVR8/USBController_AVR8.o
USB_INT_DisableAllInterrupts                      obj_ad16/protocol/lufa/LUFA-git/LUFA/Drivers/USB/Core/AVR8/USBInterrupt_AVR8.o
                                                  obj_ad16/protocol/lufa/LUFA-git/LUFA/Drivers/USB/Core/AVR8/USBController_AVR8.o
USB_Init                                          obj_ad16/protocol/lufa/LUFA-git/LUFA/Drivers/USB/Core/AVR8/USBController_AVR8.o
                                                  obj_ad16/protocol/lufa/lufa.o
USB_IsInitialized                                 obj_ad16/protocol/lufa/LUFA-git/LUFA/Drivers/USB/Core/USBTask.o
                                                  obj_ad16/protocol/lufa/LUFA-git/LUFA/Drivers/USB/Core/AVR8/USBController_AVR8.o
                                                  obj_ad16/protocol/lufa/lufa.o
USB_ProcessHIDReport                              obj_ad16/protocol/lufa/LUFA-git/LUFA/Drivers/USB/Class/Common/HIDParser.o
USB_ResetInterface                                obj_ad16/protocol/lufa/LUFA-git/LUFA/Drivers/USB/Core/AVR8/USBController_AVR8.o
USB_SetHIDReportItemInfo                          obj_ad16/protocol/lufa/LUFA-git/LUFA/Drivers/USB/Class/Common/HIDParser.o
USB_USBTask                                       obj_ad16/protocol/lufa/LUFA-git/LUFA/Drivers/USB/Core/USBTask.o
__FUSE_REGION_LENGTH__                            /usr/lib/gcc/avr/5.4.0/../../../avr/lib/avr35/crtatmega32u2.o
__bad_interrupt                                   /usr/lib/gcc/avr/5.4.0/../../../avr/lib/avr35/crtatmega32u2.o
__bss_end                                         /usr/lib/gcc/avr/5.4.0/avr35/libgcc.a(_clear_bss.o)
__bss_start                                       /usr/lib/gcc/avr/5.4.0/avr35/libgcc.a(_clear_bss.o)
__data_end                                        /usr/lib/gcc/avr/5.4.0/avr35/libgcc.a(_copy_data.o)
__data_load_start                                 /usr/lib/gcc/avr/5.4.0/avr35/libgcc.a(_copy_data.o)
__data_start                                      /usr/lib/gcc/avr/5.4.0/avr35/libgcc.a(_copy_data.o)
__do_clear_bss                                    /usr/lib/gcc/avr/5.4.0/avr35/libgcc.a(_clear_bss.o)
                                                  obj_ad16/common/backlight.o
                                                  obj_ad16/common/bootmagic.o
                                                  obj_ad16/common/avr/timer.o
                                                  obj_ad16/common/avr/suspend.o
                                                  obj_ad16/common/debug.o
                                                  obj_ad16/common/action_util.o
                                                  obj_ad16/common/action_layer.o
                                                  obj_ad16/common/action_tapping.o
                                                  obj_ad16/common/keyboard.o
                                                  obj_ad16/common/host.o
                                                  obj_ad16/protocol/lufa/LUFA-git/LUFA/Drivers/USB/Core/USBTask.o
                                                  obj_ad16/protocol/lufa/LUFA-git/LUFA/Drivers/USB/Core/DeviceStandardReq.o
                                                  obj_ad16/protocol/lufa/lufa.o
                                                  obj_ad16/matrix.o
__do_copy_data                                    /usr/lib/gcc/avr/5.4.0/avr35/libgcc.a(_copy_data.o)
                                                  obj_ad16/common/action_util.o
                                                  obj_ad16/common/host.o
                                                  obj_ad16/protocol/lufa/descriptor.o
                                                  obj_ad16/protocol/lufa/lufa.o
                                                  obj_ad16/matrix.o
__heap_end                                        /usr/lib/gcc/avr/5.4.0/../../../avr/lib/avr35/crtatmega32u2.o
__init                                            /usr/lib/gcc/avr/5.4.0/../../../avr/lib/avr35/crtatmega32u2.o
__mulhi3                                          /usr/lib/gcc/avr/5.4.0/avr35/libgcc.a(_mulhi3.o)
                                                  obj_ad16/common/action_tapping.o
                                                  obj_ad16/protocol/lufa/LUFA-git/LUFA/Drivers/USB/Class/Common/HIDParser.o
__stack                                           /usr/lib/gcc/avr/5.4.0/../../../avr/lib/avr35/crtatmega32u2.o
__tablejump2__                                    /usr/lib/gcc/avr/5.4.0/avr35/libgcc.a(_tablejump2.o)
                                                  obj_ad16/common/action.o
                                                  obj_ad16/protocol/lufa/LUFA-git/LUFA/Drivers/USB/Core/DeviceStandardReq.o
__vector_1                                        /usr/lib/gcc/avr/5.4.0/../../../avr/lib/avr35/crtatmega32u2.o
__vector_10                                       /usr/lib/gcc/avr/5.4.0/../../../avr/lib/avr35/crtatmega32u2.o
__vector_11                                       obj_ad16/protocol/lufa/LUFA-git/LUFA/Drivers/USB/Core/AVR8/USBInterrupt_AVR8.o
                                                  /usr/lib/gcc/avr/5.4.0/../../../avr/lib/avr35/crtatmega32u2.o
__vector_12                                       obj_ad16/protocol/lufa/LUFA-git/LUFA/Drivers/USB/Core/AVR8/USBInterrupt_AVR8.o
                                                  /usr/lib/gcc/avr/5.4.0/../../../avr/lib/avr35/crtatmega32u2.o
__vector_13                                       obj_ad16/common/avr/suspend.o
                                                  /usr/lib/gcc/avr/5.4.0/../../../avr/lib/avr35/crtatmega32u2.o
__vector_14                                       /usr/lib/gcc/avr/5.4.0/../../../avr/lib/avr35/crtatmega32u2.o
__vector_15                                       /usr/lib/gcc/avr/5.4.0/../../../avr/lib/avr35/crtatmega32u2.o
__vector_16                                       /usr/lib/gcc/avr/5.4.0/../../../avr/lib/avr35/crtatmega32u2.o
__vector_17                                       /usr/lib/gcc/avr/5.4.0/../../../avr/lib/avr35/crtatmega32u2.o
__vector_18                                       /usr/lib/gcc/avr/5.4.0/../../../avr/lib/avr35/crtatmega32u2.o
__vector_19                                       obj_ad16/common/avr/timer.o
                                                  /usr/lib/gcc/avr/5.4.0/../../../avr/lib/avr35/crtatmega32u2.o
__vector_2                                        /usr/lib/gcc/avr/5.4.0/../../../avr/lib/avr35/crtatmega32u2.o
__vector_20                                       /usr/lib/gcc/avr/5.4.0/../../../avr/lib/avr35/crtatmega32u2.o
__vector_21                                       /usr/lib/gcc/avr/5.4.0/../../../avr/lib/avr35/crtatmega32u2.o
__vector_22                                       /usr/lib/gcc/avr/5.4.0/../../../avr/lib/avr35/crtatmega32u2.o
__vector_23                                       /usr/lib/gcc/avr/5.4.0/../../../avr/lib/avr35/crtatmega32u2.o
__vector_24                                       /usr/lib/gcc/avr/5.4.0/../../../avr/lib/avr35/crtatmega32u2.o
__vector_25                                       /usr/lib/gcc/avr/5.4.0/../../../avr/lib/avr35/crtatmega32u2.o
__vector_26                                       /usr/lib/gcc/avr/5.4.0/../../../avr/lib/avr35/crtatmega32u2.o
__vector_27                                       /usr/lib/gcc/avr/5.4.0/../../../avr/lib/avr35/crtatmega32u2.o
__vector_28                                       /usr/lib/gcc/avr/5.4.0/../../../avr/lib/avr35/crtatmega32u2.o
__vector_3                                        /usr/lib/gcc/avr/5.4.0/../../../avr/lib/avr35/crtatmega32u2.o
__vector_4                                        /usr/lib/gcc/avr/5.4.0/../../../avr/lib/avr35/crtatmega32u2.o
__vector_5                                        /usr/lib/gcc/avr/5.4.0/../../../avr/lib/avr35/crtatmega32u2.o
__vector_6                                        /usr/lib/gcc/avr/5.4.0/../../../avr/lib/avr35/crtatmega32u2.o
__vector_7                                        /usr/lib/gcc/avr/5.4.0/../../../avr/lib/avr35/crtatmega32u2.o
__vector_8                                        /usr/lib/gcc/avr/5.4.0/../../../avr/lib/avr35/crtatmega32u2.o
__vector_9                                        /usr/lib/gcc/avr/5.4.0/../../../avr/lib/avr35/crtatmega32u2.o
__vector_default                                  /usr/lib/gcc/avr/5.4.0/../../../avr/lib/avr35/crtatmega32u2.o
__vectors                                         /usr/lib/gcc/avr/5.4.0/../../../avr/lib/avr35/crtatmega32u2.o
__xprintf                                         obj_ad16/common/avr/xprintf.o
_exit                                             /usr/lib/gcc/avr/5.4.0/avr35/libgcc.a(_exit.o)
action_exec                                       obj_ad16/common/action.o
                                                  obj_ad16/common/keyboard.o
action_for_key                                    obj_ad16/common/keymap.o
                                                  obj_ad16/common/bootmagic.o
                                                  obj_ad16/common/action_layer.o
action_function                                   obj_ad16/common/keymap.o
                                                  obj_ad16/common/action.o
action_get_macro                                  obj_ad16/common/keymap.o
                                                  obj_ad16/common/action.o
action_macro_play                                 obj_ad16/common/action_macro.o
                                                  obj_ad16/common/action.o
action_tapping_process                            obj_ad16/common/action_tapping.o
                                                  obj_ad16/common/action.o
add_key                                           obj_ad16/common/action_util.o
                                                  obj_ad16/common/action.o
add_mods                                          obj_ad16/common/action_util.o
                                                  obj_ad16/common/action.o
add_weak_mods                                     obj_ad16/common/action_util.o
                                                  obj_ad16/common/action_macro.o
                                                  obj_ad16/common/action.o
backlight_config                                  obj_ad16/common/backlight.o
backlight_decrease                                obj_ad16/common/backlight.o
                                                  obj_ad16/common/action.o
backlight_increase                                obj_ad16/common/backlight.o
                                                  obj_ad16/common/action.o
backlight_init                                    obj_ad16/common/backlight.o
                                                  obj_ad16/common/avr/suspend.o
                                                  obj_ad16/common/keyboard.o
backlight_level                                   obj_ad16/common/backlight.o
                                                  obj_ad16/common/action.o
backlight_set                                     obj_ad16/backlight.o
                                                  obj_ad16/common/backlight.o
backlight_step                                    obj_ad16/common/backlight.o
                                                  obj_ad16/common/action.o
backlight_toggle                                  obj_ad16/common/backlight.o
                                                  obj_ad16/common/action.o
biton                                             obj_ad16/common/util.o
                                                  obj_ad16/common/action_util.o
biton16                                           obj_ad16/common/util.o
biton32                                           obj_ad16/common/util.o
bitpop                                            obj_ad16/common/util.o
                                                  obj_ad16/common/action_util.o
bitpop16                                          obj_ad16/common/util.o
                                                  obj_ad16/matrix.o
bitpop32                                          obj_ad16/common/util.o
bitrev                                            obj_ad16/common/util.o
bitrev16                                          obj_ad16/common/util.o
bitrev32                                          obj_ad16/common/util.o
bootloader_jump                                   obj_ad16/common/avr/bootloader.o
                                                  obj_ad16/common/bootmagic.o
                                                  obj_ad16/common/keymap.o
bootloader_jump_after_watchdog_reset              obj_ad16/common/avr/bootloader.o
bootmagic                                         obj_ad16/common/bootmagic.o
                                                  obj_ad16/common/keyboard.o
bootmagic_scan_key                                obj_ad16/common/bootmagic.o
clear_keyboard                                    obj_ad16/common/action.o
                                                  obj_ad16/common/keymap.o
                                                  obj_ad16/common/avr/suspend.o
                                                  obj_ad16/common/action_tapping.o
                                                  obj_ad16/protocol/lufa/lufa.o