Archive member included to satisfy reference by file (symbol)

/usr/lib/gcc/avr/5.4.0/avr35/libgcc.a(_mulhi3.o)
                              obj_alps66v1/protocol/lufa/LUFA-git/LUFA/Drivers/USB/Class/Common/HIDParser.o (__mulhi3)
/usr/lib/gcc/avr/5.4.0/avr35/libgcc.a(_exit.o)
                              /usr/lib/gcc/avr/5.4.0/../../../avr/lib/avr35/crtatmega32u2.o (exit)
/usr/lib/gcc/avr/5.4.0/avr35/libgcc.a(_tablejump2.o)
                              obj_alps66v1/matrix.o (__tablejump2__)
/usr/lib/gcc/avr/5.4.0/avr35/libgcc.a(_copy_data.o)
                              obj_alps66v1/matrix.o (__do_copy_data)
/usr/lib/gcc/avr/5.4.0/avr35/libgcc.a(_clear_bss.o)
                              obj_alps66v1/matrix.o (__do_clear_bss)
/usr/lib/gcc/avr/5.4.0/../../../avr/lib/avr35/libatmega32u2.a(eerd_byte.o)
                              obj_alps66v1/protocol/lufa/LUFA-git/LUFA/Drivers/USB/Core/AVR8/EndpointStream_AVR8.o (eeprom_read_byte)
/usr/lib/gcc/avr/5.4.0/../../../avr/lib/avr35/libatmega32u2.a(eerd_word.o)
                              obj_alps66v1/common/avr/eeconfig.o (eeprom_read_word)
/usr/lib/gcc/avr/5.4.0/../../../avr/lib/avr35/libatmega32u2.a(eeupd_byte.o)
                              obj_alps66v1/protocol/lufa/LUFA-git/LUFA/Drivers/USB/Core/AVR8/EndpointStream_AVR8.o (eeprom_update_byte)
/usr/lib/gcc/avr/5.4.0/../../../avr/lib/avr35/libatmega32u2.a(eewr_byte.o)
                              obj_alps66v1/common/avr/eeconfig.o (eeprom_write_byte)
/usr/lib/gcc/avr/5.4.0/../../../avr/lib/avr35/libatmega32u2.a(eewr_word.o)
                              obj_alps66v1/common/avr/eeconfig.o (eeprom_write_word)
/usr/lib/gcc/avr/5.4.0/../../../avr/lib/avr35/libatmega32u2.a(eerd_block.o)
                              /usr/lib/gcc/avr/5.4.0/../../../avr/lib/avr35/libatmega32u2.a(eerd_word.o) (eeprom_read_blraw)

Allocating common symbols
Common symbol       size              file

USB_IsInitialized   0x1               obj_alps66v1/protocol/lufa/LUFA-git/LUFA/Drivers/USB/Core/USBTask.o
keymap_config       0x1               obj_alps66v1/common/bootmagic.o
USB_DeviceState     0x1               obj_alps66v1/protocol/lufa/LUFA-git/LUFA/Drivers/USB/Core/USBTask.o
USB_Device_ConfigurationNumber
                    0x1               obj_alps66v1/protocol/lufa/LUFA-git/LUFA/Drivers/USB/Core/DeviceStandardReq.o
USB_Device_CurrentlySelfPowered
                    0x1               obj_alps66v1/protocol/lufa/LUFA-git/LUFA/Drivers/USB/Core/DeviceStandardReq.o
USB_ControlRequest  0x8               obj_alps66v1/protocol/lufa/LUFA-git/LUFA/Drivers/USB/Core/USBTask.o
USB_Device_RemoteWakeupEnabled
                    0x1               obj_alps66v1/protocol/lufa/LUFA-git/LUFA/Drivers/USB/Core/DeviceStandardReq.o

Discarded input sections

 .data          0x0000000000000000        0x0 /usr/lib/gcc/avr/5.4.0/../../../avr/lib/avr35/crtatmega32u2.o
 .bss           0x0000000000000000        0x0 /usr/lib/gcc/avr/5.4.0/../../../avr/lib/avr35/crtatmega32u2.o
 .text          0x0000000000000000        0x0 obj_alps66v1/keymap.o
 .data          0x0000000000000000        0x0 obj_alps66v1/keymap.o
 .bss           0x0000000000000000        0x0 obj_alps66v1/keymap.o
 .text          0x0000000000000000        0x0 obj_alps66v1/matrix.o
 .data          0x0000000000000000        0x0 obj_alps66v1/matrix.o
 .bss           0x0000000000000000        0x0 obj_alps66v1/matrix.o
 .text.matrix_rows
                0x0000000000000000        0x4 obj_alps66v1/matrix.o
 .text.matrix_cols
                0x0000000000000000        0x4 obj_alps66v1/matrix.o
 .text.matrix_is_on
                0x0000000000000000       0x2c obj_alps66v1/matrix.o
 .text.matrix_key_count
                0x0000000000000000       0x2c obj_alps66v1/matrix.o
 .text          0x0000000000000000        0x0 obj_alps66v1/led.o
 .data          0x0000000000000000        0x0 obj_alps66v1/led.o
 .bss           0x0000000000000000        0x0 obj_alps66v1/led.o
 .text          0x0000000000000000        0x0 obj_alps66v1/protocol/lufa/lufa.o
 .data          0x0000000000000000        0x0 obj_alps66v1/protocol/lufa/lufa.o
 .bss           0x0000000000000000        0x0 obj_alps66v1/protocol/lufa/lufa.o
 .text.EVENT_USB_Device_Connect
                0x0000000000000000       0x1c obj_alps66v1/protocol/lufa/lufa.o
 .text.EVENT_USB_Device_Disconnect
                0x0000000000000000        0x6 obj_alps66v1/protocol/lufa/lufa.o
 .text.sendchar
                0x0000000000000000        0x4 obj_alps66v1/protocol/lufa/lufa.o
 .text          0x0000000000000000        0x0 obj_alps66v1/protocol/lufa/descriptor.o
 .data          0x0000000000000000        0x0 obj_alps66v1/protocol/lufa/descriptor.o
 .bss           0x0000000000000000        0x0 obj_alps66v1/protocol/lufa/descriptor.o
 .text          0x0000000000000000        0x0 obj_alps66v1/protocol/lufa/LUFA-git/LUFA/Drivers/USB/Class/Common/HIDParser.o
[...]
Memory Configuration

Name             Origin             Length             Attributes
text             0x0000000000000000 0x0000000000010000 xr
data             0x0000000000800060 0x000000000000ffa0 rw !x
eeprom           0x0000000000810000 0x0000000000010000 rw !x
fuse             0x0000000000820000 0x0000000000000003 rw !x
lock             0x0000000000830000 0x0000000000000400 rw !x
signature        0x0000000000840000 0x0000000000000400 rw !x
user_signatures  0x0000000000850000 0x0000000000000400 rw !x
*default*        0x0000000000000000 0xffffffffffffffff

Linker script and memory map

Address of section .data set to 0x800100
LOAD /usr/lib/gcc/avr/5.4.0/../../../avr/lib/avr35/crtatmega32u2.o
LOAD obj_alps66v1/keymap.o
LOAD obj_alps66v1/matrix.o
LOAD obj_alps66v1/led.o
LOAD obj_alps66v1/protocol/lufa/lufa.o
LOAD obj_alps66v1/protocol/lufa/descriptor.o
LOAD obj_alps66v1/protocol/lufa/LUFA-git/LUFA/Drivers/USB/Class/Common/HIDParser.o
LOAD obj_alps66v1/protocol/lufa/LUFA-git/LUFA/Drivers/USB/Core/AVR8/Device_AVR8.o
LOAD obj_alps66v1/protocol/lufa/LUFA-git/LUFA/Drivers/USB/Core/AVR8/EndpointStream_AVR8.o
LOAD obj_alps66v1/protocol/lufa/LUFA-git/LUFA/Drivers/USB/Core/AVR8/Endpoint_AVR8.o
LOAD obj_alps66v1/protocol/lufa/LUFA-git/LUFA/Drivers/USB/Core/AVR8/Host_AVR8.o
LOAD obj_alps66v1/protocol/lufa/LUFA-git/LUFA/Drivers/USB/Core/AVR8/PipeStream_AVR8.o
LOAD obj_alps66v1/protocol/lufa/LUFA-git/LUFA/Drivers/USB/Core/AVR8/Pipe_AVR8.o
LOAD obj_alps66v1/protocol/lufa/LUFA-git/LUFA/Drivers/USB/Core/AVR8/USBController_AVR8.o
LOAD obj_alps66v1/protocol/lufa/LUFA-git/LUFA/Drivers/USB/Core/AVR8/USBInterrupt_AVR8.o
LOAD obj_alps66v1/protocol/lufa/LUFA-git/LUFA/Drivers/USB/Core/ConfigDescriptors.o
LOAD obj_alps66v1/protocol/lufa/LUFA-git/LUFA/Drivers/USB/Core/DeviceStandardReq.o
LOAD obj_alps66v1/protocol/lufa/LUFA-git/LUFA/Drivers/USB/Core/Events.o
LOAD obj_alps66v1/protocol/lufa/LUFA-git/LUFA/Drivers/USB/Core/HostStandardReq.o
LOAD obj_alps66v1/protocol/lufa/LUFA-git/LUFA/Drivers/USB/Core/USBTask.o
LOAD obj_alps66v1/common/host.o
LOAD obj_alps66v1/common/keyboard.o
LOAD obj_alps66v1/common/matrix.o
LOAD obj_alps66v1/common/action.o
LOAD obj_alps66v1/common/action_tapping.o
LOAD obj_alps66v1/common/action_macro.o
LOAD obj_alps66v1/common/action_layer.o
LOAD obj_alps66v1/common/action_util.o
LOAD obj_alps66v1/common/print.o
LOAD obj_alps66v1/common/debug.o
LOAD obj_alps66v1/common/util.o
LOAD obj_alps66v1/common/hook.o
LOAD obj_alps66v1/common/avr/suspend.o
LOAD obj_alps66v1/common/avr/xprintf.o
LOAD obj_alps66v1/common/avr/timer.o
LOAD obj_alps66v1/common/avr/bootloader.o
LOAD obj_alps66v1/common/keymap.o
LOAD obj_alps66v1/common/bootmagic.o
LOAD obj_alps66v1/common/avr/eeconfig.o
LOAD obj_alps66v1/common/command.o
LOAD /usr/lib/gcc/avr/5.4.0/../../../avr/lib/avr35/libm.a
START GROUP
LOAD /usr/lib/gcc/avr/5.4.0/avr35/libgcc.a
LOAD /usr/lib/gcc/avr/5.4.0/../../../avr/lib/avr35/libm.a
LOAD /usr/lib/gcc/avr/5.4.0/../../../avr/lib/avr35/libc.a
LOAD /usr/lib/gcc/avr/5.4.0/../../../avr/lib/avr35/libatmega32u2.a
END GROUP
                0x0000000000010000                __TEXT_REGION_LENGTH__ = DEFINED (__TEXT_REGION_LENGTH__)?__TEXT_REGION_LENGTH__:0x10000
                0x000000000000ffa0                __DATA_REGION_LENGTH__ = DEFINED (__DATA_REGION_LENGTH__)?__DATA_REGION_LENGTH__:0xffa0
                0x0000000000010000                __EEPROM_REGION_LENGTH__ = DEFINED (__EEPROM_REGION_LENGTH__)?__EEPROM_REGION_LENGTH__:0x10000
                [0x0000000000000003]                __FUSE_REGION_LENGTH__ = DEFINED (__FUSE_REGION_LENGTH__)?__FUSE_REGION_LENGTH__:0x400
                0x0000000000000400                __LOCK_REGION_LENGTH__ = DEFINED (__LOCK_REGION_LENGTH__)?__LOCK_REGION_LENGTH__:0x400
                0x0000000000000400                __SIGNATURE_REGION_LENGTH__ = DEFINED (__SIGNATURE_REGION_LENGTH__)?__SIGNATURE_REGION_LENGTH__:0x400
                0x0000000000000400                __USER_SIGNATURE_REGION_LENGTH__ = DEFINED (__USER_SIGNATURE_REGION_LENGTH__)?__USER_SIGNATURE_REGION_LENGTH__:0x400

.hash
 *(.hash)

.dynsym
 *(.dynsym)

.dynstr
 *(.dynstr)

.gnu.version
 *(.gnu.version)

.gnu.version_d
 *(.gnu.version_d)

.gnu.version_r
 *(.gnu.version_r)

.rel.init
 *(.rel.init)

.rela.init
 *(.rela.init)

.rel.text
 *(.rel.text)
 *(.rel.text.*)
 *(.rel.gnu.linkonce.t*)

.rela.text
 *(.rela.text)
 *(.rela.text.*)
 *(.rela.gnu.linkonce.t*)

.rel.fini
 *(.rel.fini)

.rela.fini
 *(.rela.fini)

.rel.rodata
 *(.rel.rodata)
 *(.rel.rodata.*)
 *(.rel.gnu.linkonce.r*)

.rela.rodata
 *(.rela.rodata)
 *(.rela.rodata.*)
 *(.rela.gnu.linkonce.r*)

.rel.data
 *(.rel.data)
 *(.rel.data.*)
 *(.rel.gnu.linkonce.d*)

.rela.data
 *(.rela.data)
 *(.rela.data.*)
 *(.rela.gnu.linkonce.d*)

.rel.ctors
 *(.rel.ctors)

.rela.ctors
 *(.rela.ctors)

.rel.dtors
 *(.rel.dtors)

.rela.dtors
 *(.rela.dtors)

.rel.got
 *(.rel.got)

.rela.got
 *(.rela.got)

.rel.bss
 *(.rel.bss)

.rela.bss
 *(.rela.bss)

.rel.plt
 *(.rel.plt)

.rela.plt
 *(.rela.plt)

.text           0x0000000000000000     0x3666
 *(.vectors)
 .vectors       0x0000000000000000       0x74 /usr/lib/gcc/avr/5.4.0/../../../avr/lib/avr35/crtatmega32u2.o
                0x0000000000000000                __vectors
                0x0000000000000000                __vector_default
 *(.vectors)
 *(.progmem.gcc*)
 .progmem.gcc_sw_table.matrix_scan
                0x0000000000000074       0x12 obj_alps66v1/matrix.o
 .progmem.gcc_sw_table.USB_Device_ProcessControlRequest
                0x0000000000000086       0x14 obj_alps66v1/protocol/lufa/LUFA-git/LUFA/Drivers/USB/Core/DeviceStandardReq.o
 .progmem.gcc_sw_table.process_action
                0x000000000000009a       0x20 obj_alps66v1/common/action.o
                0x00000000000000ba                . = ALIGN (0x2)
                0x00000000000000ba                __trampolines_start = .
 *(.trampolines)
 .trampolines   0x00000000000000ba        0x0 linker stubs
 *(.trampolines*)
                0x00000000000000ba                __trampolines_end = .
 *libprintf_flt.a:*(.progmem.data)
 *libc.a:*(.progmem.data)
 *(.progmem*)
 .progmem.data.fn_actions
                0x00000000000000ba        0x6 obj_alps66v1/keymap.o
                0x00000000000000ba                fn_actions
 .progmem.data.keymaps
                0x00000000000000c0      0x12c obj_alps66v1/keymap.o
                0x00000000000000c0                keymaps
 .progmem.data.ProductString
                0x00000000000001ec       0x10 obj_alps66v1/protocol/lufa/descriptor.o
                0x00000000000001ec                ProductString
 .progmem.data.ManufacturerString
                0x00000000000001fc        0xa obj_alps66v1/protocol/lufa/descriptor.o
                0x00000000000001fc                ManufacturerString
 .progmem.data.LanguageString
                0x0000000000000206        0x4 obj_alps66v1/protocol/lufa/descriptor.o
                0x0000000000000206                LanguageString
 .progmem.data.ConfigurationDescriptor
                0x000000000000020a       0x54 obj_alps66v1/protocol/lufa/descriptor.o
                0x000000000000020a                ConfigurationDescriptor
 .progmem.data.DeviceDescriptor
                0x000000000000025e       0x12 obj_alps66v1/protocol/lufa/descriptor.o
                0x000000000000025e                DeviceDescriptor
 .progmem.data.NKROReport
                0x0000000000000270       0x39 obj_alps66v1/protocol/lufa/descriptor.o
                0x0000000000000270                NKROReport
 .progmem.data.ExtrakeyReport
                0x00000000000002a9       0x36 obj_alps66v1/protocol/lufa/descriptor.o
                0x00000000000002a9                ExtrakeyReport
 .progmem.data.KeyboardReport
                0x00000000000002df       0x40 obj_alps66v1/protocol/lufa/descriptor.o
                0x00000000000002df                KeyboardReport
                0x0000000000000320                . = ALIGN (0x2)
 *fill*         0x000000000000031f        0x1 
 *(.jumptables)
 *(.jumptables*)
 *(.lowtext)
 *(.lowtext*)
                0x0000000000000320                __ctors_start = .
 *(.ctors)
                0x0000000000000320                __ctors_end = .
                0x0000000000000320                __dtors_start = .
 *(.dtors)
                0x0000000000000320                __dtors_end = .
 SORT(*)(.ctors)
 SORT(*)(.dtors)
 *(.init0)
 .init0         0x0000000000000320        0x0 /usr/lib/gcc/avr/5.4.0/../../../avr/lib/avr35/crtatmega32u2.o
                0x0000000000000320                __init
 *(.init0)
 *(.init1)
 *(.init1)
 *(.init2)
 .init2         0x0000000000000320        0xc /usr/lib/gcc/avr/5.4.0/../../../avr/lib/avr35/crtatmega32u2.o
 *(.init2)
 *(.init3)
 .init3         0x000000000000032c       0x54 obj_alps66v1/common/avr/bootloader.o
                0x000000000000032c                bootloader_jump_after_watchdog_reset
 *(.init3)
 *(.init4)
 .init4         0x0000000000000380       0x16 /usr/lib/gcc/avr/5.4.0/avr35/libgcc.a(_copy_data.o)
                0x0000000000000380                __do_copy_data
 .init4         0x0000000000000396       0x10 /usr/lib/gcc/avr/5.4.0/avr35/libgcc.a(_clear_bss.o)
                0x0000000000000396                __do_clear_bss
 *(.init4)
 *(.init5)
 *(.init5)
 *(.init6)
 *(.init6)
 *(.init7)
 *(.init7)
 *(.init8)
 *(.init8)
 *(.init9)
 .init9         0x00000000000003a6        0x8 /usr/lib/gcc/avr/5.4.0/../../../avr/lib/avr35/crtatmega32u2.o
 *(.init9)
 *(.text)
 .text          0x00000000000003ae        0x4 /usr/lib/gcc/avr/5.4.0/../../../avr/lib/avr35/crtatmega32u2.o
                0x00000000000003ae                __vector_22
                0x00000000000003ae                __vector_28
                0x00000000000003ae                __vector_1
                0x00000000000003ae                __vector_24
                0x00000000000003ae                __bad_interrupt
                0x00000000000003ae                __vector_6
                0x00000000000003ae                __vector_3
                0x00000000000003ae                __vector_23
                0x00000000000003ae                __vector_25
                0x00000000000003ae                __vector_17
                0x00000000000003ae                __vector_7
                0x00000000000003ae                __vector_27
                0x00000000000003ae                __vector_5
                0x00000000000003ae                __vector_4
                0x00000000000003ae                __vector_9
                0x00000000000003ae                __vector_2
                0x00000000000003ae                __vector_21
                0x00000000000003ae                __vector_15
                0x00000000000003ae                __vector_8
                0x00000000000003ae                __vector_26
                0x00000000000003ae                __vector_14
                0x00000000000003ae                __vector_10
                0x00000000000003ae                __vector_16
                0x00000000000003ae                __vector_18
                0x00000000000003ae                __vector_20
                0x00000000000003b2                . = ALIGN (0x2)
 *(.text.*)
 .text.unselect_rows
                0x00000000000003b2       0x1a obj_alps66v1/matrix.o
 .text.matrix_init
                0x00000000000003cc       0x34 obj_alps66v1/matrix.o
                0x00000000000003cc                matrix_init
 .text.matrix_scan
                0x0000000000000400      0x1a8 obj_alps66v1/matrix.o
                0x0000000000000400                matrix_scan
 .text.matrix_get_row
                0x00000000000005a8       0x12 obj_alps66v1/matrix.o
                0x00000000000005a8                matrix_get_row
 .text.matrix_print
                0x00000000000005ba        0x2 obj_alps66v1/matrix.o
                0x00000000000005ba                matrix_print
 .text.led_set  0x00000000000005bc        0x2 obj_alps66v1/led.o
                0x00000000000005bc                led_set
 .text.keyboard_leds
                0x00000000000005be        0x6 obj_alps66v1/protocol/lufa/lufa.o
 .text.send_mouse
                0x00000000000005c4        0x2 obj_alps66v1/protocol/lufa/lufa.o
 .text.send_consumer
                0x00000000000005c6       0x68 obj_alps66v1/protocol/lufa/lufa.o
 .text.send_system
                0x000000000000062e       0x68 obj_alps66v1/protocol/lufa/lufa.o
 .text.send_keyboard
                0x0000000000000696       0xa4 obj_alps66v1/protocol/lufa/lufa.o
 .text.EVENT_USB_Device_Reset
                0x000000000000073a        0x2 obj_alps66v1/protocol/lufa/lufa.o
                0x000000000000073a                EVENT_USB_Device_Reset
 .text.EVENT_USB_Device_ConfigurationChanged
                0x000000000000073c       0x1e obj_alps66v1/protocol/lufa/lufa.o
                0x000000000000073c                EVENT_USB_Device_ConfigurationChanged
 .text.EVENT_USB_Device_ControlRequest
                0x000000000000075a      0x164 obj_alps66v1/protocol/lufa/lufa.o
                0x000000000000075a                EVENT_USB_Device_ControlRequest
 .text.hook_late_init
                0x00000000000008be        0x2 obj_alps66v1/protocol/lufa/lufa.o
                0x00000000000008be                hook_late_init
 .text.hook_early_init
                0x00000000000008c0        0x4 obj_alps66v1/protocol/lufa/lufa.o
                0x00000000000008c0                hook_early_init
 .text.hook_usb_suspend_entry
                0x00000000000008c4       0x1a obj_alps66v1/protocol/lufa/lufa.o
                0x00000000000008c4                hook_usb_suspend_entry
 .text.EVENT_USB_Device_Suspend
                0x00000000000008de        0x4 obj_alps66v1/protocol/lufa/lufa.o
                0x00000000000008de                EVENT_USB_Device_Suspend
 .text.hook_usb_suspend_loop
                0x00000000000008e2       0x18 obj_alps66v1/protocol/lufa/lufa.o
                0x00000000000008e2                hook_usb_suspend_loop
 .text.startup.main
                0x00000000000008fa       0x8c obj_alps66v1/protocol/lufa/lufa.o
                0x00000000000008fa                main
 .text.hook_usb_wakeup
                0x0000000000000986        0xe obj_alps66v1/protocol/lufa/lufa.o
                0x0000000000000986                hook_usb_wakeup
 .text.EVENT_USB_Device_WakeUp
                0x0000000000000994        0x4 obj_alps66v1/protocol/lufa/lufa.o
                0x0000000000000994                EVENT_USB_Device_WakeUp
 .text.CALLBACK_USB_GetDescriptor
                0x0000000000000998       0xac obj_alps66v1/protocol/lufa/descriptor.o
                0x0000000000000998                CALLBACK_USB_GetDescriptor
 .text.USB_Device_SendRemoteWakeup
                0x0000000000000a44       0x2c obj_alps66v1/protocol/lufa/LUFA-git/LUFA/Drivers/USB/Core/AVR8/Device_AVR8.o
                0x0000000000000a44                USB_Device_SendRemoteWakeup
 .text.Endpoint_Write_Stream_LE
                0x0000000000000a70       0x96 obj_alps66v1/protocol/lufa/LUFA-git/LUFA/Drivers/USB/Core/AVR8/EndpointStream_AVR8.o
                0x0000000000000a70                Endpoint_Write_Stream_LE
 .text.Endpoint_Write_Control_Stream_LE
                0x0000000000000b06       0xb6 obj_alps66v1/protocol/lufa/LUFA-git/LUFA/Drivers/USB/Core/AVR8/EndpointStream_AVR8.o
                0x0000000000000b06                Endpoint_Write_Control_Stream_LE
 .text.Endpoint_Write_Control_PStream_LE
                0x0000000000000bbc       0xbc obj_alps66v1/protocol/lufa/LUFA-git/LUFA/Drivers/USB/Core/AVR8/EndpointStream_AVR8.o
                0x0000000000000bbc                Endpoint_Write_Control_PStream_LE
 .text.Endpoint_ConfigureEndpoint_Prv
                0x0000000000000c78       0x6a obj_alps66v1/protocol/lufa/LUFA-git/LUFA/Drivers/USB/Core/AVR8/Endpoint_AVR8.o
                0x0000000000000c78                Endpoint_ConfigureEndpoint_Prv
 .text.Endpoint_ClearStatusStage
                0x0000000000000ce2       0x3e obj_alps66v1/protocol/lufa/LUFA-git/LUFA/Drivers/USB/Core/AVR8/Endpoint_AVR8.o
                0x0000000000000ce2                Endpoint_ClearStatusStage
 .text.Endpoint_WaitUntilReady
                0x0000000000000d20       0x66 obj_alps66v1/protocol/lufa/LUFA-git/LUFA/Drivers/USB/Core/AVR8/Endpoint_AVR8.o
                0x0000000000000d20                Endpoint_WaitUntilReady
 .text.USB_Disable
                0x0000000000000d86       0x2e obj_alps66v1/protocol/lufa/LUFA-git/LUFA/Drivers/USB/Core/AVR8/USBController_AVR8.o
                0x0000000000000d86                USB_Disable
 .text.USB_ResetInterface
                0x0000000000000db4       0x78 obj_alps66v1/protocol/lufa/LUFA-git/LUFA/Drivers/USB/Core/AVR8/USBController_AVR8.o
                0x0000000000000db4                USB_ResetInterface
 .text.USB_Init
                0x0000000000000e2c       0x14 obj_alps66v1/protocol/lufa/LUFA-git/LUFA/Drivers/USB/Core/AVR8/USBController_AVR8.o
                0x0000000000000e2c                USB_Init
 .text.USB_INT_DisableAllInterrupts
                0x0000000000000e40        0x6 obj_alps66v1/protocol/lufa/LUFA-git/LUFA/Drivers/USB/Core/AVR8/USBInterrupt_AVR8.o
                0x0000000000000e40                USB_INT_DisableAllInterrupts
 .text.USB_INT_ClearAllInterrupts
                0x0000000000000e46        0x6 obj_alps66v1/protocol/lufa/LUFA-git/LUFA/Drivers/USB/Core/AVR8/USBInterrupt_AVR8.o
                0x0000000000000e46                USB_INT_ClearAllInterrupts
 .text.__vector_11
                0x0000000000000e4c      0x15e obj_alps66v1/protocol/lufa/LUFA-git/LUFA/Drivers/USB/Core/AVR8/USBInterrupt_AVR8.o
                0x0000000000000e4c                __vector_11
 .text.__vector_12
                0x0000000000000faa       0x88 obj_alps66v1/protocol/lufa/LUFA-git/LUFA/Drivers/USB/Core/AVR8/USBInterrupt_AVR8.o
                0x0000000000000faa                __vector_12
 .text.USB_Device_ProcessControlRequest
                0x0000000000001032      0x2ac obj_alps66v1/protocol/lufa/LUFA-git/LUFA/Drivers/USB/Core/DeviceStandardReq.o
                0x0000000000001032                USB_Device_ProcessControlRequest
 .text.USB_Event_Stub
                0x00000000000012de        0x2 obj_alps66v1/protocol/lufa/LUFA-git/LUFA/Drivers/USB/Core/Events.o
                0x00000000000012de                USB_Event_Stub
                0x00000000000012de                EVENT_USB_Device_StartOfFrame
 .text.host_set_driver
                0x00000000000012e0        0xa obj_alps66v1/common/host.o
                0x00000000000012e0                host_set_driver
 .text.host_keyboard_leds
                0x00000000000012ea       0x18 obj_alps66v1/common/host.o
                0x00000000000012ea                host_keyboard_leds
 .text.host_keyboard_send
                0x0000000000001302       0x16 obj_alps66v1/common/host.o
                0x0000000000001302                host_keyboard_send
 .text.host_system_send
                0x0000000000001318       0x2c obj_alps66v1/common/host.o
                0x0000000000001318                host_system_send
 .text.host_consumer_send
                0x0000000000001344       0x2c obj_alps66v1/common/host.o
                0x0000000000001344                host_consumer_send
 .text.keyboard_setup
                0x0000000000001370        0x4 obj_alps66v1/common/keyboard.o
                0x0000000000001370                keyboard_setup
 .text.keyboard_init
                0x0000000000001374        0xc obj_alps66v1/common/keyboard.o
                0x0000000000001374                keyboard_init
 .text.keyboard_task
                0x0000000000001380      0x146 obj_alps66v1/common/keyboard.o
                0x0000000000001380                keyboard_task
 .text.keyboard_set_leds
                0x00000000000014c6        0x4 obj_alps66v1/common/keyboard.o
                0x00000000000014c6                keyboard_set_leds
 .text.matrix_clear
                0x00000000000014ca        0x2 obj_alps66v1/common/matrix.o
                0x00000000000014ca                matrix_clear
 .text.matrix_setup
                0x00000000000014cc        0x2 obj_alps66v1/common/matrix.o
                0x00000000000014cc                matrix_setup
 .text.matrix_power_up
                0x00000000000014ce        0x2 obj_alps66v1/common/matrix.o
                0x00000000000014ce                matrix_power_up
 .text.matrix_power_down
                0x00000000000014d0        0x2 obj_alps66v1/common/matrix.o
                0x00000000000014d0                matrix_power_down
 .text.action_exec
                0x00000000000014d2       0x8c obj_alps66v1/common/action.o
                0x00000000000014d2                action_exec
 .text.register_code
                0x000000000000155e      0x1dc obj_alps66v1/common/action.o
                0x000000000000155e                register_code
 .text.unregister_code
                0x000000000000173a       0xd4 obj_alps66v1/common/action.o
                0x000000000000173a                unregister_code
 .text.register_mods
                0x000000000000180e        0xe obj_alps66v1/common/action.o
                0x000000000000180e                register_mods
 .text.unregister_mods
                0x000000000000181c        0xe obj_alps66v1/common/action.o
                0x000000000000181c                unregister_mods
 .text.process_action
                0x000000000000182a      0x5ca obj_alps66v1/common/action.o
                0x000000000000182a                process_action
 .text.clear_keyboard_but_mods
                0x0000000000001df4       0x1c obj_alps66v1/common/action.o
                0x0000000000001df4                clear_keyboard_but_mods
 .text.clear_keyboard
                0x0000000000001e10        0x8 obj_alps66v1/common/action.o
                0x0000000000001e10                clear_keyboard
 .text.is_tap_key
                0x0000000000001e18       0xbc obj_alps66v1/common/action.o
                0x0000000000001e18                is_tap_key
 .text.debug_event
                0x0000000000001ed4       0x1e obj_alps66v1/common/action.o
                0x0000000000001ed4                debug_event
 .text.debug_record
                0x0000000000001ef2       0x20 obj_alps66v1/common/action.o
                0x0000000000001ef2                debug_record
 .text.debug_waiting_buffer
                0x0000000000001f12       0x3e obj_alps66v1/common/action_tapping.o
 .text.debug_tapping_key
                0x0000000000001f50       0x1c obj_alps66v1/common/action_tapping.o
 .text.waiting_buffer_scan_tap
                0x0000000000001f6c       0xe6 obj_alps66v1/common/action_tapping.o
 .text.process_tapping
                0x0000000000002052      0x3fa obj_alps66v1/common/action_tapping.o
 .text.action_tapping_process
                0x000000000000244c      0x166 obj_alps66v1/common/action_tapping.o
                0x000000000000244c                action_tapping_process
 .text.action_macro_play
                0x00000000000025b2      0x136 obj_alps66v1/common/action_macro.o
                0x00000000000025b2                action_macro_play
 .text.layer_state_set
                0x00000000000026e8       0x14 obj_alps66v1/common/action_layer.o
 .text.default_layer_debug
                0x00000000000026fc        0x2 obj_alps66v1/common/action_layer.o
                0x00000000000026fc                default_layer_debug
 .text.default_layer_set
                0x00000000000026fe       0x14 obj_alps66v1/common/action_layer.o
                0x00000000000026fe                default_layer_set
 .text.default_layer_or
                0x0000000000002712       0x34 obj_alps66v1/common/action_layer.o
                0x0000000000002712                default_layer_or
 .text.default_layer_and
                0x0000000000002746       0x34 obj_alps66v1/common/action_layer.o
                0x0000000000002746                default_layer_and
 .text.default_layer_xor
                0x000000000000277a       0x34 obj_alps66v1/common/action_layer.o
                0x000000000000277a                default_layer_xor
 .text.layer_clear
                0x00000000000027ae        0xa obj_alps66v1/common/action_layer.o
                0x00000000000027ae                layer_clear
 .text.layer_move
                0x00000000000027b8       0x2a obj_alps66v1/common/action_layer.o
                0x00000000000027b8                layer_move
 .text.layer_on
                0x00000000000027e2       0x42 obj_alps66v1/common/action_layer.o
                0x00000000000027e2                layer_on
 .text.layer_off
                0x0000000000002824       0x4a obj_alps66v1/common/action_layer.o
                0x0000000000002824                layer_off
 .text.layer_invert
                0x000000000000286e       0x42 obj_alps66v1/common/action_layer.o
                0x000000000000286e                layer_invert
 .text.layer_or
                0x00000000000028b0       0x24 obj_alps66v1/common/action_layer.o
                0x00000000000028b0                layer_or
 .text.layer_and
                0x00000000000028d4       0x24 obj_alps66v1/common/action_layer.o
                0x00000000000028d4                layer_and
 .text.layer_xor
                0x00000000000028f8       0x24 obj_alps66v1/common/action_layer.o
                0x00000000000028f8                layer_xor
 .text.layer_debug
                0x000000000000291c        0x2 obj_alps66v1/common/action_layer.o
                0x000000000000291c                layer_debug
 .text.layer_switch_get_action
                0x000000000000291e      0x116 obj_alps66v1/common/action_layer.o
                0x000000000000291e                layer_switch_get_action
 .text.add_key  0x0000000000002a34       0x7e obj_alps66v1/common/action_util.o
                0x0000000000002a34                add_key
 .text.del_key  0x0000000000002ab2       0x66 obj_alps66v1/common/action_util.o
                0x0000000000002ab2                del_key
 .text.clear_keys
                0x0000000000002b18       0x1c obj_alps66v1/common/action_util.o
                0x0000000000002b18                clear_keys
 .text.get_mods
                0x0000000000002b34        0x6 obj_alps66v1/common/action_util.o
                0x0000000000002b34                get_mods
 .text.add_mods
                0x0000000000002b3a        0xc obj_alps66v1/common/action_util.o
                0x0000000000002b3a                add_mods
 .text.del_mods
                0x0000000000002b46        0xe obj_alps66v1/common/action_util.o
                0x0000000000002b46                del_mods
 .text.set_mods
                0x0000000000002b54        0x6 obj_alps66v1/common/action_util.o
                0x0000000000002b54                set_mods
 .text.clear_mods
                0x0000000000002b5a        0x6 obj_alps66v1/common/action_util.o
                0x0000000000002b5a                clear_mods
 .text.add_weak_mods
                0x0000000000002b60        0xc obj_alps66v1/common/action_util.o
                0x0000000000002b60                add_weak_mods
 .text.del_weak_mods
                0x0000000000002b6c        0xe obj_alps66v1/common/action_util.o
                0x0000000000002b6c                del_weak_mods
 .text.clear_weak_mods
                0x0000000000002b7a        0x6 obj_alps66v1/common/action_util.o
                0x0000000000002b7a                clear_weak_mods
 .text.set_oneshot_mods
                0x0000000000002b80        0x6 obj_alps66v1/common/action_util.o
                0x0000000000002b80                set_oneshot_mods
 .text.clear_oneshot_mods
                0x0000000000002b86        0x6 obj_alps66v1/common/action_util.o
                0x0000000000002b86                clear_oneshot_mods
 .text.has_anykey
                0x0000000000002b8c       0x22 obj_alps66v1/common/action_util.o
                0x0000000000002b8c                has_anykey
 .text.send_keyboard_report
                0x0000000000002bae       0x4c obj_alps66v1/common/action_util.o
                0x0000000000002bae                send_keyboard_report
 .text.hook_keyboard_loop
                0x0000000000002bfa        0x2 obj_alps66v1/common/hook.o
                0x0000000000002bfa                hook_keyboard_loop
 .text.hook_matrix_change
                0x0000000000002bfc       0x1e obj_alps66v1/common/hook.o
                0x0000000000002bfc                hook_matrix_change
 .text.hook_default_layer_change
                0x0000000000002c1a        0x2 obj_alps66v1/common/hook.o
                0x0000000000002c1a                hook_default_layer_change
 .text.hook_layer_change
                0x0000000000002c1c        0x2 obj_alps66v1/common/hook.o
                0x0000000000002c1c                hook_layer_change
 .text.hook_keyboard_leds_change
                0x0000000000002c1e        0x4 obj_alps66v1/common/hook.o
                0x0000000000002c1e                hook_keyboard_leds_change
 .text.hook_bootmagic
                0x0000000000002c22        0x2 obj_alps66v1/common/hook.o
                0x0000000000002c22                hook_bootmagic
 .text.suspend_power_down
                0x0000000000002c24       0x52 obj_alps66v1/common/avr/suspend.o
                0x0000000000002c24                suspend_power_down
 .text.suspend_wakeup_condition
                0x0000000000002c76       0x2a obj_alps66v1/common/avr/suspend.o
                0x0000000000002c76                suspend_wakeup_condition
 .text.suspend_wakeup_init
                0x0000000000002ca0        0x8 obj_alps66v1/common/avr/suspend.o
                0x0000000000002ca0                suspend_wakeup_init
 .text.__vector_13
                0x0000000000002ca8       0x52 obj_alps66v1/common/avr/suspend.o
                0x0000000000002ca8                __vector_13
 .text.timer_init
                0x0000000000002cfa       0x12 obj_alps66v1/common/avr/timer.o
                0x0000000000002cfa                timer_init
 .text.timer_read
                0x0000000000002d0c       0x18 obj_alps66v1/common/avr/timer.o
                0x0000000000002d0c                timer_read
 .text.__vector_19
                0x0000000000002d24       0x4a obj_alps66v1/common/avr/timer.o
                0x0000000000002d24                __vector_19
 .text.bootloader_jump
                0x0000000000002d6e       0x44 obj_alps66v1/common/avr/bootloader.o
                0x0000000000002d6e                bootloader_jump
 .text.keycode_to_action
                0x0000000000002db2      0x128 obj_alps66v1/common/keymap.o
 .text.action_get_macro
                0x0000000000002eda        0x6 obj_alps66v1/common/keymap.o
                0x0000000000002eda                action_get_macro
 .text.action_function
                0x0000000000002ee0        0x2 obj_alps66v1/common/keymap.o
                0x0000000000002ee0                action_function
 .text.keymap_key_to_keycode
                0x0000000000002ee2       0x30 obj_alps66v1/common/keymap.o
                0x0000000000002ee2                keymap_key_to_keycode
 .text.keymap_fn_to_action
                0x0000000000002f12       0x12 obj_alps66v1/common/keymap.o
                0x0000000000002f12                keymap_fn_to_action
 .text.action_for_key
                0x0000000000002f24       0xe6 obj_alps66v1/common/keymap.o
                0x0000000000002f24                action_for_key
 .text.scan_key
                0x000000000000300a       0x92 obj_alps66v1/common/bootmagic.o
 .text.bootmagic_scan_key
                0x000000000000309c       0x24 obj_alps66v1/common/bootmagic.o
                0x000000000000309c                bootmagic_scan_key
 .text.bootmagic
                0x00000000000030c0      0x28c obj_alps66v1/common/bootmagic.o
                0x00000000000030c0                bootmagic
 .text.eeconfig_init
                0x000000000000334c       0x34 obj_alps66v1/common/avr/eeconfig.o
                0x000000000000334c                eeconfig_init
 .text.eeconfig_is_enabled
                0x0000000000003380       0x16 obj_alps66v1/common/avr/eeconfig.o
                0x0000000000003380                eeconfig_is_enabled
 .text.eeconfig_read_debug
                0x0000000000003396        0x8 obj_alps66v1/common/avr/eeconfig.o
                0x0000000000003396                eeconfig_read_debug
 .text.eeconfig_write_debug
                0x000000000000339e        0xa obj_alps66v1/common/avr/eeconfig.o
                0x000000000000339e                eeconfig_write_debug
 .text.eeconfig_read_default_layer
                0x00000000000033a8        0x8 obj_alps66v1/common/avr/eeconfig.o
                0x00000000000033a8                eeconfig_read_default_layer
 .text.eeconfig_write_default_layer
                0x00000000000033b0        0xa obj_alps66v1/common/avr/eeconfig.o
                0x00000000000033b0                eeconfig_write_default_layer
 .text.eeconfig_read_keymap
                0x00000000000033ba        0x8 obj_alps66v1/common/avr/eeconfig.o
                0x00000000000033ba                eeconfig_read_keymap
 .text.eeconfig_write_keymap
                0x00000000000033c2        0xa obj_alps66v1/common/avr/eeconfig.o
                0x00000000000033c2                eeconfig_write_keymap
 .text.command_common
                0x00000000000033cc      0x17a obj_alps66v1/common/command.o
 .text.command_console_extra
                0x0000000000003546        0x4 obj_alps66v1/common/command.o
                0x0000000000003546                command_console_extra
 .text.command_extra
                0x000000000000354a        0x4 obj_alps66v1/common/command.o
                0x000000000000354a                command_extra
 .text.command_proc
                0x000000000000354e       0x84 obj_alps66v1/common/command.o
                0x000000000000354e                command_proc
 .text.libgcc.mul
                0x00000000000035d2       0x22 /usr/lib/gcc/avr/5.4.0/avr35/libgcc.a(_mulhi3.o)
                0x00000000000035d2                __mulhi3
 .text.libgcc   0x00000000000035f4        0xc /usr/lib/gcc/avr/5.4.0/avr35/libgcc.a(_tablejump2.o)
                0x00000000000035f4                __tablejump2__
 .text.avr-libc
                0x0000000000003600       0x10 /usr/lib/gcc/avr/5.4.0/../../../avr/lib/avr35/libatmega32u2.a(eerd_byte.o)
                0x0000000000003600                eeprom_read_byte
 .text.avr-libc
                0x0000000000003610        0xc /usr/lib/gcc/avr/5.4.0/../../../avr/lib/avr35/libatmega32u2.a(eerd_word.o)
                0x0000000000003610                eeprom_read_word
 .text.avr-libc
                0x000000000000361c       0x1c /usr/lib/gcc/avr/5.4.0/../../../avr/lib/avr35/libatmega32u2.a(eewr_byte.o)
                0x000000000000361c                eeprom_write_byte
                0x000000000000361e                eeprom_write_r18
 .text.avr-libc
                0x0000000000003638        0xa /usr/lib/gcc/avr/5.4.0/../../../avr/lib/avr35/libatmega32u2.a(eewr_word.o)
                0x0000000000003638                eeprom_write_word
 .text.avr-libc
                0x0000000000003642       0x20 /usr/lib/gcc/avr/5.4.0/../../../avr/lib/avr35/libatmega32u2.a(eerd_block.o)
                0x0000000000003642                eeprom_read_block
                0x0000000000003646                eeprom_read_blraw
                0x0000000000003662                . = ALIGN (0x2)
 *(.fini9)
 .fini9         0x0000000000003662        0x0 /usr/lib/gcc/avr/5.4.0/avr35/libgcc.a(_exit.o)
                0x0000000000003662                exit
                0x0000000000003662                _exit
 *(.fini9)
 *(.fini8)
 *(.fini8)
 *(.fini7)
 *(.fini7)
 *(.fini6)
 *(.fini6)
 *(.fini5)
 *(.fini5)
 *(.fini4)
 *(.fini4)
 *(.fini3)
 *(.fini3)
 *(.fini2)
 *(.fini2)
 *(.fini1)
 *(.fini1)
 *(.fini0)
 .fini0         0x0000000000003662        0x4 /usr/lib/gcc/avr/5.4.0/avr35/libgcc.a(_exit.o)
 *(.fini0)
                0x0000000000003666                _etext = .

.data           0x0000000000800100       0x1e load address 0x0000000000003666
                0x0000000000800100                PROVIDE (__data_start, .)
 *(.data)
 *(.data*)
 .data.debouncing
                0x0000000000800100        0x1 obj_alps66v1/matrix.o
 .data.lufa_driver
                0x0000000000800101        0xa obj_alps66v1/protocol/lufa/lufa.o
                0x0000000000800101                lufa_driver
 .data.keyboard_protocol
                0x000000000080010b        0x1 obj_alps66v1/protocol/lufa/lufa.o
                0x000000000080010b                keyboard_protocol
 .data.keyboard_nkro
                0x000000000080010c        0x1 obj_alps66v1/common/host.o
                0x000000000080010c                keyboard_nkro
 .data.keyboard_report
                0x000000000080010d        0x2 obj_alps66v1/common/action_util.o
                0x000000000080010d                keyboard_report
 *(.rodata)
 *(.rodata*)
 .rodata.CSWTCH.3
                0x000000000080010f        0x3 obj_alps66v1/protocol/lufa/descriptor.o
 .rodata.CSWTCH.2
                0x0000000000800112        0x6 obj_alps66v1/protocol/lufa/descriptor.o
 .rodata.CSWTCH.1
                0x0000000000800118        0x6 obj_alps66v1/protocol/lufa/descriptor.o
 *(.gnu.linkonce.d*)
                0x000000000080011e                . = ALIGN (0x2)
                0x000000000080011e                _edata = .
                0x000000000080011e                PROVIDE (__data_end, .)

.bss            0x000000000080011e      0x142
                0x000000000080011e                PROVIDE (__bss_start, .)
 *(.bss)
 *(.bss*)
 .bss.matrix_debouncing
                0x000000000080011e       0x14 obj_alps66v1/matrix.o
 .bss.matrix    0x0000000000800132       0x14 obj_alps66v1/matrix.o
 .bss._led_stats
                0x0000000000800146        0x1 obj_alps66v1/protocol/lufa/lufa.o
 .bss.keyboard_report_sent
                0x0000000000800147       0x20 obj_alps66v1/protocol/lufa/lufa.o
 .bss.keyboard_led_stats
                0x0000000000800167        0x1 obj_alps66v1/protocol/lufa/lufa.o
 .bss.keyboard_idle
                0x0000000000800168        0x1 obj_alps66v1/protocol/lufa/lufa.o
                0x0000000000800168                keyboard_idle
 .bss.last_consumer_report
                0x0000000000800169        0x2 obj_alps66v1/common/host.o
 .bss.last_system_report
                0x000000000080016b        0x2 obj_alps66v1/common/host.o
 .bss.driver    0x000000000080016d        0x2 obj_alps66v1/common/host.o
 .bss.led_status.4898
                0x000000000080016f        0x1 obj_alps66v1/common/keyboard.o
 .bss.matrix_prev.4897
                0x0000000000800170       0x14 obj_alps66v1/common/keyboard.o
 .bss.waiting_buffer_tail
                0x0000000000800184        0x1 obj_alps66v1/common/action_tapping.o
 .bss.waiting_buffer_head
                0x0000000000800185        0x1 obj_alps66v1/common/action_tapping.o
 .bss.waiting_buffer
                0x0000000000800186       0x30 obj_alps66v1/common/action_tapping.o
 .bss.tapping_key
                0x00000000008001b6        0x6 obj_alps66v1/common/action_tapping.o
 .bss.layer_pressed
                0x00000000008001bc       0x64 obj_alps66v1/common/action_layer.o
 .bss.layer_state
                0x0000000000800220        0x4 obj_alps66v1/common/action_layer.o
                0x0000000000800220                layer_state
 .bss.default_layer_state
                0x0000000000800224        0x4 obj_alps66v1/common/action_layer.o
                0x0000000000800224                default_layer_state
 .bss.oneshot_mods
                0x0000000000800228        0x1 obj_alps66v1/common/action_util.o
 .bss.__compound_literal.0
                0x0000000000800229       0x20 obj_alps66v1/common/action_util.o
 .bss.weak_mods
                0x0000000000800249        0x1 obj_alps66v1/common/action_util.o
 .bss.real_mods
                0x000000000080024a        0x1 obj_alps66v1/common/action_util.o
 .bss.debug_config
                0x000000000080024b        0x1 obj_alps66v1/common/debug.o
                0x000000000080024b                debug_config
 .bss.wdt_timeout
                0x000000000080024c        0x1 obj_alps66v1/common/avr/suspend.o
 .bss.timer_count
                0x000000000080024d        0x4 obj_alps66v1/common/avr/timer.o
                0x000000000080024d                timer_count
 .bss.command_state
                0x0000000000800251        0x1 obj_alps66v1/common/command.o
                0x0000000000800251                command_state
 *(COMMON)
 COMMON         0x0000000000800252        0x3 obj_alps66v1/protocol/lufa/LUFA-git/LUFA/Drivers/USB/Core/DeviceStandardReq.o
                0x0000000000800252                USB_Device_ConfigurationNumber
                0x0000000000800253                USB_Device_CurrentlySelfPowered
                0x0000000000800254                USB_Device_RemoteWakeupEnabled
 COMMON         0x0000000000800255        0xa obj_alps66v1/protocol/lufa/LUFA-git/LUFA/Drivers/USB/Core/USBTask.o
                0x0000000000800255                USB_IsInitialized
                0x0000000000800256                USB_DeviceState
                0x0000000000800257                USB_ControlRequest
 COMMON         0x000000000080025f        0x1 obj_alps66v1/common/bootmagic.o
                0x000000000080025f                keymap_config
                0x0000000000800260                PROVIDE (__bss_end, .)
                0x0000000000003666                __data_load_start = LOADADDR (.data)
                0x0000000000003684                __data_load_end = (__data_load_start + SIZEOF (.data))

.noinit         0x0000000000800260        0x4
                [!provide]                        PROVIDE (__noinit_start, .)
 *(.noinit*)
 .noinit        0x0000000000800260        0x4 obj_alps66v1/common/avr/bootloader.o
                0x0000000000800260                reset_key
                [!provide]                        PROVIDE (__noinit_end, .)
                0x0000000000800264                _end = .
                [!provide]                        PROVIDE (__heap_start, .)

.eeprom         0x0000000000810000        0x0
 *(.eeprom*)
                0x0000000000810000                __eeprom_end = .

.fuse
 *(.fuse)
 *(.lfuse)
 *(.hfuse)
 *(.efuse)

.lock
 *(.lock*)

.signature
 *(.signature*)

.user_signatures
 *(.user_signatures*)

.stab
 *(.stab)

.stabstr        0x0000000000000000       0x76
 *(.stabstr)
 .stabstr       0x0000000000000000       0x76 obj_alps66v1/common/avr/xprintf.o

.stab.excl
 *(.stab.excl)

.stab.exclstr
 *(.stab.exclstr)

.stab.index
 *(.stab.index)

.stab.indexstr
 *(.stab.indexstr)

.comment        0x0000000000000000       0x11
 *(.comment)
 .comment       0x0000000000000000       0x11 obj_alps66v1/keymap.o
                                         0x12 (size before relaxing)
 .comment       0x0000000000000011       0x12 obj_alps66v1/matrix.o
 .comment       0x0000000000000011       0x12 obj_alps66v1/led.o
 .comment       0x0000000000000011       0x12 obj_alps66v1/protocol/lufa/lufa.o
 .comment       0x0000000000000011       0x12 obj_alps66v1/protocol/lufa/descriptor.o
 .comment       0x0000000000000011       0x12 obj_alps66v1/protocol/lufa/LUFA-git/LUFA/Drivers/USB/Core/AVR8/Device_AVR8.o
 .comment       0x0000000000000011       0x12 obj_alps66v1/protocol/lufa/LUFA-git/LUFA/Drivers/USB/Core/AVR8/EndpointStream_AVR8.o
 .comment       0x0000000000000011       0x12 obj_alps66v1/protocol/lufa/LUFA-git/LUFA/Drivers/USB/Core/AVR8/Endpoint_AVR8.o
 .comment       0x0000000000000011       0x12 obj_alps66v1/protocol/lufa/LUFA-git/LUFA/Drivers/USB/Core/AVR8/USBController_AVR8.o
 .comment       0x0000000000000011       0x12 obj_alps66v1/protocol/lufa/LUFA-git/LUFA/Drivers/USB/Core/AVR8/USBInterrupt_AVR8.o
 .comment       0x0000000000000011       0x12 obj_alps66v1/protocol/lufa/LUFA-git/LUFA/Drivers/USB/Core/DeviceStandardReq.o
 .comment       0x0000000000000011       0x12 obj_alps66v1/protocol/lufa/LUFA-git/LUFA/Drivers/USB/Core/Events.o
 .comment       0x0000000000000011       0x12 obj_alps66v1/protocol/lufa/LUFA-git/LUFA/Drivers/USB/Core/USBTask.o
 .comment       0x0000000000000011       0x12 obj_alps66v1/common/host.o
 .comment       0x0000000000000011       0x12 obj_alps66v1/common/keyboard.o
 .comment       0x0000000000000011       0x12 obj_alps66v1/common/matrix.o
 .comment       0x0000000000000011       0x12 obj_alps66v1/common/action.o
 .comment       0x0000000000000011       0x12 obj_alps66v1/common/action_tapping.o
 .comment       0x0000000000000011       0x12 obj_alps66v1/common/action_macro.o
 .comment       0x0000000000000011       0x12 obj_alps66v1/common/action_layer.o
 .comment       0x0000000000000011       0x12 obj_alps66v1/common/action_util.o
 .comment       0x0000000000000011       0x12 obj_alps66v1/common/debug.o
 .comment       0x0000000000000011       0x12 obj_alps66v1/common/hook.o
 .comment       0x0000000000000011       0x12 obj_alps66v1/common/avr/suspend.o
 .comment       0x0000000000000011       0x12 obj_alps66v1/common/avr/timer.o
 .comment       0x0000000000000011       0x12 obj_alps66v1/common/avr/bootloader.o
 .comment       0x0000000000000011       0x12 obj_alps66v1/common/keymap.o
 .comment       0x0000000000000011       0x12 obj_alps66v1/common/bootmagic.o
 .comment       0x0000000000000011       0x12 obj_alps66v1/common/avr/eeconfig.o
 .comment       0x0000000000000011       0x12 obj_alps66v1/common/command.o

.note.gnu.avr.deviceinfo
                0x0000000000000000       0x40
 .note.gnu.avr.deviceinfo
                0x0000000000000000       0x40 /usr/lib/gcc/avr/5.4.0/../../../avr/lib/avr35/crtatmega32u2.o

.note.gnu.build-id
 *(.note.gnu.build-id)

.debug
 *(.debug)

.line
 *(.line)

.debug_srcinfo
 *(.debug_srcinfo)

.debug_sfnames
 *(.debug_sfnames)

.debug_aranges  0x0000000000000000      0x848
 *(.debug_aranges)
 .debug_aranges
                0x0000000000000000       0x18 obj_alps66v1/keymap.o
 .debug_aranges
                0x0000000000000018       0x58 obj_alps66v1/matrix.o
 .debug_aranges
                0x0000000000000070       0x20 obj_alps66v1/led.o
 .debug_aranges
                0x0000000000000090       0xa8 obj_alps66v1/protocol/lufa/lufa.o
 .debug_aranges
                0x0000000000000138       0x20 obj_alps66v1/protocol/lufa/descriptor.o
 .debug_aranges
                0x0000000000000158       0x20 obj_alps66v1/protocol/lufa/LUFA-git/LUFA/Drivers/USB/Core/AVR8/Device_AVR8.o
 .debug_aranges
                0x0000000000000178       0xc8 obj_alps66v1/protocol/lufa/LUFA-git/LUFA/Drivers/USB/Core/AVR8/EndpointStream_AVR8.o
 .debug_aranges
                0x0000000000000240       0x40 obj_alps66v1/protocol/lufa/LUFA-git/LUFA/Drivers/USB/Core/AVR8/Endpoint_AVR8.o
 .debug_aranges
                0x0000000000000280       0x30 obj_alps66v1/protocol/lufa/LUFA-git/LUFA/Drivers/USB/Core/AVR8/USBController_AVR8.o
 .debug_aranges
                0x00000000000002b0       0x38 obj_alps66v1/protocol/lufa/LUFA-git/LUFA/Drivers/USB/Core/AVR8/USBInterrupt_AVR8.o
 .debug_aranges
                0x00000000000002e8       0x20 obj_alps66v1/protocol/lufa/LUFA-git/LUFA/Drivers/USB/Core/DeviceStandardReq.o
 .debug_aranges
                0x0000000000000308       0x20 obj_alps66v1/protocol/lufa/LUFA-git/LUFA/Drivers/USB/Core/Events.o
 .debug_aranges
                0x0000000000000328       0x20 obj_alps66v1/protocol/lufa/LUFA-git/LUFA/Drivers/USB/Core/USBTask.o
 .debug_aranges
                0x0000000000000348       0x60 obj_alps66v1/common/host.o
 .debug_aranges
                0x00000000000003a8       0x38 obj_alps66v1/common/keyboard.o
 .debug_aranges
                0x00000000000003e0       0x30 obj_alps66v1/common/matrix.o
 .debug_aranges
                0x0000000000000410       0x80 obj_alps66v1/common/action.o
 .debug_aranges
                0x0000000000000490       0x40 obj_alps66v1/common/action_tapping.o
 .debug_aranges
                0x00000000000004d0       0x20 obj_alps66v1/common/action_macro.o
 .debug_aranges
                0x00000000000004f0       0x90 obj_alps66v1/common/action_layer.o
 .debug_aranges
                0x0000000000000580       0xb0 obj_alps66v1/common/action_util.o
 .debug_aranges
                0x0000000000000630       0x18 obj_alps66v1/common/debug.o
 .debug_aranges
                0x0000000000000648       0x38 obj_alps66v1/common/hook.o
 .debug_aranges
                0x0000000000000680       0x40 obj_alps66v1/common/avr/suspend.o
 .debug_aranges
                0x00000000000006c0       0x50 obj_alps66v1/common/avr/timer.o
 .debug_aranges
                0x0000000000000710       0x28 obj_alps66v1/common/avr/bootloader.o
 .debug_aranges
                0x0000000000000738       0x48 obj_alps66v1/common/keymap.o
 .debug_aranges
                0x0000000000000780       0x30 obj_alps66v1/common/bootmagic.o
 .debug_aranges
                0x00000000000007b0       0x68 obj_alps66v1/common/avr/eeconfig.o
 .debug_aranges
                0x0000000000000818       0x30 obj_alps66v1/common/command.o

.debug_pubnames
 *(.debug_pubnames)

.debug_info     0x0000000000000000     0xe4bf
 *(.debug_info .gnu.linkonce.wi.*)
 .debug_info    0x0000000000000000      0x6ba /usr/lib/gcc/avr/5.4.0/../../../avr/lib/avr35/crtatmega32u2.o
 .debug_info    0x00000000000006ba      0xb66 obj_alps66v1/keymap.o
 .debug_info    0x0000000000001220      0x3f0 obj_alps66v1/matrix.o
 .debug_info    0x0000000000001610       0x91 obj_alps66v1/led.o
 .debug_info    0x00000000000016a1     0x10bd obj_alps66v1/protocol/lufa/lufa.o
 .debug_info    0x000000000000275e      0x774 obj_alps66v1/protocol/lufa/descriptor.o
 .debug_info    0x0000000000002ed2       0xd2 obj_alps66v1/protocol/lufa/LUFA-git/LUFA/Drivers/USB/Core/AVR8/Device_AVR8.o
 .debug_info    0x0000000000002fa4     0x17c8 obj_alps66v1/protocol/lufa/LUFA-git/LUFA/Drivers/USB/Core/AVR8/EndpointStream_AVR8.o
 .debug_info    0x000000000000476c      0x620 obj_alps66v1/protocol/lufa/LUFA-git/LUFA/Drivers/USB/Core/AVR8/Endpoint_AVR8.o
 .debug_info    0x0000000000004d8c      0x483 obj_alps66v1/protocol/lufa/LUFA-git/LUFA/Drivers/USB/Core/AVR8/USBController_AVR8.o
 .debug_info    0x000000000000520f      0x724 obj_alps66v1/protocol/lufa/LUFA-git/LUFA/Drivers/USB/Core/AVR8/USBInterrupt_AVR8.o
 .debug_info    0x0000000000005933      0xa2b obj_alps66v1/protocol/lufa/LUFA-git/LUFA/Drivers/USB/Core/DeviceStandardReq.o
 .debug_info    0x000000000000635e       0x78 obj_alps66v1/protocol/lufa/LUFA-git/LUFA/Drivers/USB/Core/Events.o
 .debug_info    0x00000000000063d6      0x272 obj_alps66v1/protocol/lufa/LUFA-git/LUFA/Drivers/USB/Core/USBTask.o
 .debug_info    0x0000000000006648      0x4bb obj_alps66v1/common/host.o
 .debug_info    0x0000000000006b03      0x439 obj_alps66v1/common/keyboard.o
 .debug_info    0x0000000000006f3c      0x10b obj_alps66v1/common/matrix.o
 .debug_info    0x0000000000007047     0x1758 obj_alps66v1/common/action.o
 .debug_info    0x000000000000879f      0xe4d obj_alps66v1/common/action_tapping.o
 .debug_info    0x00000000000095ec      0x917 obj_alps66v1/common/action_macro.o
 .debug_info    0x0000000000009f03      0x8af obj_alps66v1/common/action_layer.o
 .debug_info    0x000000000000a7b2      0x605 obj_alps66v1/common/action_util.o
 .debug_info    0x000000000000adb7       0xfc obj_alps66v1/common/debug.o
 .debug_info    0x000000000000aeb3      0x1c9 obj_alps66v1/common/hook.o
 .debug_info    0x000000000000b07c      0x2c0 obj_alps66v1/common/avr/suspend.o
 .debug_info    0x000000000000b33c      0x204 obj_alps66v1/common/avr/timer.o
 .debug_info    0x000000000000b540      0x206 obj_alps66v1/common/avr/bootloader.o
 .debug_info    0x000000000000b746      0xf80 obj_alps66v1/common/keymap.o
 .debug_info    0x000000000000c6c6      0xfa4 obj_alps66v1/common/bootmagic.o
 .debug_info    0x000000000000d66a      0x37b obj_alps66v1/common/avr/eeconfig.o
 .debug_info    0x000000000000d9e5      0xada obj_alps66v1/common/command.o

.debug_abbrev   0x0000000000000000     0x3ab4
 *(.debug_abbrev)
 .debug_abbrev  0x0000000000000000      0x65d /usr/lib/gcc/avr/5.4.0/../../../avr/lib/avr35/crtatmega32u2.o
 .debug_abbrev  0x000000000000065d      0x100 obj_alps66v1/keymap.o
 .debug_abbrev  0x000000000000075d      0x23f obj_alps66v1/matrix.o
 .debug_abbrev  0x000000000000099c       0x60 obj_alps66v1/led.o
 .debug_abbrev  0x00000000000009fc      0x456 obj_alps66v1/protocol/lufa/lufa.o
 .debug_abbrev  0x0000000000000e52      0x184 obj_alps66v1/protocol/lufa/descriptor.o
 .debug_abbrev  0x0000000000000fd6       0x80 obj_alps66v1/protocol/lufa/LUFA-git/LUFA/Drivers/USB/Core/AVR8/Device_AVR8.o
 .debug_abbrev  0x0000000000001056      0x1ea obj_alps66v1/protocol/lufa/LUFA-git/LUFA/Drivers/USB/Core/AVR8/EndpointStream_AVR8.o
 .debug_abbrev  0x0000000000001240      0x226 obj_alps66v1/protocol/lufa/LUFA-git/LUFA/Drivers/USB/Core/AVR8/Endpoint_AVR8.o
 .debug_abbrev  0x0000000000001466      0x188 obj_alps66v1/protocol/lufa/LUFA-git/LUFA/Drivers/USB/Core/AVR8/USBController_AVR8.o
 .debug_abbrev  0x00000000000015ee      0x213 obj_alps66v1/protocol/lufa/LUFA-git/LUFA/Drivers/USB/Core/AVR8/USBInterrupt_AVR8.o
 .debug_abbrev  0x0000000000001801      0x29c obj_alps66v1/protocol/lufa/LUFA-git/LUFA/Drivers/USB/Core/DeviceStandardReq.o
 .debug_abbrev  0x0000000000001a9d       0x44 obj_alps66v1/protocol/lufa/LUFA-git/LUFA/Drivers/USB/Core/Events.o
 .debug_abbrev  0x0000000000001ae1      0x16b obj_alps66v1/protocol/lufa/LUFA-git/LUFA/Drivers/USB/Core/USBTask.o
 .debug_abbrev  0x0000000000001c4c      0x194 obj_alps66v1/common/host.o
 .debug_abbrev  0x0000000000001de0      0x1b0 obj_alps66v1/common/keyboard.o
 .debug_abbrev  0x0000000000001f90       0xc1 obj_alps66v1/common/matrix.o
 .debug_abbrev  0x0000000000002051      0x2d8 obj_alps66v1/common/action.o
 .debug_abbrev  0x0000000000002329      0x2c3 obj_alps66v1/common/action_tapping.o
 .debug_abbrev  0x00000000000025ec      0x17b obj_alps66v1/common/action_macro.o
 .debug_abbrev  0x0000000000002767      0x2a6 obj_alps66v1/common/action_layer.o
 .debug_abbrev  0x0000000000002a0d      0x2a2 obj_alps66v1/common/action_util.o
 .debug_abbrev  0x0000000000002caf       0x87 obj_alps66v1/common/debug.o
 .debug_abbrev  0x0000000000002d36      0x13e obj_alps66v1/common/hook.o
 .debug_abbrev  0x0000000000002e74      0x1b8 obj_alps66v1/common/avr/suspend.o
 .debug_abbrev  0x000000000000302c      0x11e obj_alps66v1/common/avr/timer.o
 .debug_abbrev  0x000000000000314a      0x171 obj_alps66v1/common/avr/bootloader.o
 .debug_abbrev  0x00000000000032bb      0x27d obj_alps66v1/common/keymap.o
 .debug_abbrev  0x0000000000003538      0x24a obj_alps66v1/common/bootmagic.o
 .debug_abbrev  0x0000000000003782       0xc2 obj_alps66v1/common/avr/eeconfig.o
 .debug_abbrev  0x0000000000003844      0x270 obj_alps66v1/common/command.o

.debug_line     0x0000000000000000     0x67f6
 *(.debug_line .debug_line.* .debug_line_end)
 .debug_line    0x0000000000000000       0x1a /usr/lib/gcc/avr/5.4.0/../../../avr/lib/avr35/crtatmega32u2.o
 .debug_line    0x000000000000001a       0xca obj_alps66v1/keymap.o
 .debug_line    0x00000000000000e4      0x2dc obj_alps66v1/matrix.o
 .debug_line    0x00000000000003c0       0x54 obj_alps66v1/led.o
 .debug_line    0x0000000000000414      0x870 obj_alps66v1/protocol/lufa/lufa.o
 .debug_line    0x0000000000000c84      0x224 obj_alps66v1/protocol/lufa/descriptor.o
 .debug_line    0x0000000000000ea8      0x14a obj_alps66v1/protocol/lufa/LUFA-git/LUFA/Drivers/USB/Core/AVR8/Device_AVR8.o
 .debug_line    0x0000000000000ff2     0x1477 obj_alps66v1/protocol/lufa/LUFA-git/LUFA/Drivers/USB/Core/AVR8/EndpointStream_AVR8.o
 .debug_line    0x0000000000002469      0x535 obj_alps66v1/protocol/lufa/LUFA-git/LUFA/Drivers/USB/Core/AVR8/Endpoint_AVR8.o
 .debug_line    0x000000000000299e      0x345 obj_alps66v1/protocol/lufa/LUFA-git/LUFA/Drivers/USB/Core/AVR8/USBController_AVR8.o
 .debug_line    0x0000000000002ce3      0x560 obj_alps66v1/protocol/lufa/LUFA-git/LUFA/Drivers/USB/Core/AVR8/USBInterrupt_AVR8.o
 .debug_line    0x0000000000003243      0x4e2 obj_alps66v1/protocol/lufa/LUFA-git/LUFA/Drivers/USB/Core/DeviceStandardReq.o
 .debug_line    0x0000000000003725       0x75 obj_alps66v1/protocol/lufa/LUFA-git/LUFA/Drivers/USB/Core/Events.o
 .debug_line    0x000000000000379a      0x1bd obj_alps66v1/protocol/lufa/LUFA-git/LUFA/Drivers/USB/Core/USBTask.o
 .debug_line    0x0000000000003957      0x1d9 obj_alps66v1/common/host.o
 .debug_line    0x0000000000003b30      0x216 obj_alps66v1/common/keyboard.o
 .debug_line    0x0000000000003d46       0xb5 obj_alps66v1/common/matrix.o
 .debug_line    0x0000000000003dfb      0x99a obj_alps66v1/common/action.o
 .debug_line    0x0000000000004795      0x502 obj_alps66v1/common/action_tapping.o
 .debug_line    0x0000000000004c97      0x1f9 obj_alps66v1/common/action_macro.o
 .debug_line    0x0000000000004e90      0x2da obj_alps66v1/common/action_layer.o
 .debug_line    0x000000000000516a      0x382 obj_alps66v1/common/action_util.o
 .debug_line    0x00000000000054ec       0x6a obj_alps66v1/common/debug.o
 .debug_line    0x0000000000005556       0xbe obj_alps66v1/common/hook.o
 .debug_line    0x0000000000005614      0x266 obj_alps66v1/common/avr/suspend.o
 .debug_line    0x000000000000587a      0x1c2 obj_alps66v1/common/avr/timer.o
 .debug_line    0x0000000000005a3c      0x1d6 obj_alps66v1/common/avr/bootloader.o
 .debug_line    0x0000000000005c12      0x3b2 obj_alps66v1/common/keymap.o
 .debug_line    0x0000000000005fc4      0x3e7 obj_alps66v1/common/bootmagic.o
 .debug_line    0x00000000000063ab      0x183 obj_alps66v1/common/avr/eeconfig.o
 .debug_line    0x000000000000652e      0x2c8 obj_alps66v1/common/command.o

.debug_frame    0x0000000000000000     0x1558
 *(.debug_frame)
 .debug_frame   0x0000000000000000       0xe4 obj_alps66v1/matrix.o
 .debug_frame   0x00000000000000e4       0x24 obj_alps66v1/led.o
 .debug_frame   0x0000000000000108      0x178 obj_alps66v1/protocol/lufa/lufa.o
 .debug_frame   0x0000000000000280       0x24 obj_alps66v1/protocol/lufa/descriptor.o
 .debug_frame   0x00000000000002a4       0x24 obj_alps66v1/protocol/lufa/LUFA-git/LUFA/Drivers/USB/Core/AVR8/Device_AVR8.o
 .debug_frame   0x00000000000002c8      0x42c obj_alps66v1/protocol/lufa/LUFA-git/LUFA/Drivers/USB/Core/AVR8/EndpointStream_AVR8.o
 .debug_frame   0x00000000000006f4       0x7c obj_alps66v1/protocol/lufa/LUFA-git/LUFA/Drivers/USB/Core/AVR8/Endpoint_AVR8.o
 .debug_frame   0x0000000000000770       0x44 obj_alps66v1/protocol/lufa/LUFA-git/LUFA/Drivers/USB/Core/AVR8/USBController_AVR8.o
 .debug_frame   0x00000000000007b4      0x108 obj_alps66v1/protocol/lufa/LUFA-git/LUFA/Drivers/USB/Core/AVR8/USBInterrupt_AVR8.o
 .debug_frame   0x00000000000008bc       0x3c obj_alps66v1/protocol/lufa/LUFA-git/LUFA/Drivers/USB/Core/DeviceStandardReq.o
 .debug_frame   0x00000000000008f8       0x24 obj_alps66v1/protocol/lufa/LUFA-git/LUFA/Drivers/USB/Core/Events.o
 .debug_frame   0x000000000000091c       0x2c obj_alps66v1/protocol/lufa/LUFA-git/LUFA/Drivers/USB/Core/USBTask.o
 .debug_frame   0x0000000000000948       0xa4 obj_alps66v1/common/host.o
 .debug_frame   0x00000000000009ec       0xa4 obj_alps66v1/common/keyboard.o
 .debug_frame   0x0000000000000a90       0x9c obj_alps66v1/common/matrix.o
 .debug_frame   0x0000000000000b2c      0x180 obj_alps66v1/common/action.o
 .debug_frame   0x0000000000000cac       0xdc obj_alps66v1/common/action_tapping.o
 .debug_frame   0x0000000000000d88       0x50 obj_alps66v1/common/action_macro.o
 .debug_frame   0x0000000000000dd8      0x1d4 obj_alps66v1/common/action_layer.o
 .debug_frame   0x0000000000000fac      0x150 obj_alps66v1/common/action_util.o
 .debug_frame   0x00000000000010fc       0x88 obj_alps66v1/common/hook.o
 .debug_frame   0x0000000000001184       0x90 obj_alps66v1/common/avr/suspend.o
 .debug_frame   0x0000000000001214       0xf0 obj_alps66v1/common/avr/timer.o
 .debug_frame   0x0000000000001304       0x34 obj_alps66v1/common/avr/bootloader.o
 .debug_frame   0x0000000000001338       0x74 obj_alps66v1/common/keymap.o
 .debug_frame   0x00000000000013ac       0x90 obj_alps66v1/common/bootmagic.o
 .debug_frame   0x000000000000143c       0xb4 obj_alps66v1/common/avr/eeconfig.o
 .debug_frame   0x00000000000014f0       0x68 obj_alps66v1/common/command.o

.debug_str      0x0000000000000000     0x3ddd
 *(.debug_str)
 .debug_str     0x0000000000000000      0x262 /usr/lib/gcc/avr/5.4.0/../../../avr/lib/avr35/crtatmega32u2.o
 .debug_str     0x0000000000000262      0xefd obj_alps66v1/keymap.o
                                        0xf7c (size before relaxing)
 .debug_str     0x000000000000115f      0x114 obj_alps66v1/matrix.o
                                        0x2c4 (size before relaxing)
 .debug_str     0x0000000000001273       0x16 obj_alps66v1/led.o
                                        0x18f (size before relaxing)
 .debug_str     0x0000000000001289      0x78c obj_alps66v1/protocol/lufa/lufa.o
                                        0xa01 (size before relaxing)
 .debug_str     0x0000000000001a15      0x750 obj_alps66v1/protocol/lufa/descriptor.o
                                        0x94b (size before relaxing)
 .debug_str     0x0000000000002165       0x7e obj_alps66v1/protocol/lufa/LUFA-git/LUFA/Drivers/USB/Core/AVR8/Device_AVR8.o
                                        0x222 (size before relaxing)
 .debug_str     0x00000000000021e3      0x500 obj_alps66v1/protocol/lufa/LUFA-git/LUFA/Drivers/USB/Core/AVR8/EndpointStream_AVR8.o
                                        0x884 (size before relaxing)
 .debug_str     0x00000000000026e3      0x274 obj_alps66v1/protocol/lufa/LUFA-git/LUFA/Drivers/USB/Core/AVR8/Endpoint_AVR8.o
                                        0x644 (size before relaxing)
 .debug_str     0x0000000000002957      0x1ab obj_alps66v1/protocol/lufa/LUFA-git/LUFA/Drivers/USB/Core/AVR8/USBController_AVR8.o
                                        0x55a (size before relaxing)
 .debug_str     0x0000000000002b02      0x153 obj_alps66v1/protocol/lufa/LUFA-git/LUFA/Drivers/USB/Core/AVR8/USBInterrupt_AVR8.o
                                        0x5ab (size before relaxing)
 .debug_str     0x0000000000002c55      0x42d obj_alps66v1/protocol/lufa/LUFA-git/LUFA/Drivers/USB/Core/DeviceStandardReq.o
                                        0x9f6 (size before relaxing)
 .debug_str     0x0000000000003082       0x57 obj_alps66v1/protocol/lufa/LUFA-git/LUFA/Drivers/USB/Core/Events.o
                                        0x1c8 (size before relaxing)
 .debug_str     0x00000000000030d9       0x71 obj_alps66v1/protocol/lufa/LUFA-git/LUFA/Drivers/USB/Core/USBTask.o
                                        0x3a9 (size before relaxing)
 .debug_str     0x000000000000314a       0xd8 obj_alps66v1/common/host.o
                                        0x38b (size before relaxing)
 .debug_str     0x0000000000003222       0xe9 obj_alps66v1/common/keyboard.o
                                        0x37d (size before relaxing)
 .debug_str     0x000000000000330b       0x34 obj_alps66v1/common/matrix.o
                                        0x1db (size before relaxing)
 .debug_str     0x000000000000333f      0x2e5 obj_alps66v1/common/action.o
                                       0x137a (size before relaxing)
 .debug_str     0x0000000000003624       0xef obj_alps66v1/common/action_tapping.o
                                        0xd4c (size before relaxing)
 .debug_str     0x0000000000003713       0xa5 obj_alps66v1/common/action_macro.o
                                        0xb37 (size before relaxing)
 .debug_str     0x00000000000037b8       0xcc obj_alps66v1/common/action_layer.o
                                        0x45e (size before relaxing)
 .debug_str     0x0000000000003884       0xb6 obj_alps66v1/common/action_util.o
                                        0x397 (size before relaxing)
 .debug_str     0x000000000000393a       0x21 obj_alps66v1/common/debug.o
                                        0x1e2 (size before relaxing)
 .debug_str     0x000000000000395b       0x2f obj_alps66v1/common/hook.o
                                        0x24f (size before relaxing)
 .debug_str     0x000000000000398a       0x6d obj_alps66v1/common/avr/suspend.o
                                        0x36b (size before relaxing)
 .debug_str     0x00000000000039f7       0x72 obj_alps66v1/common/avr/timer.o
                                        0x21f (size before relaxing)
 .debug_str     0x0000000000003a69       0x7a obj_alps66v1/common/avr/bootloader.o
                                        0x28c (size before relaxing)
 .debug_str     0x0000000000003ae3       0xf3 obj_alps66v1/common/keymap.o
                                       0x1109 (size before relaxing)
 .debug_str     0x0000000000003bd6       0xe7 obj_alps66v1/common/bootmagic.o
                                        0xe29 (size before relaxing)
 .debug_str     0x0000000000003cbd       0x7e obj_alps66v1/common/avr/eeconfig.o
                                        0x2c6 (size before relaxing)
 .debug_str     0x0000000000003d3b       0xa2 obj_alps66v1/common/command.o
                                        0xc2e (size before relaxing)

.debug_loc      0x0000000000000000     0x6d3b
 *(.debug_loc)
 .debug_loc     0x0000000000000000      0x1fe obj_alps66v1/matrix.o
 .debug_loc     0x00000000000001fe      0x5db obj_alps66v1/protocol/lufa/lufa.o
 .debug_loc     0x00000000000007d9      0x20a obj_alps66v1/protocol/lufa/descriptor.o
 .debug_loc     0x00000000000009e3     0x1f6f obj_alps66v1/protocol/lufa/LUFA-git/LUFA/Drivers/USB/Core/AVR8/EndpointStream_AVR8.o
 .debug_loc     0x0000000000002952      0x399 obj_alps66v1/protocol/lufa/LUFA-git/LUFA/Drivers/USB/Core/AVR8/Endpoint_AVR8.o
 .debug_loc     0x0000000000002ceb       0x78 obj_alps66v1/protocol/lufa/LUFA-git/LUFA/Drivers/USB/Core/AVR8/USBController_AVR8.o
 .debug_loc     0x0000000000002d63      0x3b8 obj_alps66v1/protocol/lufa/LUFA-git/LUFA/Drivers/USB/Core/AVR8/USBInterrupt_AVR8.o
 .debug_loc     0x000000000000311b      0x2d7 obj_alps66v1/protocol/lufa/LUFA-git/LUFA/Drivers/USB/Core/DeviceStandardReq.o
 .debug_loc     0x00000000000033f2       0x49 obj_alps66v1/protocol/lufa/LUFA-git/LUFA/Drivers/USB/Core/USBTask.o
 .debug_loc     0x000000000000343b       0xd8 obj_alps66v1/common/host.o
 .debug_loc     0x0000000000003513      0x1c0 obj_alps66v1/common/keyboard.o
 .debug_loc     0x00000000000036d3       0x6f obj_alps66v1/common/matrix.o
 .debug_loc     0x0000000000003742     0x1642 obj_alps66v1/common/action.o
 .debug_loc     0x0000000000004d84      0x689 obj_alps66v1/common/action_tapping.o
 .debug_loc     0x000000000000540d      0x540 obj_alps66v1/common/action_macro.o
 .debug_loc     0x000000000000594d      0x5f1 obj_alps66v1/common/action_layer.o
 .debug_loc     0x0000000000005f3e      0x28a obj_alps66v1/common/action_util.o
 .debug_loc     0x00000000000061c8       0x69 obj_alps66v1/common/hook.o
 .debug_loc     0x0000000000006231       0xd9 obj_alps66v1/common/avr/suspend.o
 .debug_loc     0x000000000000630a      0x20a obj_alps66v1/common/avr/timer.o
 .debug_loc     0x0000000000006514       0x48 obj_alps66v1/common/avr/bootloader.o
 .debug_loc     0x000000000000655c      0x213 obj_alps66v1/common/keymap.o
 .debug_loc     0x000000000000676f      0x2ec obj_alps66v1/common/bootmagic.o
 .debug_loc     0x0000000000006a5b       0x84 obj_alps66v1/common/avr/eeconfig.o
 .debug_loc     0x0000000000006adf      0x25c obj_alps66v1/common/command.o

.debug_macinfo
 *(.debug_macinfo)

.debug_weaknames
 *(.debug_weaknames)

.debug_funcnames
 *(.debug_funcnames)

.debug_typenames
 *(.debug_typenames)

.debug_varnames
 *(.debug_varnames)

.debug_pubtypes
 *(.debug_pubtypes)

.debug_ranges   0x0000000000000000      0x9b8
 *(.debug_ranges)
 .debug_ranges  0x0000000000000000       0x60 obj_alps66v1/matrix.o
 .debug_ranges  0x0000000000000060       0x10 obj_alps66v1/led.o
 .debug_ranges  0x0000000000000070       0x98 obj_alps66v1/protocol/lufa/lufa.o
 .debug_ranges  0x0000000000000108       0x28 obj_alps66v1/protocol/lufa/descriptor.o
 .debug_ranges  0x0000000000000130       0x10 obj_alps66v1/protocol/lufa/LUFA-git/LUFA/Drivers/USB/Core/AVR8/Device_AVR8.o
 .debug_ranges  0x0000000000000140      0x1f8 obj_alps66v1/protocol/lufa/LUFA-git/LUFA/Drivers/USB/Core/AVR8/EndpointStream_AVR8.o
 .debug_ranges  0x0000000000000338       0x78 obj_alps66v1/protocol/lufa/LUFA-git/LUFA/Drivers/USB/Core/AVR8/Endpoint_AVR8.o
 .debug_ranges  0x00000000000003b0       0x20 obj_alps66v1/protocol/lufa/LUFA-git/LUFA/Drivers/USB/Core/AVR8/USBController_AVR8.o
 .debug_ranges  0x00000000000003d0       0x28 obj_alps66v1/protocol/lufa/LUFA-git/LUFA/Drivers/USB/Core/AVR8/USBInterrupt_AVR8.o
 .debug_ranges  0x00000000000003f8       0x28 obj_alps66v1/protocol/lufa/LUFA-git/LUFA/Drivers/USB/Core/DeviceStandardReq.o
 .debug_ranges  0x0000000000000420       0x10 obj_alps66v1/protocol/lufa/LUFA-git/LUFA/Drivers/USB/Core/Events.o
 .debug_ranges  0x0000000000000430       0x10 obj_alps66v1/protocol/lufa/LUFA-git/LUFA/Drivers/USB/Core/USBTask.o
 .debug_ranges  0x0000000000000440       0x50 obj_alps66v1/common/host.o
 .debug_ranges  0x0000000000000490       0x40 obj_alps66v1/common/keyboard.o
 .debug_ranges  0x00000000000004d0       0x20 obj_alps66v1/common/matrix.o
 .debug_ranges  0x00000000000004f0       0xf8 obj_alps66v1/common/action.o
 .debug_ranges  0x00000000000005e8       0x60 obj_alps66v1/common/action_tapping.o
 .debug_ranges  0x0000000000000648       0x28 obj_alps66v1/common/action_macro.o
 .debug_ranges  0x0000000000000670       0xe0 obj_alps66v1/common/action_layer.o
 .debug_ranges  0x0000000000000750       0xb8 obj_alps66v1/common/action_util.o
 .debug_ranges  0x0000000000000808       0x28 obj_alps66v1/common/hook.o
 .debug_ranges  0x0000000000000830       0x48 obj_alps66v1/common/avr/suspend.o
 .debug_ranges  0x0000000000000878       0x40 obj_alps66v1/common/avr/timer.o
 .debug_ranges  0x00000000000008b8       0x18 obj_alps66v1/common/avr/bootloader.o
 .debug_ranges  0x00000000000008d0       0x38 obj_alps66v1/common/keymap.o
 .debug_ranges  0x0000000000000908       0x38 obj_alps66v1/common/bootmagic.o
 .debug_ranges  0x0000000000000940       0x58 obj_alps66v1/common/avr/eeconfig.o
 .debug_ranges  0x0000000000000998       0x20 obj_alps66v1/common/command.o

.debug_macro
 *(.debug_macro)
OUTPUT(alps66v1.elf elf32-avr)
LOAD linker stubs

Cross Reference Table

Symbol                                            File
CALLBACK_HIDParser_FilterHIDReportItem            obj_alps66v1/protocol/lufa/LUFA-git/LUFA/Drivers/USB/Class/Common/HIDParser.o
CALLBACK_USB_GetDescriptor                        obj_alps66v1/protocol/lufa/descriptor.o
                                                  obj_alps66v1/protocol/lufa/LUFA-git/LUFA/Drivers/USB/Core/DeviceStandardReq.o
ConfigurationDescriptor                           obj_alps66v1/protocol/lufa/descriptor.o
DeviceDescriptor                                  obj_alps66v1/protocol/lufa/descriptor.o
EVENT_USB_Device_ConfigurationChanged             obj_alps66v1/protocol/lufa/lufa.o
                                                  obj_alps66v1/protocol/lufa/LUFA-git/LUFA/Drivers/USB/Core/DeviceStandardReq.o
EVENT_USB_Device_Connect                          obj_alps66v1/protocol/lufa/lufa.o
EVENT_USB_Device_ControlRequest                   obj_alps66v1/protocol/lufa/lufa.o
                                                  obj_alps66v1/protocol/lufa/LUFA-git/LUFA/Drivers/USB/Core/DeviceStandardReq.o
EVENT_USB_Device_Disconnect                       obj_alps66v1/protocol/lufa/lufa.o
EVENT_USB_Device_Reset                            obj_alps66v1/protocol/lufa/lufa.o
                                                  obj_alps66v1/protocol/lufa/LUFA-git/LUFA/Drivers/USB/Core/AVR8/USBInterrupt_AVR8.o
EVENT_USB_Device_StartOfFrame                     obj_alps66v1/protocol/lufa/LUFA-git/LUFA/Drivers/USB/Core/Events.o
                                                  obj_alps66v1/protocol/lufa/LUFA-git/LUFA/Drivers/USB/Core/AVR8/USBInterrupt_AVR8.o
EVENT_USB_Device_Suspend                          obj_alps66v1/protocol/lufa/lufa.o
                                                  obj_alps66v1/protocol/lufa/LUFA-git/LUFA/Drivers/USB/Core/AVR8/USBInterrupt_AVR8.o
EVENT_USB_Device_WakeUp                           obj_alps66v1/protocol/lufa/lufa.o
                                                  obj_alps66v1/protocol/lufa/LUFA-git/LUFA/Drivers/USB/Core/AVR8/USBInterrupt_AVR8.o
Endpoint_ClearEndpoints                           obj_alps66v1/protocol/lufa/LUFA-git/LUFA/Drivers/USB/Core/AVR8/Endpoint_AVR8.o
Endpoint_ClearStatusStage                         obj_alps66v1/protocol/lufa/LUFA-git/LUFA/Drivers/USB/Core/AVR8/Endpoint_AVR8.o
                                                  obj_alps66v1/protocol/lufa/LUFA-git/LUFA/Drivers/USB/Core/DeviceStandardReq.o
                                                  obj_alps66v1/protocol/lufa/lufa.o
Endpoint_ConfigureEndpointTable                   obj_alps66v1/protocol/lufa/LUFA-git/LUFA/Drivers/USB/Core/AVR8/Endpoint_AVR8.o
Endpoint_ConfigureEndpoint_Prv                    obj_alps66v1/protocol/lufa/LUFA-git/LUFA/Drivers/USB/Core/AVR8/Endpoint_AVR8.o
                                                  obj_alps66v1/protocol/lufa/LUFA-git/LUFA/Drivers/USB/Core/AVR8/USBInterrupt_AVR8.o
                                                  obj_alps66v1/protocol/lufa/LUFA-git/LUFA/Drivers/USB/Core/AVR8/USBController_AVR8.o
                                                  obj_alps66v1/protocol/lufa/lufa.o
Endpoint_Discard_Stream                           obj_alps66v1/protocol/lufa/LUFA-git/LUFA/Drivers/USB/Core/AVR8/EndpointStream_AVR8.o
Endpoint_Null_Stream                              obj_alps66v1/protocol/lufa/LUFA-git/LUFA/Drivers/USB/Core/AVR8/EndpointStream_AVR8.o
Endpoint_Read_Control_EStream_BE                  obj_alps66v1/protocol/lufa/LUFA-git/LUFA/Drivers/USB/Core/AVR8/EndpointStream_AVR8.o
Endpoint_Read_Control_EStream_LE                  obj_alps66v1/protocol/lufa/LUFA-git/LUFA/Drivers/USB/Core/AVR8/EndpointStream_AVR8.o
Endpoint_Read_Control_Stream_BE                   obj_alps66v1/protocol/lufa/LUFA-git/LUFA/Drivers/USB/Core/AVR8/EndpointStream_AVR8.o
Endpoint_Read_Control_Stream_LE                   obj_alps66v1/protocol/lufa/LUFA-git/LUFA/Drivers/USB/Core/AVR8/EndpointStream_AVR8.o
Endpoint_Read_EStream_BE                          obj_alps66v1/protocol/lufa/LUFA-git/LUFA/Drivers/USB/Core/AVR8/EndpointStream_AVR8.o
Endpoint_Read_EStream_LE                          obj_alps66v1/protocol/lufa/LUFA-git/LUFA/Drivers/USB/Core/AVR8/EndpointStream_AVR8.o
Endpoint_Read_Stream_BE                           obj_alps66v1/protocol/lufa/LUFA-git/LUFA/Drivers/USB/Core/AVR8/EndpointStream_AVR8.o
Endpoint_Read_Stream_LE                           obj_alps66v1/protocol/lufa/LUFA-git/LUFA/Drivers/USB/Core/AVR8/EndpointStream_AVR8.o
Endpoint_WaitUntilReady                           obj_alps66v1/protocol/lufa/LUFA-git/LUFA/Drivers/USB/Core/AVR8/Endpoint_AVR8.o
                                                  obj_alps66v1/protocol/lufa/LUFA-git/LUFA/Drivers/USB/Core/AVR8/EndpointStream_AVR8.o
Endpoint_Write_Control_EStream_BE                 obj_alps66v1/protocol/lufa/LUFA-git/LUFA/Drivers/USB/Core/AVR8/EndpointStream_AVR8.o
Endpoint_Write_Control_EStream_LE                 obj_alps66v1/protocol/lufa/LUFA-git/LUFA/Drivers/USB/Core/AVR8/EndpointStream_AVR8.o
Endpoint_Write_Control_PStream_BE                 obj_alps66v1/protocol/lufa/LUFA-git/LUFA/Drivers/USB/Core/AVR8/EndpointStream_AVR8.o
Endpoint_Write_Control_PStream_LE                 obj_alps66v1/protocol/lufa/LUFA-git/LUFA/Drivers/USB/Core/AVR8/EndpointStream_AVR8.o
                                                  obj_alps66v1/protocol/lufa/LUFA-git/LUFA/Drivers/USB/Core/DeviceStandardReq.o
Endpoint_Write_Control_Stream_BE                  obj_alps66v1/protocol/lufa/LUFA-git/LUFA/Drivers/USB/Core/AVR8/EndpointStream_AVR8.o
Endpoint_Write_Control_Stream_LE                  obj_alps66v1/protocol/lufa/LUFA-git/LUFA/Drivers/USB/Core/AVR8/EndpointStream_AVR8.o
                                                  obj_alps66v1/protocol/lufa/LUFA-git/LUFA/Drivers/USB/Core/DeviceStandardReq.o
                                                  obj_alps66v1/protocol/lufa/lufa.o
Endpoint_Write_EStream_BE                         obj_alps66v1/protocol/lufa/LUFA-git/LUFA/Drivers/USB/Core/AVR8/EndpointStream_AVR8.o
Endpoint_Write_EStream_LE                         obj_alps66v1/protocol/lufa/LUFA-git/LUFA/Drivers/USB/Core/AVR8/EndpointStream_AVR8.o
Endpoint_Write_PStream_BE                         obj_alps66v1/protocol/lufa/LUFA-git/LUFA/Drivers/USB/Core/AVR8/EndpointStream_AVR8.o
Endpoint_Write_PStream_LE                         obj_alps66v1/protocol/lufa/LUFA-git/LUFA/Drivers/USB/Core/AVR8/EndpointStream_AVR8.o
Endpoint_Write_Stream_BE                          obj_alps66v1/protocol/lufa/LUFA-git/LUFA/Drivers/USB/Core/AVR8/EndpointStream_AVR8.o
Endpoint_Write_Stream_LE                          obj_alps66v1/protocol/lufa/LUFA-git/LUFA/Drivers/USB/Core/AVR8/EndpointStream_AVR8.o
                                                  obj_alps66v1/protocol/lufa/lufa.o
ExtrakeyReport                                    obj_alps66v1/protocol/lufa/descriptor.o
KeyboardReport                                    obj_alps66v1/protocol/lufa/descriptor.o
LanguageString                                    obj_alps66v1/protocol/lufa/descriptor.o
ManufacturerString                                obj_alps66v1/protocol/lufa/descriptor.o
NKROReport                                        obj_alps66v1/protocol/lufa/descriptor.o
ProductString                                     obj_alps66v1/protocol/lufa/descriptor.o
USB_ControlRequest                                obj_alps66v1/protocol/lufa/LUFA-git/LUFA/Drivers/USB/Core/USBTask.o
                                                  obj_alps66v1/protocol/lufa/LUFA-git/LUFA/Drivers/USB/Core/DeviceStandardReq.o
                                                  obj_alps66v1/protocol/lufa/LUFA-git/LUFA/Drivers/USB/Core/AVR8/Endpoint_AVR8.o
                                                  obj_alps66v1/protocol/lufa/LUFA-git/LUFA/Drivers/USB/Core/AVR8/EndpointStream_AVR8.o
                                                  obj_alps66v1/protocol/lufa/lufa.o
USB_DeviceState                                   obj_alps66v1/protocol/lufa/LUFA-git/LUFA/Drivers/USB/Core/USBTask.o
                                                  obj_alps66v1/common/avr/suspend.o
                                                  obj_alps66v1/protocol/lufa/LUFA-git/LUFA/Drivers/USB/Core/DeviceStandardReq.o
                                                  obj_alps66v1/protocol/lufa/LUFA-git/LUFA/Drivers/USB/Core/AVR8/USBInterrupt_AVR8.o
                                                  obj_alps66v1/protocol/lufa/LUFA-git/LUFA/Drivers/USB/Core/AVR8/USBController_AVR8.o
                                                  obj_alps66v1/protocol/lufa/LUFA-git/LUFA/Drivers/USB/Core/AVR8/Endpoint_AVR8.o
                                                  obj_alps66v1/protocol/lufa/LUFA-git/LUFA/Drivers/USB/Core/AVR8/EndpointStream_AVR8.o
                                                  obj_alps66v1/protocol/lufa/lufa.o
USB_Device_ConfigurationNumber                    obj_alps66v1/protocol/lufa/LUFA-git/LUFA/Drivers/USB/Core/DeviceStandardReq.o
                                                  obj_alps66v1/protocol/lufa/LUFA-git/LUFA/Drivers/USB/Core/AVR8/USBInterrupt_AVR8.o
                                                  obj_alps66v1/protocol/lufa/LUFA-git/LUFA/Drivers/USB/Core/AVR8/USBController_AVR8.o
USB_Device_CurrentlySelfPowered                   obj_alps66v1/protocol/lufa/LUFA-git/LUFA/Drivers/USB/Core/DeviceStandardReq.o
                                                  obj_alps66v1/protocol/lufa/LUFA-git/LUFA/Drivers/USB/Core/AVR8/USBController_AVR8.o
USB_Device_ProcessControlRequest                  obj_alps66v1/protocol/lufa/LUFA-git/LUFA/Drivers/USB/Core/DeviceStandardReq.o
                                                  obj_alps66v1/protocol/lufa/LUFA-git/LUFA/Drivers/USB/Core/USBTask.o
                                                  obj_alps66v1/protocol/lufa/LUFA-git/LUFA/Drivers/USB/Core/AVR8/USBInterrupt_AVR8.o
USB_Device_RemoteWakeupEnabled                    obj_alps66v1/protocol/lufa/LUFA-git/LUFA/Drivers/USB/Core/DeviceStandardReq.o
                                                  obj_alps66v1/protocol/lufa/LUFA-git/LUFA/Drivers/USB/Core/AVR8/USBController_AVR8.o
                                                  obj_alps66v1/protocol/lufa/lufa.o
USB_Device_SendRemoteWakeup                       obj_alps66v1/protocol/lufa/LUFA-git/LUFA/Drivers/USB/Core/AVR8/Device_AVR8.o
                                                  obj_alps66v1/protocol/lufa/lufa.o
USB_Disable                                       obj_alps66v1/protocol/lufa/LUFA-git/LUFA/Drivers/USB/Core/AVR8/USBController_AVR8.o
                                                  obj_alps66v1/common/avr/bootloader.o
                                                  obj_alps66v1/protocol/lufa/lufa.o
USB_Event_Stub                                    obj_alps66v1/protocol/lufa/LUFA-git/LUFA/Drivers/USB/Core/Events.o
USB_GetHIDReportItemInfo                          obj_alps66v1/protocol/lufa/LUFA-git/LUFA/Drivers/USB/Class/Common/HIDParser.o
USB_GetHIDReportSize                              obj_alps66v1/protocol/lufa/LUFA-git/LUFA/Drivers/USB/Class/Common/HIDParser.o
USB_GetNextDescriptorComp                         obj_alps66v1/protocol/lufa/LUFA-git/LUFA/Drivers/USB/Core/ConfigDescriptors.o
USB_GetNextDescriptorOfType                       obj_alps66v1/protocol/lufa/LUFA-git/LUFA/Drivers/USB/Core/ConfigDescriptors.o
USB_GetNextDescriptorOfTypeAfter                  obj_alps66v1/protocol/lufa/LUFA-git/LUFA/Drivers/USB/Core/ConfigDescriptors.o
USB_GetNextDescriptorOfTypeBefore                 obj_alps66v1/protocol/lufa/LUFA-git/LUFA/Drivers/USB/Core/ConfigDescriptors.o
USB_INT_ClearAllInterrupts                        obj_alps66v1/protocol/lufa/LUFA-git/LUFA/Drivers/USB/Core/AVR8/USBInterrupt_AVR8.o
                                                  obj_alps66v1/protocol/lufa/LUFA-git/LUFA/Drivers/USB/Core/AVR8/USBController_AVR8.o
USB_INT_DisableAllInterrupts                      obj_alps66v1/protocol/lufa/LUFA-git/LUFA/Drivers/USB/Core/AVR8/USBInterrupt_AVR8.o
                                                  obj_alps66v1/protocol/lufa/LUFA-git/LUFA/Drivers/USB/Core/AVR8/USBController_AVR8.o
USB_Init                                          obj_alps66v1/protocol/lufa/LUFA-git/LUFA/Drivers/USB/Core/AVR8/USBController_AVR8.o
                                                  obj_alps66v1/protocol/lufa/lufa.o
USB_IsInitialized                                 obj_alps66v1/protocol/lufa/LUFA-git/LUFA/Drivers/USB/Core/USBTask.o
                                                  obj_alps66v1/protocol/lufa/LUFA-git/LUFA/Drivers/USB/Core/AVR8/USBController_AVR8.o
                                                  obj_alps66v1/protocol/lufa/lufa.o
USB_ProcessHIDReport                              obj_alps66v1/protocol/lufa/LUFA-git/LUFA/Drivers/USB/Class/Common/HIDParser.o
USB_ResetInterface                                obj_alps66v1/protocol/lufa/LUFA-git/LUFA/Drivers/USB/Core/AVR8/USBController_AVR8.o
USB_SetHIDReportItemInfo                          obj_alps66v1/protocol/lufa/LUFA-git/LUFA/Drivers/USB/Class/Common/HIDParser.o
USB_USBTask                                       obj_alps66v1/protocol/lufa/LUFA-git/LUFA/Drivers/USB/Core/USBTask.o
__FUSE_REGION_LENGTH__                            /usr/lib/gcc/avr/5.4.0/../../../avr/lib/avr35/crtatmega32u2.o
__bad_interrupt                                   /usr/lib/gcc/avr/5.4.0/../../../avr/lib/avr35/crtatmega32u2.o
__bss_end                                         /usr/lib/gcc/avr/5.4.0/avr35/libgcc.a(_clear_bss.o)
__bss_start                                       /usr/lib/gcc/avr/5.4.0/avr35/libgcc.a(_clear_bss.o)
__data_end                                        /usr/lib/gcc/avr/5.4.0/avr35/libgcc.a(_copy_data.o)
__data_load_start                                 /usr/lib/gcc/avr/5.4.0/avr35/libgcc.a(_copy_data.o)
__data_start                                      /usr/lib/gcc/avr/5.4.0/avr35/libgcc.a(_copy_data.o)
__do_clear_bss                                    /usr/lib/gcc/avr/5.4.0/avr35/libgcc.a(_clear_bss.o)
                                                  obj_alps66v1/common/command.o
                                                  obj_alps66v1/common/bootmagic.o
                                                  obj_alps66v1/common/avr/timer.o
                                                  obj_alps66v1/common/avr/suspend.o
                                                  obj_alps66v1/common/debug.o
                                                  obj_alps66v1/common/action_util.o
                                                  obj_alps66v1/common/action_layer.o
                                                  obj_alps66v1/common/action_tapping.o
                                                  obj_alps66v1/common/keyboard.o
                                                  obj_alps66v1/common/host.o
                                                  obj_alps66v1/protocol/lufa/LUFA-git/LUFA/Drivers/USB/Core/USBTask.o
                                                  obj_alps66v1/protocol/lufa/LUFA-git/LUFA/Drivers/USB/Core/DeviceStandardReq.o
                                                  obj_alps66v1/protocol/lufa/lufa.o
                                                  obj_alps66v1/matrix.o
__do_copy_data                                    /usr/lib/gcc/avr/5.4.0/avr35/libgcc.a(_copy_data.o)
                                                  obj_alps66v1/common/action_util.o
                                                  obj_alps66v1/common/host.o
                                                  obj_alps66v1/protocol/lufa/descriptor.o
                                                  obj_alps66v1/protocol/lufa/lufa.o
                                                  obj_alps66v1/matrix.o
__heap_end                                        /usr/lib/gcc/avr/5.4.0/../../../avr/lib/avr35/crtatmega32u2.o
__init                                            /usr/lib/gcc/avr/5.4.0/../../../avr/lib/avr35/crtatmega32u2.o
__mulhi3                                          /usr/lib/gcc/avr/5.4.0/avr35/libgcc.a(_mulhi3.o)
                                                  obj_alps66v1/common/keymap.o
                                                  obj_alps66v1/common/action_layer.o
                                                  obj_alps66v1/common/action_tapping.o
                                                  obj_alps66v1/protocol/lufa/LUFA-git/LUFA/Drivers/USB/Class/Common/HIDParser.o
__stack                                           /usr/lib/gcc/avr/5.4.0/../../../avr/lib/avr35/crtatmega32u2.o
__tablejump2__                                    /usr/lib/gcc/avr/5.4.0/avr35/libgcc.a(_tablejump2.o)
                                                  obj_alps66v1/common/action.o
                                                  obj_alps66v1/protocol/lufa/LUFA-git/LUFA/Drivers/USB/Core/DeviceStandardReq.o
                                                  obj_alps66v1/matrix.o
__vector_1                                        /usr/lib/gcc/avr/5.4.0/../../../avr/lib/avr35/crtatmega32u2.o
__vector_10                                       /usr/lib/gcc/avr/5.4.0/../../../avr/lib/avr35/crtatmega32u2.o
__vector_11                                       obj_alps66v1/protocol/lufa/LUFA-git/LUFA/Drivers/USB/Core/AVR8/USBInterrupt_AVR8.o
                                                  /usr/lib/gcc/avr/5.4.0/../../../avr/lib/avr35/crtatmega32u2.o
__vector_12                                       obj_alps66v1/protocol/lufa/LUFA-git/LUFA/Drivers/USB/Core/AVR8/USBInterrupt_AVR8.o
                                                  /usr/lib/gcc/avr/5.4.0/../../../avr/lib/avr35/crtatmega32u2.o
__vector_13                                       obj_alps66v1/common/avr/suspend.o
                                                  /usr/lib/gcc/avr/5.4.0/../../../avr/lib/avr35/crtatmega32u2.o
__vector_14                                       /usr/lib/gcc/avr/5.4.0/../../../avr/lib/avr35/crtatmega32u2.o
__vector_15                                       /usr/lib/gcc/avr/5.4.0/../../../avr/lib/avr35/crtatmega32u2.o
__vector_16                                       /usr/lib/gcc/avr/5.4.0/../../../avr/lib/avr35/crtatmega32u2.o
__vector_17                                       /usr/lib/gcc/avr/5.4.0/../../../avr/lib/avr35/crtatmega32u2.o
__vector_18                                       /usr/lib/gcc/avr/5.4.0/../../../avr/lib/avr35/crtatmega32u2.o
__vector_19                                       obj_alps66v1/common/avr/timer.o
                                                  /usr/lib/gcc/avr/5.4.0/../../../avr/lib/avr35/crtatmega32u2.o
__vector_2                                        /usr/lib/gcc/avr/5.4.0/../../../avr/lib/avr35/crtatmega32u2.o
__vector_20                                       /usr/lib/gcc/avr/5.4.0/../../../avr/lib/avr35/crtatmega32u2.o
__vector_21                                       /usr/lib/gcc/avr/5.4.0/../../../avr/lib/avr35/crtatmega32u2.o
__vector_22                                       /usr/lib/gcc/avr/5.4.0/../../../avr/lib/avr35/crtatmega32u2.o
__vector_23                                       /usr/lib/gcc/avr/5.4.0/../../../avr/lib/avr35/crtatmega32u2.o
__vector_24                                       /usr/lib/gcc/avr/5.4.0/../../../avr/lib/avr35/crtatmega32u2.o
__vector_25                                       /usr/lib/gcc/avr/5.4.0/../../../avr/lib/avr35/crtatmega32u2.o
__vector_26                                       /usr/lib/gcc/avr/5.4.0/../../../avr/lib/avr35/crtatmega32u2.o
__vector_27                                       /usr/lib/gcc/avr/5.4.0/../../../avr/lib/avr35/crtatmega32u2.o
__vector_28                                       /usr/lib/gcc/avr/5.4.0/../../../avr/lib/avr35/crtatmega32u2.o
__vector_3                                        /usr/lib/gcc/avr/5.4.0/../../../avr/lib/avr35/crtatmega32u2.o
__vector_4                                        /usr/lib/gcc/avr/5.4.0/../../../avr/lib/avr35/crtatmega32u2.o
__vector_5                                        /usr/lib/gcc/avr/5.4.0/../../../avr/lib/avr35/crtatmega32u2.o
__vector_6                                        /usr/lib/gcc/avr/5.4.0/../../../avr/lib/avr35/crtatmega32u2.o
__vector_7                                        /usr/lib/gcc/avr/5.4.0/../../../avr/lib/avr35/crtatmega32u2.o
__vector_8                                        /usr/lib/gcc/avr/5.4.0/../../../avr/lib/avr35/crtatmega32u2.o
__vector_9                                        /usr/lib/gcc/avr/5.4.0/../../../avr/lib/avr35/crtatmega32u2.o
__vector_default                                  /usr/lib/gcc/avr/5.4.0/../../../avr/lib/avr35/crtatmega32u2.o
__vectors                                         /usr/lib/gcc/avr/5.4.0/../../../avr/lib/avr35/crtatmega32u2.o
__xprintf                                         obj_alps66v1/common/avr/xprintf.o
_exit                                             /usr/lib/gcc/avr/5.4.0/avr35/libgcc.a(_exit.o)
action_exec                                       obj_alps66v1/common/action.o
                                                  obj_alps66v1/common/keyboard.o
action_for_key                                    obj_alps66v1/common/keymap.o
                                                  obj_alps66v1/common/bootmagic.o
                                                  obj_alps66v1/common/action_layer.o
action_function                                   obj_alps66v1/common/keymap.o
                                                  obj_alps66v1/common/action.o
action_get_macro                                  obj_alps66v1/common/keymap.o
                                                  obj_alps66v1/common/action.o
action_macro_play                                 obj_alps66v1/common/action_macro.o
                                                  obj_alps66v1/common/action.o
action_tapping_process                            obj_alps66v1/common/action_tapping.o
                                                  obj_alps66v1/common/action.o
add_key                                           obj_alps66v1/common/action_util.o
                                                  obj_alps66v1/common/action.o
add_mods                                          obj_alps66v1/common/action_util.o
                                                  obj_alps66v1/common/action.o
add_weak_mods                                     obj_alps66v1/common/action_util.o
                                                  obj_alps66v1/common/action_macro.o
                                                  obj_alps66v1/common/action.o
biton                                             obj_alps66v1/common/util.o
                                                  obj_alps66v1/common/action_util.o
biton16                                           obj_alps66v1/common/util.o
biton32                                           obj_alps66v1/common/util.o
bitpop                                            obj_alps66v1/common/util.o
                                                  obj_alps66v1/common/action_util.o
bitpop16                                          obj_alps66v1/common/util.o
                                                  obj_alps66v1/matrix.o
bitpop32                                          obj_alps66v1/common/util.o
bitrev                                            obj_alps66v1/common/util.o
bitrev16                                          obj_alps66v1/common/util.o
bitrev32                                          obj_alps66v1/common/util.o
bootloader_jump                                   obj_alps66v1/common/avr/bootloader.o
                                                  obj_alps66v1/common/command.o
                                                  obj_alps66v1/common/bootmagic.o
                                                  obj_alps66v1/common/keymap.o
bootloader_jump_after_watchdog_reset              obj_alps66v1/common/avr/bootloader.o
bootmagic                                         obj_alps66v1/common/bootmagic.o
                                                  obj_alps66v1/common/keyboard.o
bootmagic_scan_key                                obj_alps66v1/common/bootmagic.o
clear_keyboard                                    obj_alps66v1/common/action.o
                                                  obj_alps66v1/common/command.o