Archive member included to satisfy reference by file (symbol)

/usr/lib/gcc/avr/5.4.0/../../../avr/lib/avr35/libm.a(fixsfsi.o)
                              obj_alps64_ad/common/mousekey.o (__fixsfsi)
/usr/lib/gcc/avr/5.4.0/../../../avr/lib/avr35/libm.a(fixunssfsi.o)
                              /usr/lib/gcc/avr/5.4.0/../../../avr/lib/avr35/libm.a(fixsfsi.o) (__fixunssfsi)
/usr/lib/gcc/avr/5.4.0/../../../avr/lib/avr35/libm.a(floatsisf.o)
                              obj_alps64_ad/common/mousekey.o (__floatsisf)
/usr/lib/gcc/avr/5.4.0/../../../avr/lib/avr35/libm.a(fp_split3.o)
                              /usr/lib/gcc/avr/5.4.0/../../../avr/lib/avr35/libm.a(fixunssfsi.o) (__fp_splitA)
/usr/lib/gcc/avr/5.4.0/../../../avr/lib/avr35/libm.a(fp_zero.o)
                              /usr/lib/gcc/avr/5.4.0/../../../avr/lib/avr35/libm.a(fixunssfsi.o) (__fp_zero)
/usr/lib/gcc/avr/5.4.0/../../../avr/lib/avr35/libm.a(mulsf3.o)
                              obj_alps64_ad/common/mousekey.o (__mulsf3)
/usr/lib/gcc/avr/5.4.0/../../../avr/lib/avr35/libm.a(mulsf3x.o)
                              /usr/lib/gcc/avr/5.4.0/../../../avr/lib/avr35/libm.a(mulsf3.o) (__mulsf3x)
/usr/lib/gcc/avr/5.4.0/../../../avr/lib/avr35/libm.a(fp_inf.o)
                              /usr/lib/gcc/avr/5.4.0/../../../avr/lib/avr35/libm.a(mulsf3x.o) (__fp_inf)
/usr/lib/gcc/avr/5.4.0/../../../avr/lib/avr35/libm.a(fp_nan.o)
                              /usr/lib/gcc/avr/5.4.0/../../../avr/lib/avr35/libm.a(mulsf3x.o) (__fp_nan)
/usr/lib/gcc/avr/5.4.0/../../../avr/lib/avr35/libm.a(fp_pscA.o)
                              /usr/lib/gcc/avr/5.4.0/../../../avr/lib/avr35/libm.a(mulsf3x.o) (__fp_pscA)
/usr/lib/gcc/avr/5.4.0/../../../avr/lib/avr35/libm.a(fp_pscB.o)
                              /usr/lib/gcc/avr/5.4.0/../../../avr/lib/avr35/libm.a(mulsf3x.o) (__fp_pscB)
/usr/lib/gcc/avr/5.4.0/../../../avr/lib/avr35/libm.a(fp_round.o)
                              /usr/lib/gcc/avr/5.4.0/../../../avr/lib/avr35/libm.a(mulsf3.o) (__fp_round)
/usr/lib/gcc/avr/5.4.0/avr35/libgcc.a(_mulhi3.o)
                              obj_alps64_ad/protocol/lufa/LUFA-git/LUFA/Drivers/USB/Class/Common/HIDParser.o (__mulhi3)
/usr/lib/gcc/avr/5.4.0/avr35/libgcc.a(_udivmodqi4.o)
                              obj_alps64_ad/protocol/lufa/lufa.o (__udivmodqi4)
/usr/lib/gcc/avr/5.4.0/avr35/libgcc.a(_divmodhi4.o)
                              obj_alps64_ad/common/mousekey.o (__divmodhi4)
/usr/lib/gcc/avr/5.4.0/avr35/libgcc.a(_exit.o)
                              /usr/lib/gcc/avr/5.4.0/../../../avr/lib/avr35/crtatmega32u2.o (exit)
/usr/lib/gcc/avr/5.4.0/avr35/libgcc.a(_tablejump2.o)
                              obj_alps64_ad/matrix.o (__tablejump2__)
/usr/lib/gcc/avr/5.4.0/avr35/libgcc.a(_copy_data.o)
                              obj_alps64_ad/matrix.o (__do_copy_data)
/usr/lib/gcc/avr/5.4.0/avr35/libgcc.a(_clear_bss.o)
                              obj_alps64_ad/matrix.o (__do_clear_bss)
/usr/lib/gcc/avr/5.4.0/avr35/libgcc.a(_udivmodhi4.o)
                              /usr/lib/gcc/avr/5.4.0/avr35/libgcc.a(_divmodhi4.o) (__udivmodhi4)
/usr/lib/gcc/avr/5.4.0/../../../avr/lib/avr35/libatmega32u2.a(eerd_byte.o)
                              obj_alps64_ad/protocol/lufa/LUFA-git/LUFA/Drivers/USB/Core/AVR8/EndpointStream_AVR8.o (eeprom_read_byte)
/usr/lib/gcc/avr/5.4.0/../../../avr/lib/avr35/libatmega32u2.a(eerd_word.o)
                              obj_alps64_ad/common/avr/eeconfig.o (eeprom_read_word)
/usr/lib/gcc/avr/5.4.0/../../../avr/lib/avr35/libatmega32u2.a(eeupd_byte.o)
                              obj_alps64_ad/protocol/lufa/LUFA-git/LUFA/Drivers/USB/Core/AVR8/EndpointStream_AVR8.o (eeprom_update_byte)
/usr/lib/gcc/avr/5.4.0/../../../avr/lib/avr35/libatmega32u2.a(eewr_byte.o)
                              obj_alps64_ad/common/avr/eeconfig.o (eeprom_write_byte)
/usr/lib/gcc/avr/5.4.0/../../../avr/lib/avr35/libatmega32u2.a(eewr_word.o)
                              obj_alps64_ad/common/avr/eeconfig.o (eeprom_write_word)
/usr/lib/gcc/avr/5.4.0/../../../avr/lib/avr35/libatmega32u2.a(eerd_block.o)
                              /usr/lib/gcc/avr/5.4.0/../../../avr/lib/avr35/libatmega32u2.a(eerd_word.o) (eeprom_read_blraw)

Allocating common symbols
Common symbol       size              file

USB_IsInitialized   0x1               obj_alps64_ad/protocol/lufa/LUFA-git/LUFA/Drivers/USB/Core/USBTask.o
keymap_config       0x1               obj_alps64_ad/common/bootmagic.o
USB_DeviceState     0x1               obj_alps64_ad/protocol/lufa/LUFA-git/LUFA/Drivers/USB/Core/USBTask.o
USB_Device_ConfigurationNumber
                    0x1               obj_alps64_ad/protocol/lufa/LUFA-git/LUFA/Drivers/USB/Core/DeviceStandardReq.o
USB_Device_CurrentlySelfPowered
                    0x1               obj_alps64_ad/protocol/lufa/LUFA-git/LUFA/Drivers/USB/Core/DeviceStandardReq.o
USB_ControlRequest  0x8               obj_alps64_ad/protocol/lufa/LUFA-git/LUFA/Drivers/USB/Core/USBTask.o
[...]
Memory Configuration

Name             Origin             Length             Attributes
text             0x0000000000000000 0x0000000000010000 xr
data             0x0000000000800060 0x000000000000ffa0 rw !x
eeprom           0x0000000000810000 0x0000000000010000 rw !x
fuse             0x0000000000820000 0x0000000000000003 rw !x
lock             0x0000000000830000 0x0000000000000400 rw !x
signature        0x0000000000840000 0x0000000000000400 rw !x
user_signatures  0x0000000000850000 0x0000000000000400 rw !x
*default*        0x0000000000000000 0xffffffffffffffff

Linker script and memory map

Address of section .data set to 0x800100
LOAD /usr/lib/gcc/avr/5.4.0/../../../avr/lib/avr35/crtatmega32u2.o
LOAD obj_alps64_ad/keymap.o
LOAD obj_alps64_ad/matrix.o
LOAD obj_alps64_ad/led.o
LOAD obj_alps64_ad/protocol/lufa/lufa.o
LOAD obj_alps64_ad/protocol/lufa/descriptor.o
LOAD obj_alps64_ad/protocol/lufa/LUFA-git/LUFA/Drivers/USB/Class/Common/HIDParser.o
LOAD obj_alps64_ad/protocol/lufa/LUFA-git/LUFA/Drivers/USB/Core/AVR8/Device_AVR8.o
LOAD obj_alps64_ad/protocol/lufa/LUFA-git/LUFA/Drivers/USB/Core/AVR8/EndpointStream_AVR8.o
LOAD obj_alps64_ad/protocol/lufa/LUFA-git/LUFA/Drivers/USB/Core/AVR8/Endpoint_AVR8.o
LOAD obj_alps64_ad/protocol/lufa/LUFA-git/LUFA/Drivers/USB/Core/AVR8/Host_AVR8.o
LOAD obj_alps64_ad/protocol/lufa/LUFA-git/LUFA/Drivers/USB/Core/AVR8/PipeStream_AVR8.o
LOAD obj_alps64_ad/protocol/lufa/LUFA-git/LUFA/Drivers/USB/Core/AVR8/Pipe_AVR8.o
LOAD obj_alps64_ad/protocol/lufa/LUFA-git/LUFA/Drivers/USB/Core/AVR8/USBController_AVR8.o
LOAD obj_alps64_ad/protocol/lufa/LUFA-git/LUFA/Drivers/USB/Core/AVR8/USBInterrupt_AVR8.o
LOAD obj_alps64_ad/protocol/lufa/LUFA-git/LUFA/Drivers/USB/Core/ConfigDescriptors.o
LOAD obj_alps64_ad/protocol/lufa/LUFA-git/LUFA/Drivers/USB/Core/DeviceStandardReq.o
LOAD obj_alps64_ad/protocol/lufa/LUFA-git/LUFA/Drivers/USB/Core/Events.o
LOAD obj_alps64_ad/protocol/lufa/LUFA-git/LUFA/Drivers/USB/Core/HostStandardReq.o
LOAD obj_alps64_ad/protocol/lufa/LUFA-git/LUFA/Drivers/USB/Core/USBTask.o
LOAD obj_alps64_ad/common/host.o
LOAD obj_alps64_ad/common/keyboard.o
LOAD obj_alps64_ad/common/matrix.o
LOAD obj_alps64_ad/common/action.o
LOAD obj_alps64_ad/common/action_tapping.o
LOAD obj_alps64_ad/common/action_macro.o
LOAD obj_alps64_ad/common/action_layer.o
LOAD obj_alps64_ad/common/action_util.o
LOAD obj_alps64_ad/common/print.o
LOAD obj_alps64_ad/common/debug.o
LOAD obj_alps64_ad/common/util.o
LOAD obj_alps64_ad/common/hook.o
LOAD obj_alps64_ad/common/avr/suspend.o
LOAD obj_alps64_ad/common/avr/xprintf.o
LOAD obj_alps64_ad/common/avr/timer.o
LOAD obj_alps64_ad/common/avr/bootloader.o
LOAD obj_alps64_ad/common/keymap.o
LOAD obj_alps64_ad/common/bootmagic.o
LOAD obj_alps64_ad/common/avr/eeconfig.o
LOAD obj_alps64_ad/common/mousekey.o
LOAD obj_alps64_ad/common/command.o
LOAD /usr/lib/gcc/avr/5.4.0/../../../avr/lib/avr35/libm.a
START GROUP
LOAD /usr/lib/gcc/avr/5.4.0/avr35/libgcc.a
LOAD /usr/lib/gcc/avr/5.4.0/../../../avr/lib/avr35/libm.a
LOAD /usr/lib/gcc/avr/5.4.0/../../../avr/lib/avr35/libc.a
LOAD /usr/lib/gcc/avr/5.4.0/../../../avr/lib/avr35/libatmega32u2.a
END GROUP
                0x0000000000010000                __TEXT_REGION_LENGTH__ = DEFINED (__TEXT_REGION_LENGTH__)?__TEXT_REGION_LENGTH__:0x10000
                0x000000000000ffa0                __DATA_REGION_LENGTH__ = DEFINED (__DATA_REGION_LENGTH__)?__DATA_REGION_LENGTH__:0xffa0
                0x0000000000010000                __EEPROM_REGION_LENGTH__ = DEFINED (__EEPROM_REGION_LENGTH__)?__EEPROM_REGION_LENGTH__:0x10000
                [0x0000000000000003]                __FUSE_REGION_LENGTH__ = DEFINED (__FUSE_REGION_LENGTH__)?__FUSE_REGION_LENGTH__:0x400
                0x0000000000000400                __LOCK_REGION_LENGTH__ = DEFINED (__LOCK_REGION_LENGTH__)?__LOCK_REGION_LENGTH__:0x400
                0x0000000000000400                __SIGNATURE_REGION_LENGTH__ = DEFINED (__SIGNATURE_REGION_LENGTH__)?__SIGNATURE_REGION_LENGTH__:0x400
                0x0000000000000400                __USER_SIGNATURE_REGION_LENGTH__ = DEFINED (__USER_SIGNATURE_REGION_LENGTH__)?__USER_SIGNATURE_REGION_LENGTH__:0x400

.hash
 *(.hash)

.dynsym
 *(.dynsym)

.dynstr
 *(.dynstr)

.gnu.version
 *(.gnu.version)

.gnu.version_d
 *(.gnu.version_d)

.gnu.version_r
 *(.gnu.version_r)

.rel.init
 *(.rel.init)

.rela.init
 *(.rela.init)

.rel.text
 *(.rel.text)
 *(.rel.text.*)
 *(.rel.gnu.linkonce.t*)

.rela.text
 *(.rela.text)
 *(.rela.text.*)
 *(.rela.gnu.linkonce.t*)

.rel.fini
 *(.rel.fini)

.rela.fini
 *(.rela.fini)

.rel.rodata
 *(.rel.rodata)
 *(.rel.rodata.*)
 *(.rel.gnu.linkonce.r*)

.rela.rodata
 *(.rela.rodata)
 *(.rela.rodata.*)
 *(.rela.gnu.linkonce.r*)

.rel.data
 *(.rel.data)
 *(.rel.data.*)
 *(.rel.gnu.linkonce.d*)

.rela.data
 *(.rela.data)
 *(.rela.data.*)
 *(.rela.gnu.linkonce.d*)

.rel.ctors
 *(.rel.ctors)

.rela.ctors
 *(.rela.ctors)

.rel.dtors
 *(.rel.dtors)

.rela.dtors
 *(.rela.dtors)

.rel.got
 *(.rel.got)

.rela.got
 *(.rela.got)

.rel.bss
 *(.rel.bss)

.rela.bss
 *(.rela.bss)

.rel.plt
 *(.rel.plt)

.rela.plt
 *(.rela.plt)

.text           0x0000000000000000     0x5264
 *(.vectors)
 .vectors       0x0000000000000000       0x74 /usr/lib/gcc/avr/5.4.0/../../../avr/lib/avr35/crtatmega32u2.o
                0x0000000000000000                __vectors
                0x0000000000000000                __vector_default
 *(.vectors)
 *(.progmem.gcc*)
 .progmem.gcc_sw_table.matrix_scan
                0x0000000000000074        0xe obj_alps64_ad/matrix.o
 .progmem.gcc_sw_table.USB_Device_ProcessControlRequest
                0x0000000000000082       0x14 obj_alps64_ad/protocol/lufa/LUFA-git/LUFA/Drivers/USB/Core/DeviceStandardReq.o
 .progmem.gcc_sw_table.process_action
                0x0000000000000096       0x20 obj_alps64_ad/common/action.o
                0x00000000000000b6                . = ALIGN (0x2)
                0x00000000000000b6                __trampolines_start = .
 *(.trampolines)
 .trampolines   0x00000000000000b6        0x0 linker stubs
 *(.trampolines*)
                0x00000000000000b6                __trampolines_end = .
 *libprintf_flt.a:*(.progmem.data)
 *libc.a:*(.progmem.data)
 *(.progmem*)
 .progmem.data.fn_actions
                0x00000000000000b6        0x6 obj_alps64_ad/keymap.o
                0x00000000000000b6                fn_actions
 .progmem.data.keymaps
                0x00000000000000bc       0xc0 obj_alps64_ad/keymap.o
                0x00000000000000bc                keymaps
 .progmem.data.__c.1995
                0x000000000000017c        0x2 obj_alps64_ad/matrix.o
 .progmem.data.__c.1993
                0x000000000000017e        0x5 obj_alps64_ad/matrix.o
 .progmem.data.__c.1991
                0x0000000000000183        0xa obj_alps64_ad/matrix.o
 .progmem.data.__c.5007
                0x000000000000018d       0x11 obj_alps64_ad/protocol/lufa/lufa.o
 .progmem.data.__c.5005
                0x000000000000019e       0x11 obj_alps64_ad/protocol/lufa/lufa.o
 .progmem.data.__c.4996
                0x00000000000001af        0x8 obj_alps64_ad/protocol/lufa/lufa.o
 .progmem.data.ProductString
                0x00000000000001b7       0x16 obj_alps64_ad/protocol/lufa/descriptor.o
                0x00000000000001b7                ProductString
 .progmem.data.ManufacturerString
                0x00000000000001cd        0xa obj_alps64_ad/protocol/lufa/descriptor.o
                0x00000000000001cd                ManufacturerString
 .progmem.data.LanguageString
                0x00000000000001d7        0x4 obj_alps64_ad/protocol/lufa/descriptor.o
                0x00000000000001d7                LanguageString
 .progmem.data.ConfigurationDescriptor
                0x00000000000001db       0x74 obj_alps64_ad/protocol/lufa/descriptor.o
                0x00000000000001db                ConfigurationDescriptor
 .progmem.data.DeviceDescriptor
                0x000000000000024f       0x12 obj_alps64_ad/protocol/lufa/descriptor.o
                0x000000000000024f                DeviceDescriptor
 .progmem.data.ConsoleReport
                0x0000000000000261       0x22 obj_alps64_ad/protocol/lufa/descriptor.o
                0x0000000000000261                ConsoleReport
 .progmem.data.ExtrakeyReport
                0x0000000000000283       0x36 obj_alps64_ad/protocol/lufa/descriptor.o
                0x0000000000000283                ExtrakeyReport
 .progmem.data.MouseReport
                0x00000000000002b9       0x4d obj_alps64_ad/protocol/lufa/descriptor.o
                0x00000000000002b9                MouseReport
 .progmem.data.KeyboardReport
                0x0000000000000306       0x40 obj_alps64_ad/protocol/lufa/descriptor.o
                0x0000000000000306                KeyboardReport
 .progmem.data.__c.2192
                0x0000000000000346       0x10 obj_alps64_ad/common/host.o
 .progmem.data.__c.2187
                0x0000000000000356        0xe obj_alps64_ad/common/host.o
 .progmem.data.__c.2179
                0x0000000000000364        0x2 obj_alps64_ad/common/host.o
 .progmem.data.__c.2174
                0x0000000000000366        0x6 obj_alps64_ad/common/host.o
 .progmem.data.__c.2171
                0x000000000000036c        0xb obj_alps64_ad/common/host.o
 .progmem.data.__c.2537
                0x0000000000000377        0xb obj_alps64_ad/common/keyboard.o
 .progmem.data.__c.1851
                0x0000000000000382        0xe obj_alps64_ad/common/matrix.o
 .progmem.data.__c.1848
                0x0000000000000390        0xe obj_alps64_ad/common/matrix.o
 .progmem.data.__c.2616
                0x000000000000039e        0x7 obj_alps64_ad/common/bootmagic.o
 .progmem.data.__c.2610
                0x00000000000003a5       0x15 obj_alps64_ad/common/bootmagic.o
 .progmem.data.__c.2252
                0x00000000000003ba        0x3 obj_alps64_ad/common/mousekey.o
 .progmem.data.__c.2250
                0x00000000000003bd        0x3 obj_alps64_ad/common/mousekey.o
 .progmem.data.__c.2248
                0x00000000000003c0        0x2 obj_alps64_ad/common/mousekey.o
 .progmem.data.__c.2246
                0x00000000000003c2        0x3 obj_alps64_ad/common/mousekey.o
 .progmem.data.__c.2244
                0x00000000000003c5        0x3 obj_alps64_ad/common/mousekey.o
 .progmem.data.__c.2242
                0x00000000000003c8        0x3 obj_alps64_ad/common/mousekey.o
 .progmem.data.__c.2240
                0x00000000000003cb        0x2 obj_alps64_ad/common/mousekey.o
 .progmem.data.__c.2238
                0x00000000000003cd        0x3 obj_alps64_ad/common/mousekey.o
 .progmem.data.__c.2236
                0x00000000000003d0        0x2 obj_alps64_ad/common/mousekey.o
 .progmem.data.__c.2234
                0x00000000000003d2        0x3 obj_alps64_ad/common/mousekey.o
 .progmem.data.__c.2232
                0x00000000000003d5        0x2 obj_alps64_ad/common/mousekey.o
 .progmem.data.__c.2230
                0x00000000000003d7        0x3 obj_alps64_ad/common/mousekey.o
 .progmem.data.__c.2228
                0x00000000000003da        0x2 obj_alps64_ad/common/mousekey.o
 .progmem.data.__c.2226
                0x00000000000003dc        0x5 obj_alps64_ad/common/mousekey.o
 .progmem.data.__c.2224
                0x00000000000003e1       0x23 obj_alps64_ad/common/mousekey.o
 .progmem.data.__c.2982
                0x0000000000000404       0x1b obj_alps64_ad/common/command.o
 .progmem.data.__c.2979
                0x000000000000041f       0x19 obj_alps64_ad/common/command.o
 .progmem.data.__c.2976
                0x0000000000000438       0x15 obj_alps64_ad/common/command.o
 .progmem.data.__c.2973
                0x000000000000044d       0x13 obj_alps64_ad/common/command.o
 .progmem.data.__c.2970
                0x0000000000000460       0x12 obj_alps64_ad/common/command.o
 .progmem.data.__c.2966
                0x0000000000000472        0xf obj_alps64_ad/common/command.o
 .progmem.data.__c.2959
                0x0000000000000481       0x1b obj_alps64_ad/common/command.o
 .progmem.data.__c.2956
                0x000000000000049c       0x19 obj_alps64_ad/common/command.o
 .progmem.data.__c.2953
                0x00000000000004b5       0x15 obj_alps64_ad/common/command.o
 .progmem.data.__c.2950
                0x00000000000004ca       0x13 obj_alps64_ad/common/command.o
 .progmem.data.__c.2947
                0x00000000000004dd       0x12 obj_alps64_ad/common/command.o
 .progmem.data.__c.2943
                0x00000000000004ef        0xf obj_alps64_ad/common/command.o
 .progmem.data.__c.2936
                0x00000000000004fe        0x2 obj_alps64_ad/common/command.o
 .progmem.data.__c.2934
                0x0000000000000500        0x3 obj_alps64_ad/common/command.o
 .progmem.data.__c.2932
                0x0000000000000503       0x17 obj_alps64_ad/common/command.o
 .progmem.data.__c.2930
                0x000000000000051a        0x2 obj_alps64_ad/common/command.o
 .progmem.data.__c.2928
                0x000000000000051c        0x3 obj_alps64_ad/common/command.o
 .progmem.data.__c.2926
                0x000000000000051f       0x15 obj_alps64_ad/common/command.o
 .progmem.data.__c.2924
                0x0000000000000534        0x2 obj_alps64_ad/common/command.o
 .progmem.data.__c.2922
                0x0000000000000536        0x3 obj_alps64_ad/common/command.o
 .progmem.data.__c.2920
                0x0000000000000539       0x11 obj_alps64_ad/common/command.o
 .progmem.data.__c.2918
                0x000000000000054a        0x2 obj_alps64_ad/common/command.o
 .progmem.data.__c.2916
                0x000000000000054c        0x3 obj_alps64_ad/common/command.o
 .progmem.data.__c.2914
                0x000000000000054f        0xf obj_alps64_ad/common/command.o
 .progmem.data.__c.2912
                0x000000000000055e        0x2 obj_alps64_ad/common/command.o
 .progmem.data.__c.2910
                0x0000000000000560        0x3 obj_alps64_ad/common/command.o
 .progmem.data.__c.2908
                0x0000000000000563       0x12 obj_alps64_ad/common/command.o
 .progmem.data.__c.2906
                0x0000000000000575        0x2 obj_alps64_ad/common/command.o
 .progmem.data.__c.2904
                0x0000000000000577        0x3 obj_alps64_ad/common/command.o
 .progmem.data.__c.2902
                0x000000000000057a       0x12 obj_alps64_ad/common/command.o
 .progmem.data.__c.2900
                0x000000000000058c        0xe obj_alps64_ad/common/command.o
 .progmem.data.__c.3020
                0x000000000000059a        0x3 obj_alps64_ad/common/command.o
 .progmem.data.__c.3018
                0x000000000000059d        0x6 obj_alps64_ad/common/command.o
 .progmem.data.__c.3016
                0x00000000000005a3        0x2 obj_alps64_ad/common/command.o
 .progmem.data.__c.3013
                0x00000000000005a5        0xd obj_alps64_ad/common/command.o
 .progmem.data.__c.2999
                0x00000000000005b2        0x4 obj_alps64_ad/common/command.o
 .progmem.data.__c.2989
                0x00000000000005b6       0x4e obj_alps64_ad/common/command.o
 .progmem.data.__c.2987
                0x0000000000000604       0xfb obj_alps64_ad/common/command.o
 .progmem.data.__c.2892
                0x00000000000006ff        0x2 obj_alps64_ad/common/command.o
 .progmem.data.__c.2889
                0x0000000000000701        0x4 obj_alps64_ad/common/command.o
 .progmem.data.__c.2894
                0x0000000000000705        0x4 obj_alps64_ad/common/command.o
 .progmem.data.__c.3038
                0x0000000000000709        0x5 obj_alps64_ad/common/command.o
 .progmem.data.__c.2878
                0x000000000000070e       0x27 obj_alps64_ad/common/command.o
 .progmem.data.__c.2710
                0x0000000000000735       0x9d obj_alps64_ad/common/command.o
 .progmem.data.__c.2805
                0x00000000000007d2        0x2 obj_alps64_ad/common/command.o
 .progmem.data.__c.2803
                0x00000000000007d4        0x3 obj_alps64_ad/common/command.o
 .progmem.data.__c.2801
                0x00000000000007d7        0x8 obj_alps64_ad/common/command.o
 .progmem.data.__c.2799
                0x00000000000007df        0x2 obj_alps64_ad/common/command.o
 .progmem.data.__c.2797
                0x00000000000007e1        0x3 obj_alps64_ad/common/command.o
 .progmem.data.__c.2795
                0x00000000000007e4       0x1c obj_alps64_ad/common/command.o
 .progmem.data.__c.2793
                0x0000000000000800        0x2 obj_alps64_ad/common/command.o
 .progmem.data.__c.2791
                0x0000000000000802        0x3 obj_alps64_ad/common/command.o
 .progmem.data.__c.2789
                0x0000000000000805       0x12 obj_alps64_ad/common/command.o
 .progmem.data.__c.2787
                0x0000000000000817        0x2 obj_alps64_ad/common/command.o
 .progmem.data.__c.2785
                0x0000000000000819        0x3 obj_alps64_ad/common/command.o
 .progmem.data.__c.2783
                0x000000000000081c        0xa obj_alps64_ad/common/command.o
 .progmem.data.__c.2781
                0x0000000000000826        0x2 obj_alps64_ad/common/command.o
 .progmem.data.__c.2779
                0x0000000000000828        0x3 obj_alps64_ad/common/command.o
 .progmem.data.__c.2777
                0x000000000000082b       0x12 obj_alps64_ad/common/command.o
 .progmem.data.__c.2775
                0x000000000000083d        0x2 obj_alps64_ad/common/command.o
 .progmem.data.__c.2773
                0x000000000000083f        0x3 obj_alps64_ad/common/command.o
 .progmem.data.__c.2771
                0x0000000000000842       0x12 obj_alps64_ad/common/command.o
 .progmem.data.__c.2769
                0x0000000000000854        0x2 obj_alps64_ad/common/command.o
 .progmem.data.__c.2767
                0x0000000000000856        0x3 obj_alps64_ad/common/command.o
 .progmem.data.__c.2765
                0x0000000000000859       0x17 obj_alps64_ad/common/command.o
 .progmem.data.__c.2763
                0x0000000000000870        0x2 obj_alps64_ad/common/command.o
 .progmem.data.__c.2761
                0x0000000000000872        0x3 obj_alps64_ad/common/command.o
 .progmem.data.__c.2759
                0x0000000000000875       0x19 obj_alps64_ad/common/command.o
 .progmem.data.__c.2757
                0x000000000000088e        0x2 obj_alps64_ad/common/command.o
 .progmem.data.__c.2755
                0x0000000000000890        0x5 obj_alps64_ad/common/command.o
 .progmem.data.__c.2753
                0x0000000000000895       0x14 obj_alps64_ad/common/command.o
 .progmem.data.__c.2750
                0x00000000000008a9        0x2 obj_alps64_ad/common/command.o
 .progmem.data.__c.2748
                0x00000000000008ab        0x3 obj_alps64_ad/common/command.o
 .progmem.data.__c.2746
                0x00000000000008ae        0x9 obj_alps64_ad/common/command.o
 .progmem.data.__c.2744
                0x00000000000008b7        0x2 obj_alps64_ad/common/command.o
 .progmem.data.__c.2742
                0x00000000000008b9        0x3 obj_alps64_ad/common/command.o
 .progmem.data.__c.2740
                0x00000000000008bc        0xc obj_alps64_ad/common/command.o
 .progmem.data.__c.2738
                0x00000000000008c8        0x2 obj_alps64_ad/common/command.o
 .progmem.data.__c.2736
                0x00000000000008ca        0x3 obj_alps64_ad/common/command.o
 .progmem.data.__c.2734
                0x00000000000008cd        0xa obj_alps64_ad/common/command.o
 .progmem.data.__c.2732
                0x00000000000008d7        0x2 obj_alps64_ad/common/command.o
 .progmem.data.__c.2730
                0x00000000000008d9        0x3 obj_alps64_ad/common/command.o
 .progmem.data.__c.2728
                0x00000000000008dc        0xa obj_alps64_ad/common/command.o
 .progmem.data.__c.2726
                0x00000000000008e6        0x2 obj_alps64_ad/common/command.o
 .progmem.data.__c.2724
                0x00000000000008e8        0x5 obj_alps64_ad/common/command.o
 .progmem.data.__c.2722
                0x00000000000008ed       0x13 obj_alps64_ad/common/command.o
 .progmem.data.__c.2719
                0x0000000000000900        0x2 obj_alps64_ad/common/command.o
 .progmem.data.__c.2717
                0x0000000000000902        0x3 obj_alps64_ad/common/command.o
 .progmem.data.__c.2715
                0x0000000000000905       0x10 obj_alps64_ad/common/command.o
 .progmem.data.__c.2873
                0x0000000000000915        0x2 obj_alps64_ad/common/command.o
 .progmem.data.__c.2864
                0x0000000000000917       0x17 obj_alps64_ad/common/command.o
 .progmem.data.__c.2862
                0x000000000000092e       0x13 obj_alps64_ad/common/command.o
 .progmem.data.__c.2860
                0x0000000000000941       0x17 obj_alps64_ad/common/command.o
 .progmem.data.__c.2858
                0x0000000000000958       0x1a obj_alps64_ad/common/command.o
 .progmem.data.__c.2856
                0x0000000000000972        0xe obj_alps64_ad/common/command.o
 .progmem.data.__c.2853
                0x0000000000000980       0x2c obj_alps64_ad/common/command.o
 .progmem.data.__c.2851
                0x00000000000009ac       0x40 obj_alps64_ad/common/command.o
 .progmem.data.__c.2849
                0x00000000000009ec       0x2d obj_alps64_ad/common/command.o
 .progmem.data.__c.2847
                0x0000000000000a19       0x35 obj_alps64_ad/common/command.o
 .progmem.data.__c.2845
                0x0000000000000a4e       0x28 obj_alps64_ad/common/command.o
 .progmem.data.__c.2843
                0x0000000000000a76        0xf obj_alps64_ad/common/command.o
 .progmem.data.__c.2840
                0x0000000000000a85        0xd obj_alps64_ad/common/command.o
 .progmem.data.__c.2838
                0x0000000000000a92        0xc obj_alps64_ad/common/command.o
 .progmem.data.__c.2835
                0x0000000000000a9e       0x10 obj_alps64_ad/common/command.o
 .progmem.data.__c.2833
                0x0000000000000aae        0xf obj_alps64_ad/common/command.o
 .progmem.data.__c.2830
                0x0000000000000abd        0xe obj_alps64_ad/common/command.o
 .progmem.data.__c.2828
                0x0000000000000acb        0xd obj_alps64_ad/common/command.o
 .progmem.data.__c.2825
                0x0000000000000ad8        0xc obj_alps64_ad/common/command.o
 .progmem.data.__c.2823
                0x0000000000000ae4        0xd obj_alps64_ad/common/command.o
 .progmem.data.__c.2820
                0x0000000000000af1       0x11 obj_alps64_ad/common/command.o
 .progmem.data.__c.2817
                0x0000000000000b02        0x4 obj_alps64_ad/common/command.o
 .progmem.data.__c.2811
                0x0000000000000b06        0xb obj_alps64_ad/common/command.o
                0x0000000000000b12                . = ALIGN (0x2)
 *fill*         0x0000000000000b11        0x1 
 *(.jumptables)
 *(.jumptables*)
 *(.lowtext)
 *(.lowtext*)
                0x0000000000000b12                __ctors_start = .
 *(.ctors)
                0x0000000000000b12                __ctors_end = .
                0x0000000000000b12                __dtors_start = .
 *(.dtors)
                0x0000000000000b12                __dtors_end = .
 SORT(*)(.ctors)
 SORT(*)(.dtors)
 *(.init0)
 .init0         0x0000000000000b12        0x0 /usr/lib/gcc/avr/5.4.0/../../../avr/lib/avr35/crtatmega32u2.o
                0x0000000000000b12                __init
 *(.init0)
 *(.init1)
 *(.init1)
 *(.init2)
 .init2         0x0000000000000b12        0xc /usr/lib/gcc/avr/5.4.0/../../../avr/lib/avr35/crtatmega32u2.o
 *(.init2)
 *(.init3)
 .init3         0x0000000000000b1e       0x54 obj_alps64_ad/common/avr/bootloader.o
                0x0000000000000b1e                bootloader_jump_after_watchdog_reset
 *(.init3)
 *(.init4)
 .init4         0x0000000000000b72       0x16 /usr/lib/gcc/avr/5.4.0/avr35/libgcc.a(_copy_data.o)
                0x0000000000000b72                __do_copy_data
 .init4         0x0000000000000b88       0x10 /usr/lib/gcc/avr/5.4.0/avr35/libgcc.a(_clear_bss.o)
                0x0000000000000b88                __do_clear_bss
 *(.init4)
 *(.init5)
 *(.init5)
 *(.init6)
 *(.init6)
 *(.init7)
 *(.init7)
 *(.init8)
 *(.init8)
 *(.init9)
 .init9         0x0000000000000b98        0x8 /usr/lib/gcc/avr/5.4.0/../../../avr/lib/avr35/crtatmega32u2.o
 *(.init9)
 *(.text)
 .text          0x0000000000000ba0        0x4 /usr/lib/gcc/avr/5.4.0/../../../avr/lib/avr35/crtatmega32u2.o
                0x0000000000000ba0                __vector_22
                0x0000000000000ba0                __vector_28
                0x0000000000000ba0                __vector_1
                0x0000000000000ba0                __vector_24
                0x0000000000000ba0                __bad_interrupt
                0x0000000000000ba0                __vector_6
                0x0000000000000ba0                __vector_3
                0x0000000000000ba0                __vector_23
                0x0000000000000ba0                __vector_25
                0x0000000000000ba0                __vector_17
                0x0000000000000ba0                __vector_7
                0x0000000000000ba0                __vector_27
                0x0000000000000ba0                __vector_5
                0x0000000000000ba0                __vector_4
                0x0000000000000ba0                __vector_9
                0x0000000000000ba0                __vector_2
                0x0000000000000ba0                __vector_21
                0x0000000000000ba0                __vector_15
                0x0000000000000ba0                __vector_8
                0x0000000000000ba0                __vector_26
                0x0000000000000ba0                __vector_14
                0x0000000000000ba0                __vector_10
                0x0000000000000ba0                __vector_16
                0x0000000000000ba0                __vector_18
                0x0000000000000ba0                __vector_20
 .text          0x0000000000000ba4      0x15c obj_alps64_ad/common/avr/xprintf.o
                0x0000000000000ba4                xputc
                0x0000000000000bbc                xputs
                0x0000000000000bca                xitoa
                0x0000000000000cee                __xprintf
                0x0000000000000d00                . = ALIGN (0x2)
 *(.text.*)
 .text.unselect_rows
                0x0000000000000d00       0x12 obj_alps64_ad/matrix.o
 .text.matrix_init
                0x0000000000000d12       0x48 obj_alps64_ad/matrix.o
                0x0000000000000d12                matrix_init
 .text.matrix_scan
                0x0000000000000d5a      0x11c obj_alps64_ad/matrix.o
                0x0000000000000d5a                matrix_scan
 .text.matrix_get_row
                0x0000000000000e76        0xc obj_alps64_ad/matrix.o
                0x0000000000000e76                matrix_get_row
 .text.led_set  0x0000000000000e82       0x10 obj_alps64_ad/led.o
                0x0000000000000e82                led_set
 .text.keyboard_leds
                0x0000000000000e92        0x6 obj_alps64_ad/protocol/lufa/lufa.o
 .text.sendchar
                0x0000000000000e98       0xc6 obj_alps64_ad/protocol/lufa/lufa.o
                0x0000000000000e98                sendchar
 .text.send_consumer
                0x0000000000000f5e       0x68 obj_alps64_ad/protocol/lufa/lufa.o
 .text.send_system
                0x0000000000000fc6       0x68 obj_alps64_ad/protocol/lufa/lufa.o
 .text.send_mouse
                0x000000000000102e       0x46 obj_alps64_ad/protocol/lufa/lufa.o
 .text.send_keyboard
                0x0000000000001074       0x60 obj_alps64_ad/protocol/lufa/lufa.o
 .text.EVENT_USB_Device_Reset
                0x00000000000010d4        0x2 obj_alps64_ad/protocol/lufa/lufa.o
                0x00000000000010d4                EVENT_USB_Device_Reset
 .text.EVENT_USB_Device_StartOfFrame
                0x00000000000010d6       0x82 obj_alps64_ad/protocol/lufa/lufa.o
                0x00000000000010d6                EVENT_USB_Device_StartOfFrame
 .text.EVENT_USB_Device_ConfigurationChanged
                0x0000000000001158       0x28 obj_alps64_ad/protocol/lufa/lufa.o
                0x0000000000001158                EVENT_USB_Device_ConfigurationChanged
 .text.EVENT_USB_Device_ControlRequest
                0x0000000000001180      0x160 obj_alps64_ad/protocol/lufa/lufa.o
                0x0000000000001180                EVENT_USB_Device_ControlRequest
 .text.hook_late_init
                0x00000000000012e0        0x2 obj_alps64_ad/protocol/lufa/lufa.o
                0x00000000000012e0                hook_late_init
 .text.hook_early_init
                0x00000000000012e2        0x4 obj_alps64_ad/protocol/lufa/lufa.o
                0x00000000000012e2                hook_early_init
 .text.hook_usb_suspend_entry
                0x00000000000012e6       0x1a obj_alps64_ad/protocol/lufa/lufa.o
                0x00000000000012e6                hook_usb_suspend_entry
 .text.EVENT_USB_Device_Suspend
                0x0000000000001300        0x4 obj_alps64_ad/protocol/lufa/lufa.o
                0x0000000000001300                EVENT_USB_Device_Suspend
 .text.hook_usb_suspend_loop
                0x0000000000001304       0x18 obj_alps64_ad/protocol/lufa/lufa.o
                0x0000000000001304                hook_usb_suspend_loop
 .text.startup.main
                0x000000000000131c       0xac obj_alps64_ad/protocol/lufa/lufa.o
                0x000000000000131c                main
 .text.hook_usb_wakeup
                0x00000000000013c8        0xe obj_alps64_ad/protocol/lufa/lufa.o
                0x00000000000013c8                hook_usb_wakeup
 .text.EVENT_USB_Device_WakeUp
                0x00000000000013d6        0x4 obj_alps64_ad/protocol/lufa/lufa.o
                0x00000000000013d6                EVENT_USB_Device_WakeUp
 .text.CALLBACK_USB_GetDescriptor
                0x00000000000013da       0xac obj_alps64_ad/protocol/lufa/descriptor.o
                0x00000000000013da                CALLBACK_USB_GetDescriptor
 .text.USB_Device_SendRemoteWakeup
                0x0000000000001486       0x2c obj_alps64_ad/protocol/lufa/LUFA-git/LUFA/Drivers/USB/Core/AVR8/Device_AVR8.o
                0x0000000000001486                USB_Device_SendRemoteWakeup
 .text.Endpoint_Write_Stream_LE
                0x00000000000014b2       0x96 obj_alps64_ad/protocol/lufa/LUFA-git/LUFA/Drivers/USB/Core/AVR8/EndpointStream_AVR8.o
                0x00000000000014b2                Endpoint_Write_Stream_LE
 .text.Endpoint_Write_Control_Stream_LE
                0x0000000000001548       0xb6 obj_alps64_ad/protocol/lufa/LUFA-git/LUFA/Drivers/USB/Core/AVR8/EndpointStream_AVR8.o
                0x0000000000001548                Endpoint_Write_Control_Stream_LE
 .text.Endpoint_Write_Control_PStream_LE
                0x00000000000015fe       0xbc obj_alps64_ad/protocol/lufa/LUFA-git/LUFA/Drivers/USB/Core/AVR8/EndpointStream_AVR8.o
                0x00000000000015fe                Endpoint_Write_Control_PStream_LE
 .text.Endpoint_ConfigureEndpoint_Prv
                0x00000000000016ba       0x6a obj_alps64_ad/protocol/lufa/LUFA-git/LUFA/Drivers/USB/Core/AVR8/Endpoint_AVR8.o
                0x00000000000016ba                Endpoint_ConfigureEndpoint_Prv
 .text.Endpoint_ClearStatusStage
                0x0000000000001724       0x3e obj_alps64_ad/protocol/lufa/LUFA-git/LUFA/Drivers/USB/Core/AVR8/Endpoint_AVR8.o
                0x0000000000001724                Endpoint_ClearStatusStage
 .text.Endpoint_WaitUntilReady
                0x0000000000001762       0x66 obj_alps64_ad/protocol/lufa/LUFA-git/LUFA/Drivers/USB/Core/AVR8/Endpoint_AVR8.o
                0x0000000000001762                Endpoint_WaitUntilReady
 .text.USB_Disable
                0x00000000000017c8       0x2e obj_alps64_ad/protocol/lufa/LUFA-git/LUFA/Drivers/USB/Core/AVR8/USBController_AVR8.o
                0x00000000000017c8                USB_Disable
 .text.USB_ResetInterface
                0x00000000000017f6       0x78 obj_alps64_ad/protocol/lufa/LUFA-git/LUFA/Drivers/USB/Core/AVR8/USBController_AVR8.o
                0x00000000000017f6                USB_ResetInterface
 .text.USB_Init
                0x000000000000186e       0x14 obj_alps64_ad/protocol/lufa/LUFA-git/LUFA/Drivers/USB/Core/AVR8/USBController_AVR8.o
                0x000000000000186e                USB_Init
 .text.USB_INT_DisableAllInterrupts
                0x0000000000001882        0x6 obj_alps64_ad/protocol/lufa/LUFA-git/LUFA/Drivers/USB/Core/AVR8/USBInterrupt_AVR8.o
                0x0000000000001882                USB_INT_DisableAllInterrupts
 .text.USB_INT_ClearAllInterrupts
                0x0000000000001888        0x6 obj_alps64_ad/protocol/lufa/LUFA-git/LUFA/Drivers/USB/Core/AVR8/USBInterrupt_AVR8.o
                0x0000000000001888                USB_INT_ClearAllInterrupts
 .text.__vector_11
                0x000000000000188e      0x15e obj_alps64_ad/protocol/lufa/LUFA-git/LUFA/Drivers/USB/Core/AVR8/USBInterrupt_AVR8.o
                0x000000000000188e                __vector_11
 .text.__vector_12
                0x00000000000019ec       0x88 obj_alps64_ad/protocol/lufa/LUFA-git/LUFA/Drivers/USB/Core/AVR8/USBInterrupt_AVR8.o
                0x00000000000019ec                __vector_12
 .text.USB_Device_ProcessControlRequest
                0x0000000000001a74      0x2ac obj_alps64_ad/protocol/lufa/LUFA-git/LUFA/Drivers/USB/Core/DeviceStandardReq.o
                0x0000000000001a74                USB_Device_ProcessControlRequest
 .text.host_set_driver
                0x0000000000001d20        0xa obj_alps64_ad/common/host.o
                0x0000000000001d20                host_set_driver
 .text.host_keyboard_leds
                0x0000000000001d2a       0x18 obj_alps64_ad/common/host.o
                0x0000000000001d2a                host_keyboard_leds
 .text.host_keyboard_send
                0x0000000000001d42       0x92 obj_alps64_ad/common/host.o
                0x0000000000001d42                host_keyboard_send
 .text.host_mouse_send
                0x0000000000001dd4       0x16 obj_alps64_ad/common/host.o
                0x0000000000001dd4                host_mouse_send
 .text.host_system_send
                0x0000000000001dea       0x5a obj_alps64_ad/common/host.o
                0x0000000000001dea                host_system_send
 .text.host_consumer_send
                0x0000000000001e44       0x5a obj_alps64_ad/common/host.o
                0x0000000000001e44                host_consumer_send
 .text.keyboard_setup
                0x0000000000001e9e        0x4 obj_alps64_ad/common/keyboard.o
                0x0000000000001e9e                keyboard_setup
 .text.keyboard_init
                0x0000000000001ea2        0xc obj_alps64_ad/common/keyboard.o
                0x0000000000001ea2                keyboard_init
 .text.keyboard_task
                0x0000000000001eae      0x146 obj_alps64_ad/common/keyboard.o
                0x0000000000001eae                keyboard_task
 .text.keyboard_set_leds
                0x0000000000001ff4        0x4 obj_alps64_ad/common/keyboard.o
                0x0000000000001ff4                keyboard_set_leds
 .text.matrix_clear
                0x0000000000001ff8        0x2 obj_alps64_ad/common/matrix.o
                0x0000000000001ff8                matrix_clear
 .text.matrix_setup
                0x0000000000001ffa        0x2 obj_alps64_ad/common/matrix.o
                0x0000000000001ffa                matrix_setup
 .text.matrix_print
                0x0000000000001ffc       0x68 obj_alps64_ad/common/matrix.o
                0x0000000000001ffc                matrix_print
 .text.matrix_power_up
                0x0000000000002064        0x2 obj_alps64_ad/common/matrix.o
                0x0000000000002064                matrix_power_up
 .text.matrix_power_down
                0x0000000000002066        0x2 obj_alps64_ad/common/matrix.o
                0x0000000000002066                matrix_power_down
 .text.action_exec
                0x0000000000002068       0x8c obj_alps64_ad/common/action.o
                0x0000000000002068                action_exec
 .text.register_code
                0x00000000000020f4      0x1dc obj_alps64_ad/common/action.o
                0x00000000000020f4                register_code
 .text.unregister_code
                0x00000000000022d0       0xd4 obj_alps64_ad/common/action.o
                0x00000000000022d0                unregister_code
 .text.register_mods
                0x00000000000023a4        0xe obj_alps64_ad/common/action.o
                0x00000000000023a4                register_mods
 .text.unregister_mods
                0x00000000000023b2        0xe obj_alps64_ad/common/action.o
                0x00000000000023b2                unregister_mods
 .text.process_action
                0x00000000000023c0      0x5f8 obj_alps64_ad/common/action.o
                0x00000000000023c0                process_action
 .text.clear_keyboard_but_mods
                0x00000000000029b8       0x24 obj_alps64_ad/common/action.o
                0x00000000000029b8                clear_keyboard_but_mods
 .text.clear_keyboard
                0x00000000000029dc        0x8 obj_alps64_ad/common/action.o
                0x00000000000029dc                clear_keyboard
 .text.is_tap_key
                0x00000000000029e4       0xbc obj_alps64_ad/common/action.o
                0x00000000000029e4                is_tap_key
 .text.debug_event
                0x0000000000002aa0       0x1e obj_alps64_ad/common/action.o
                0x0000000000002aa0                debug_event
 .text.debug_record
                0x0000000000002abe       0x20 obj_alps64_ad/common/action.o
                0x0000000000002abe                debug_record
 .text.debug_waiting_buffer
                0x0000000000002ade       0x3e obj_alps64_ad/common/action_tapping.o
 .text.debug_tapping_key
                0x0000000000002b1c       0x1c obj_alps64_ad/common/action_tapping.o
 .text.waiting_buffer_scan_tap
                0x0000000000002b38       0xe6 obj_alps64_ad/common/action_tapping.o
 .text.process_tapping
                0x0000000000002c1e      0x3fa obj_alps64_ad/common/action_tapping.o
 .text.action_tapping_process
                0x0000000000003018      0x166 obj_alps64_ad/common/action_tapping.o
                0x0000000000003018                action_tapping_process
 .text.action_macro_play
                0x000000000000317e      0x136 obj_alps64_ad/common/action_macro.o
                0x000000000000317e                action_macro_play
 .text.layer_state_set
                0x00000000000032b4       0x14 obj_alps64_ad/common/action_layer.o
 .text.default_layer_debug
                0x00000000000032c8        0x2 obj_alps64_ad/common/action_layer.o
                0x00000000000032c8                default_layer_debug
 .text.default_layer_set
                0x00000000000032ca       0x14 obj_alps64_ad/common/action_layer.o
                0x00000000000032ca                default_layer_set
 .text.default_layer_or
                0x00000000000032de       0x34 obj_alps64_ad/common/action_layer.o
                0x00000000000032de                default_layer_or
 .text.default_layer_and
                0x0000000000003312       0x34 obj_alps64_ad/common/action_layer.o
                0x0000000000003312                default_layer_and
 .text.default_layer_xor
                0x0000000000003346       0x34 obj_alps64_ad/common/action_layer.o
                0x0000000000003346                default_layer_xor
 .text.layer_clear
                0x000000000000337a        0xa obj_alps64_ad/common/action_layer.o
                0x000000000000337a                layer_clear
 .text.layer_move
                0x0000000000003384       0x2a obj_alps64_ad/common/action_layer.o
                0x0000000000003384                layer_move
 .text.layer_on
                0x00000000000033ae       0x42 obj_alps64_ad/common/action_layer.o
                0x00000000000033ae                layer_on
 .text.layer_off
                0x00000000000033f0       0x4a obj_alps64_ad/common/action_layer.o
                0x00000000000033f0                layer_off
 .text.layer_invert
                0x000000000000343a       0x42 obj_alps64_ad/common/action_layer.o
                0x000000000000343a                layer_invert
 .text.layer_or
                0x000000000000347c       0x24 obj_alps64_ad/common/action_layer.o
                0x000000000000347c                layer_or
 .text.layer_and
                0x00000000000034a0       0x24 obj_alps64_ad/common/action_layer.o
                0x00000000000034a0                layer_and
 .text.layer_xor
                0x00000000000034c4       0x24 obj_alps64_ad/common/action_layer.o
                0x00000000000034c4                layer_xor
 .text.layer_debug
                0x00000000000034e8        0x2 obj_alps64_ad/common/action_layer.o
                0x00000000000034e8                layer_debug
 .text.layer_switch_get_action
                0x00000000000034ea      0x116 obj_alps64_ad/common/action_layer.o
                0x00000000000034ea                layer_switch_get_action
 .text.add_key  0x0000000000003600       0x3a obj_alps64_ad/common/action_util.o
                0x0000000000003600                add_key
 .text.del_key  0x000000000000363a       0x20 obj_alps64_ad/common/action_util.o
                0x000000000000363a                del_key
 .text.clear_keys
                0x000000000000365a       0x1c obj_alps64_ad/common/action_util.o
                0x000000000000365a                clear_keys
 .text.get_mods
                0x0000000000003676        0x6 obj_alps64_ad/common/action_util.o
                0x0000000000003676                get_mods
 .text.add_mods
                0x000000000000367c        0xc obj_alps64_ad/common/action_util.o
                0x000000000000367c                add_mods
 .text.del_mods
                0x0000000000003688        0xe obj_alps64_ad/common/action_util.o
                0x0000000000003688                del_mods
 .text.set_mods
                0x0000000000003696        0x6 obj_alps64_ad/common/action_util.o
                0x0000000000003696                set_mods
 .text.clear_mods
                0x000000000000369c        0x6 obj_alps64_ad/common/action_util.o
                0x000000000000369c                clear_mods
 .text.add_weak_mods
                0x00000000000036a2        0xc obj_alps64_ad/common/action_util.o
                0x00000000000036a2                add_weak_mods
 .text.del_weak_mods
                0x00000000000036ae        0xe obj_alps64_ad/common/action_util.o
                0x00000000000036ae                del_weak_mods
 .text.clear_weak_mods
                0x00000000000036bc        0x6 obj_alps64_ad/common/action_util.o
                0x00000000000036bc                clear_weak_mods
 .text.set_oneshot_mods
                0x00000000000036c2        0x6 obj_alps64_ad/common/action_util.o
                0x00000000000036c2                set_oneshot_mods
 .text.clear_oneshot_mods
                0x00000000000036c8        0x6 obj_alps64_ad/common/action_util.o
                0x00000000000036c8                clear_oneshot_mods
 .text.has_anykey
                0x00000000000036ce       0x22 obj_alps64_ad/common/action_util.o
                0x00000000000036ce                has_anykey
 .text.send_keyboard_report
                0x00000000000036f0       0x4c obj_alps64_ad/common/action_util.o
                0x00000000000036f0                send_keyboard_report
 .text.print_set_sendchar
                0x000000000000373c        0xa obj_alps64_ad/common/print.o
                0x000000000000373c                print_set_sendchar
 .text.bitrev   0x0000000000003746       0x24 obj_alps64_ad/common/util.o
                0x0000000000003746                bitrev
 .text.hook_keyboard_loop
                0x000000000000376a        0x2 obj_alps64_ad/common/hook.o
                0x000000000000376a                hook_keyboard_loop
 .text.hook_matrix_change
                0x000000000000376c       0x1e obj_alps64_ad/common/hook.o
                0x000000000000376c                hook_matrix_change
 .text.hook_default_layer_change
                0x000000000000378a        0x2 obj_alps64_ad/common/hook.o
                0x000000000000378a                hook_default_layer_change
 .text.hook_layer_change
                0x000000000000378c        0x2 obj_alps64_ad/common/hook.o
                0x000000000000378c                hook_layer_change
 .text.hook_keyboard_leds_change
                0x000000000000378e        0x4 obj_alps64_ad/common/hook.o
                0x000000000000378e                hook_keyboard_leds_change
 .text.hook_bootmagic
                0x0000000000003792        0x2 obj_alps64_ad/common/hook.o
                0x0000000000003792                hook_bootmagic
 .text.suspend_power_down
                0x0000000000003794       0x52 obj_alps64_ad/common/avr/suspend.o
                0x0000000000003794                suspend_power_down
 .text.suspend_wakeup_condition
                0x00000000000037e6       0x28 obj_alps64_ad/common/avr/suspend.o
                0x00000000000037e6                suspend_wakeup_condition
 .text.suspend_wakeup_init
                0x000000000000380e        0x8 obj_alps64_ad/common/avr/suspend.o
                0x000000000000380e                suspend_wakeup_init
 .text.__vector_13
                0x0000000000003816       0x52 obj_alps64_ad/common/avr/suspend.o
                0x0000000000003816                __vector_13
 .text.timer_init
                0x0000000000003868       0x12 obj_alps64_ad/common/avr/timer.o
                0x0000000000003868                timer_init
 .text.timer_read
                0x000000000000387a       0x18 obj_alps64_ad/common/avr/timer.o
                0x000000000000387a                timer_read
 .text.timer_read32
                0x0000000000003892       0x18 obj_alps64_ad/common/avr/timer.o
                0x0000000000003892                timer_read32
 .text.timer_elapsed
                0x00000000000038aa       0x54 obj_alps64_ad/common/avr/timer.o
                0x00000000000038aa                timer_elapsed
 .text.__vector_19
                0x00000000000038fe       0x4a obj_alps64_ad/common/avr/timer.o
                0x00000000000038fe                __vector_19
 .text.bootloader_jump
                0x0000000000003948       0x44 obj_alps64_ad/common/avr/bootloader.o
                0x0000000000003948                bootloader_jump
 .text.keycode_to_action
                0x000000000000398c      0x128 obj_alps64_ad/common/keymap.o
 .text.action_get_macro
                0x0000000000003ab4        0x6 obj_alps64_ad/common/keymap.o
                0x0000000000003ab4                action_get_macro
 .text.action_function
                0x0000000000003aba        0x2 obj_alps64_ad/common/keymap.o
                0x0000000000003aba                action_function
 .text.keymap_key_to_keycode
                0x0000000000003abc       0x28 obj_alps64_ad/common/keymap.o
                0x0000000000003abc                keymap_key_to_keycode
 .text.keymap_fn_to_action
                0x0000000000003ae4       0x12 obj_alps64_ad/common/keymap.o
                0x0000000000003ae4                keymap_fn_to_action
 .text.action_for_key
                0x0000000000003af6       0xe6 obj_alps64_ad/common/keymap.o
                0x0000000000003af6                action_for_key
 .text.scan_key
                0x0000000000003bdc       0x7e obj_alps64_ad/common/bootmagic.o
 .text.bootmagic_scan_key
                0x0000000000003c5a       0x24 obj_alps64_ad/common/bootmagic.o
                0x0000000000003c5a                bootmagic_scan_key
 .text.bootmagic
                0x0000000000003c7e      0x28e obj_alps64_ad/common/bootmagic.o
                0x0000000000003c7e                bootmagic
 .text.eeconfig_init
                0x0000000000003f0c       0x34 obj_alps64_ad/common/avr/eeconfig.o
                0x0000000000003f0c                eeconfig_init
 .text.eeconfig_is_enabled
                0x0000000000003f40       0x16 obj_alps64_ad/common/avr/eeconfig.o
                0x0000000000003f40                eeconfig_is_enabled
 .text.eeconfig_read_debug
                0x0000000000003f56        0x8 obj_alps64_ad/common/avr/eeconfig.o
                0x0000000000003f56                eeconfig_read_debug
 .text.eeconfig_write_debug
                0x0000000000003f5e        0xa obj_alps64_ad/common/avr/eeconfig.o
                0x0000000000003f5e                eeconfig_write_debug
 .text.eeconfig_read_default_layer
                0x0000000000003f68        0x8 obj_alps64_ad/common/avr/eeconfig.o
                0x0000000000003f68                eeconfig_read_default_layer
 .text.eeconfig_write_default_layer
                0x0000000000003f70        0xa obj_alps64_ad/common/avr/eeconfig.o
                0x0000000000003f70                eeconfig_write_default_layer
 .text.eeconfig_read_keymap
                0x0000000000003f7a        0x8 obj_alps64_ad/common/avr/eeconfig.o
                0x0000000000003f7a                eeconfig_read_keymap
 .text.eeconfig_write_keymap
                0x0000000000003f82        0xa obj_alps64_ad/common/avr/eeconfig.o
                0x0000000000003f82                eeconfig_write_keymap
 .text.move_unit
                0x0000000000003f8c       0x96 obj_alps64_ad/common/mousekey.o
 .text.wheel_unit
                0x0000000000004022       0x76 obj_alps64_ad/common/mousekey.o
 .text.mousekey_on
                0x0000000000004098       0xd0 obj_alps64_ad/common/mousekey.o
                0x0000000000004098                mousekey_on
 .text.mousekey_off
                0x0000000000004168      0x10a obj_alps64_ad/common/mousekey.o
                0x0000000000004168                mousekey_off
 .text.mousekey_send
                0x0000000000004272      0x11a obj_alps64_ad/common/mousekey.o
                0x0000000000004272                mousekey_send
 .text.mousekey_task
                0x000000000000438c      0x14c obj_alps64_ad/common/mousekey.o
                0x000000000000438c                mousekey_task
 .text.mousekey_clear
                0x00000000000044d8       0x18 obj_alps64_ad/common/mousekey.o
                0x00000000000044d8                mousekey_clear
 .text.mousekey_console_help
                0x00000000000044f0       0x2e obj_alps64_ad/common/command.o
 .text.mousekey_param_inc
                0x000000000000451e      0x146 obj_alps64_ad/common/command.o
 .text.mousekey_param_dec
                0x0000000000004664       0xfc obj_alps64_ad/common/command.o
 .text.switch_default_layer
                0x0000000000004760       0x40 obj_alps64_ad/common/command.o
 .text.command_common
                0x00000000000047a0      0x4a4 obj_alps64_ad/common/command.o
 .text.command_console_extra
                0x0000000000004c44        0x4 obj_alps64_ad/common/command.o
                0x0000000000004c44                command_console_extra
 .text.command_extra
                0x0000000000004c48        0x4 obj_alps64_ad/common/command.o
                0x0000000000004c48                command_extra
 .text.command_proc
                0x0000000000004c4c      0x2aa obj_alps64_ad/common/command.o
                0x0000000000004c4c                command_proc
 .text.avr-libc.fplib
                0x0000000000004ef6        0xe /usr/lib/gcc/avr/5.4.0/../../../avr/lib/avr35/libm.a(fixsfsi.o)
                0x0000000000004ef6                __fixsfsi
 .text.avr-libc.fplib
                0x0000000000004f04       0x5e /usr/lib/gcc/avr/5.4.0/../../../avr/lib/avr35/libm.a(fixunssfsi.o)
                0x0000000000004f04                __fixunssfsi
 .text.avr-libc.fplib
                0x0000000000004f62       0x7a /usr/lib/gcc/avr/5.4.0/../../../avr/lib/avr35/libm.a(floatsisf.o)
                0x0000000000004f62                __floatunsisf
                0x0000000000004f66                __floatsisf
 .text.avr-libc.fplib
                0x0000000000004fdc       0x44 /usr/lib/gcc/avr/5.4.0/../../../avr/lib/avr35/libm.a(fp_split3.o)
                0x0000000000004fdc                __fp_split3
                0x0000000000004fec                __fp_splitA
 .text.avr-libc.fplib
                0x0000000000005020        0xe /usr/lib/gcc/avr/5.4.0/../../../avr/lib/avr35/libm.a(fp_zero.o)
                0x0000000000005020                __fp_zero
                0x0000000000005022                __fp_szero
 .text.avr-libc.fplib
                0x000000000000502e        0x8 /usr/lib/gcc/avr/5.4.0/../../../avr/lib/avr35/libm.a(mulsf3.o)
                0x000000000000502e                __mulsf3
 .text.avr-libc.fplib
                0x0000000000005036       0xe2 /usr/lib/gcc/avr/5.4.0/../../../avr/lib/avr35/libm.a(mulsf3x.o)
                0x0000000000005052                __mulsf3x
                0x0000000000005058                __mulsf3_pse
 .text.avr-libc.fplib
                0x0000000000005118        0xc /usr/lib/gcc/avr/5.4.0/../../../avr/lib/avr35/libm.a(fp_inf.o)
                0x0000000000005118                __fp_inf
 .text.avr-libc.fplib
                0x0000000000005124        0x6 /usr/lib/gcc/avr/5.4.0/../../../avr/lib/avr35/libm.a(fp_nan.o)
                0x0000000000005124                __fp_nan
 .text.avr-libc.fplib
                0x000000000000512a        0xe /usr/lib/gcc/avr/5.4.0/../../../avr/lib/avr35/libm.a(fp_pscA.o)
                0x000000000000512a                __fp_pscA
 .text.avr-libc.fplib
                0x0000000000005138        0xe /usr/lib/gcc/avr/5.4.0/../../../avr/lib/avr35/libm.a(fp_pscB.o)
                0x0000000000005138                __fp_pscB
 .text.avr-libc.fplib
                0x0000000000005146       0x22 /usr/lib/gcc/avr/5.4.0/../../../avr/lib/avr35/libm.a(fp_round.o)
                0x0000000000005146                __fp_round
 .text.libgcc.mul
                0x0000000000005168       0x22 /usr/lib/gcc/avr/5.4.0/avr35/libgcc.a(_mulhi3.o)
                0x0000000000005168                __mulhi3
 .text.libgcc.div
                0x000000000000518a       0x18 /usr/lib/gcc/avr/5.4.0/avr35/libgcc.a(_udivmodqi4.o)
                0x000000000000518a                __udivmodqi4
 .text.libgcc.div
                0x00000000000051a2       0x28 /usr/lib/gcc/avr/5.4.0/avr35/libgcc.a(_divmodhi4.o)
                0x00000000000051a2                __divmodhi4
                0x00000000000051a2                _div
 .text.libgcc   0x00000000000051ca        0xc /usr/lib/gcc/avr/5.4.0/avr35/libgcc.a(_tablejump2.o)
                0x00000000000051ca                __tablejump2__
 .text.libgcc.div
                0x00000000000051d6       0x28 /usr/lib/gcc/avr/5.4.0/avr35/libgcc.a(_udivmodhi4.o)
                0x00000000000051d6                __udivmodhi4
 .text.avr-libc
                0x00000000000051fe       0x10 /usr/lib/gcc/avr/5.4.0/../../../avr/lib/avr35/libatmega32u2.a(eerd_byte.o)
                0x00000000000051fe                eeprom_read_byte
 .text.avr-libc
                0x000000000000520e        0xc /usr/lib/gcc/avr/5.4.0/../../../avr/lib/avr35/libatmega32u2.a(eerd_word.o)
                0x000000000000520e                eeprom_read_word
 .text.avr-libc
                0x000000000000521a       0x1c /usr/lib/gcc/avr/5.4.0/../../../avr/lib/avr35/libatmega32u2.a(eewr_byte.o)
                0x000000000000521a                eeprom_write_byte
                0x000000000000521c                eeprom_write_r18
 .text.avr-libc
                0x0000000000005236        0xa /usr/lib/gcc/avr/5.4.0/../../../avr/lib/avr35/libatmega32u2.a(eewr_word.o)
                0x0000000000005236                eeprom_write_word
 .text.avr-libc
                0x0000000000005240       0x20 /usr/lib/gcc/avr/5.4.0/../../../avr/lib/avr35/libatmega32u2.a(eerd_block.o)
                0x0000000000005240                eeprom_read_block
                0x0000000000005244                eeprom_read_blraw
                0x0000000000005260                . = ALIGN (0x2)
 *(.fini9)
 .fini9         0x0000000000005260        0x0 /usr/lib/gcc/avr/5.4.0/avr35/libgcc.a(_exit.o)
                0x0000000000005260                exit
                0x0000000000005260                _exit
 *(.fini9)
 *(.fini8)
 *(.fini8)
 *(.fini7)
 *(.fini7)
 *(.fini6)
 *(.fini6)
 *(.fini5)
 *(.fini5)
 *(.fini4)
 *(.fini4)
 *(.fini3)
 *(.fini3)
 *(.fini2)
 *(.fini2)
 *(.fini1)
 *(.fini1)
 *(.fini0)
 .fini0         0x0000000000005260        0x4 /usr/lib/gcc/avr/5.4.0/avr35/libgcc.a(_exit.o)
 *(.fini0)
                0x0000000000005264                _etext = .

.data           0x0000000000800100       0x34 load address 0x0000000000005264
                0x0000000000800100                PROVIDE (__data_start, .)
 *(.data)
 *(.data*)
 .data.debouncing
                0x0000000000800100        0x1 obj_alps64_ad/matrix.o
 .data.lufa_driver
                0x0000000000800101        0xa obj_alps64_ad/protocol/lufa/lufa.o
                0x0000000000800101                lufa_driver
 .data.keyboard_protocol
                0x000000000080010b        0x1 obj_alps64_ad/protocol/lufa/lufa.o
                0x000000000080010b                keyboard_protocol
 .data.keyboard_report
                0x000000000080010c        0x2 obj_alps64_ad/common/action_util.o
                0x000000000080010c                keyboard_report
 .data.mk_wheel_time_to_max
                0x000000000080010e        0x1 obj_alps64_ad/common/mousekey.o
                0x000000000080010e                mk_wheel_time_to_max
 .data.mk_wheel_max_speed
                0x000000000080010f        0x1 obj_alps64_ad/common/mousekey.o
                0x000000000080010f                mk_wheel_max_speed
 .data.mk_time_to_max
                0x0000000000800110        0x1 obj_alps64_ad/common/mousekey.o
                0x0000000000800110                mk_time_to_max
 .data.mk_max_speed
                0x0000000000800111        0x1 obj_alps64_ad/common/mousekey.o
                0x0000000000800111                mk_max_speed
 .data.mk_interval
                0x0000000000800112        0x1 obj_alps64_ad/common/mousekey.o
                0x0000000000800112                mk_interval
 .data.mk_delay
                0x0000000000800113        0x1 obj_alps64_ad/common/mousekey.o
                0x0000000000800113                mk_delay
 *(.rodata)
 *(.rodata*)
 .rodata.CSWTCH.3
                0x0000000000800114        0x4 obj_alps64_ad/protocol/lufa/descriptor.o
 .rodata.CSWTCH.2
                0x0000000000800118        0x8 obj_alps64_ad/protocol/lufa/descriptor.o
 .rodata.CSWTCH.1
                0x0000000000800120        0x8 obj_alps64_ad/protocol/lufa/descriptor.o
 .rodata.str1.1
                0x0000000000800128        0x1 obj_alps64_ad/common/matrix.o
 .rodata.CSWTCH.41
                0x0000000000800129        0xa obj_alps64_ad/common/command.o
 *(.gnu.linkonce.d*)
                0x0000000000800134                . = ALIGN (0x2)
 *fill*         0x0000000000800133        0x1 
                0x0000000000800134                _edata = .
                0x0000000000800134                PROVIDE (__data_end, .)

.bss            0x0000000000800134       0xd9
                0x0000000000800134                PROVIDE (__bss_start, .)
 *(.bss)
 .bss           0x0000000000800134        0x2 obj_alps64_ad/common/avr/xprintf.o
                0x0000000000800134                xfunc_out
 *(.bss*)
 .bss.matrix_debouncing
                0x0000000000800136        0x8 obj_alps64_ad/matrix.o
 .bss.matrix    0x000000000080013e        0x8 obj_alps64_ad/matrix.o
 .bss.timeouted.4973
                0x0000000000800146        0x1 obj_alps64_ad/protocol/lufa/lufa.o
 .bss.count.4907
                0x0000000000800147        0x1 obj_alps64_ad/protocol/lufa/lufa.o
 .bss._led_stats
                0x0000000000800148        0x1 obj_alps64_ad/protocol/lufa/lufa.o
 .bss.console_flush
                0x0000000000800149        0x1 obj_alps64_ad/protocol/lufa/lufa.o
 .bss.keyboard_report_sent
                0x000000000080014a        0x8 obj_alps64_ad/protocol/lufa/lufa.o
 .bss.keyboard_led_stats
                0x0000000000800152        0x1 obj_alps64_ad/protocol/lufa/lufa.o
 .bss.keyboard_idle
                0x0000000000800153        0x1 obj_alps64_ad/protocol/lufa/lufa.o
                0x0000000000800153                keyboard_idle
 .bss.last_consumer_report
                0x0000000000800154        0x2 obj_alps64_ad/common/host.o
 .bss.last_system_report
                0x0000000000800156        0x2 obj_alps64_ad/common/host.o
 .bss.driver    0x0000000000800158        0x2 obj_alps64_ad/common/host.o
 .bss.led_status.2520
                0x000000000080015a        0x1 obj_alps64_ad/common/keyboard.o
 .bss.matrix_prev.2519
                0x000000000080015b        0x8 obj_alps64_ad/common/keyboard.o
 .bss.waiting_buffer_tail
                0x0000000000800163        0x1 obj_alps64_ad/common/action_tapping.o
 .bss.waiting_buffer_head
                0x0000000000800164        0x1 obj_alps64_ad/common/action_tapping.o
 .bss.waiting_buffer
                0x0000000000800165       0x30 obj_alps64_ad/common/action_tapping.o
 .bss.tapping_key
                0x0000000000800195        0x6 obj_alps64_ad/common/action_tapping.o
 .bss.layer_pressed
                0x000000000080019b       0x40 obj_alps64_ad/common/action_layer.o
 .bss.layer_state
                0x00000000008001db        0x4 obj_alps64_ad/common/action_layer.o
                0x00000000008001db                layer_state
 .bss.default_layer_state
                0x00000000008001df        0x4 obj_alps64_ad/common/action_layer.o
                0x00000000008001df                default_layer_state
 .bss.oneshot_mods
                0x00000000008001e3        0x1 obj_alps64_ad/common/action_util.o
 .bss.__compound_literal.0
                0x00000000008001e4        0x8 obj_alps64_ad/common/action_util.o
 .bss.weak_mods
                0x00000000008001ec        0x1 obj_alps64_ad/common/action_util.o
 .bss.real_mods
                0x00000000008001ed        0x1 obj_alps64_ad/common/action_util.o
 .bss.debug_config
                0x00000000008001ee        0x1 obj_alps64_ad/common/debug.o
                0x00000000008001ee                debug_config
 .bss.wdt_timeout
                0x00000000008001ef        0x1 obj_alps64_ad/common/avr/suspend.o
 .bss.timer_count
                0x00000000008001f0        0x4 obj_alps64_ad/common/avr/timer.o
                0x00000000008001f0                timer_count
 .bss.last_timer
                0x00000000008001f4        0x2 obj_alps64_ad/common/mousekey.o
 .bss.mousekey_accel
                0x00000000008001f6        0x1 obj_alps64_ad/common/mousekey.o
 .bss.mousekey_repeat
                0x00000000008001f7        0x1 obj_alps64_ad/common/mousekey.o
 .bss.mouse_report
                0x00000000008001f8        0x5 obj_alps64_ad/common/mousekey.o
 .bss.mousekey_param
                0x00000000008001fd        0x1 obj_alps64_ad/common/command.o
 .bss.command_state
                0x00000000008001fe        0x1 obj_alps64_ad/common/command.o
                0x00000000008001fe                command_state
 *(COMMON)
 COMMON         0x00000000008001ff        0x3 obj_alps64_ad/protocol/lufa/LUFA-git/LUFA/Drivers/USB/Core/DeviceStandardReq.o
                0x00000000008001ff                USB_Device_ConfigurationNumber
                0x0000000000800200                USB_Device_CurrentlySelfPowered
                0x0000000000800201                USB_Device_RemoteWakeupEnabled
 COMMON         0x0000000000800202        0xa obj_alps64_ad/protocol/lufa/LUFA-git/LUFA/Drivers/USB/Core/USBTask.o
                0x0000000000800202                USB_IsInitialized
                0x0000000000800203                USB_DeviceState
                0x0000000000800204                USB_ControlRequest
 COMMON         0x000000000080020c        0x1 obj_alps64_ad/common/bootmagic.o
                0x000000000080020c                keymap_config
                0x000000000080020d                PROVIDE (__bss_end, .)
                0x0000000000005264                __data_load_start = LOADADDR (.data)
                0x0000000000005298                __data_load_end = (__data_load_start + SIZEOF (.data))

.noinit         0x000000000080020d        0x4
                [!provide]                        PROVIDE (__noinit_start, .)
 *(.noinit*)
 .noinit        0x000000000080020d        0x4 obj_alps64_ad/common/avr/bootloader.o
                0x000000000080020d                reset_key
                [!provide]                        PROVIDE (__noinit_end, .)
                0x0000000000800211                _end = .
                [!provide]                        PROVIDE (__heap_start, .)

.eeprom         0x0000000000810000        0x0
 *(.eeprom*)
                0x0000000000810000                __eeprom_end = .

.fuse
 *(.fuse)
 *(.lfuse)
 *(.hfuse)
 *(.efuse)

.lock
 *(.lock*)

.signature
 *(.signature*)

.user_signatures
 *(.user_signatures*)

.stab           0x0000000000000000      0x8b8
 *(.stab)
 .stab          0x0000000000000000      0x8b8 obj_alps64_ad/common/avr/xprintf.o

.stabstr        0x0000000000000000       0x73
 *(.stabstr)
 .stabstr       0x0000000000000000       0x73 obj_alps64_ad/common/avr/xprintf.o

.stab.excl
 *(.stab.excl)

.stab.exclstr
 *(.stab.exclstr)

.stab.index
 *(.stab.index)

.stab.indexstr
 *(.stab.indexstr)

.comment        0x0000000000000000       0x11
 *(.comment)
 .comment       0x0000000000000000       0x11 obj_alps64_ad/keymap.o
                                         0x12 (size before relaxing)
 .comment       0x0000000000000011       0x12 obj_alps64_ad/matrix.o
 .comment       0x0000000000000011       0x12 obj_alps64_ad/led.o
 .comment       0x0000000000000011       0x12 obj_alps64_ad/protocol/lufa/lufa.o
 .comment       0x0000000000000011       0x12 obj_alps64_ad/protocol/lufa/descriptor.o
 .comment       0x0000000000000011       0x12 obj_alps64_ad/protocol/lufa/LUFA-git/LUFA/Drivers/USB/Core/AVR8/Device_AVR8.o
 .comment       0x0000000000000011       0x12 obj_alps64_ad/protocol/lufa/LUFA-git/LUFA/Drivers/USB/Core/AVR8/EndpointStream_AVR8.o
 .comment       0x0000000000000011       0x12 obj_alps64_ad/protocol/lufa/LUFA-git/LUFA/Drivers/USB/Core/AVR8/Endpoint_AVR8.o
 .comment       0x0000000000000011       0x12 obj_alps64_ad/protocol/lufa/LUFA-git/LUFA/Drivers/USB/Core/AVR8/USBController_AVR8.o
 .comment       0x0000000000000011       0x12 obj_alps64_ad/protocol/lufa/LUFA-git/LUFA/Drivers/USB/Core/AVR8/USBInterrupt_AVR8.o
 .comment       0x0000000000000011       0x12 obj_alps64_ad/protocol/lufa/LUFA-git/LUFA/Drivers/USB/Core/DeviceStandardReq.o
 .comment       0x0000000000000011       0x12 obj_alps64_ad/protocol/lufa/LUFA-git/LUFA/Drivers/USB/Core/USBTask.o
 .comment       0x0000000000000011       0x12 obj_alps64_ad/common/host.o
 .comment       0x0000000000000011       0x12 obj_alps64_ad/common/keyboard.o
 .comment       0x0000000000000011       0x12 obj_alps64_ad/common/matrix.o
 .comment       0x0000000000000011       0x12 obj_alps64_ad/common/action.o
 .comment       0x0000000000000011       0x12 obj_alps64_ad/common/action_tapping.o
 .comment       0x0000000000000011       0x12 obj_alps64_ad/common/action_macro.o
 .comment       0x0000000000000011       0x12 obj_alps64_ad/common/action_layer.o
 .comment       0x0000000000000011       0x12 obj_alps64_ad/common/action_util.o
 .comment       0x0000000000000011       0x12 obj_alps64_ad/common/print.o
 .comment       0x0000000000000011       0x12 obj_alps64_ad/common/debug.o
 .comment       0x0000000000000011       0x12 obj_alps64_ad/common/util.o
 .comment       0x0000000000000011       0x12 obj_alps64_ad/common/hook.o
 .comment       0x0000000000000011       0x12 obj_alps64_ad/common/avr/suspend.o
 .comment       0x0000000000000011       0x12 obj_alps64_ad/common/avr/timer.o
 .comment       0x0000000000000011       0x12 obj_alps64_ad/common/avr/bootloader.o
 .comment       0x0000000000000011       0x12 obj_alps64_ad/common/keymap.o
 .comment       0x0000000000000011       0x12 obj_alps64_ad/common/bootmagic.o
 .comment       0x0000000000000011       0x12 obj_alps64_ad/common/avr/eeconfig.o
 .comment       0x0000000000000011       0x12 obj_alps64_ad/common/mousekey.o
 .comment       0x0000000000000011       0x12 obj_alps64_ad/common/command.o

.note.gnu.avr.deviceinfo
                0x0000000000000000       0x40
 .note.gnu.avr.deviceinfo
                0x0000000000000000       0x40 /usr/lib/gcc/avr/5.4.0/../../../avr/lib/avr35/crtatmega32u2.o

.note.gnu.build-id
 *(.note.gnu.build-id)

.debug
 *(.debug)

.line
 *(.line)

.debug_srcinfo
 *(.debug_srcinfo)

.debug_sfnames
 *(.debug_sfnames)

.debug_aranges  0x0000000000000000      0x908
 *(.debug_aranges)
 .debug_aranges
                0x0000000000000000       0x18 obj_alps64_ad/keymap.o
 .debug_aranges
                0x0000000000000018       0x38 obj_alps64_ad/matrix.o
 .debug_aranges
                0x0000000000000050       0x20 obj_alps64_ad/led.o
 .debug_aranges
                0x0000000000000070       0xb0 obj_alps64_ad/protocol/lufa/lufa.o
 .debug_aranges
                0x0000000000000120       0x20 obj_alps64_ad/protocol/lufa/descriptor.o
 .debug_aranges
                0x0000000000000140       0x20 obj_alps64_ad/protocol/lufa/LUFA-git/LUFA/Drivers/USB/Core/AVR8/Device_AVR8.o
 .debug_aranges
                0x0000000000000160       0xc8 obj_alps64_ad/protocol/lufa/LUFA-git/LUFA/Drivers/USB/Core/AVR8/EndpointStream_AVR8.o
 .debug_aranges
                0x0000000000000228       0x40 obj_alps64_ad/protocol/lufa/LUFA-git/LUFA/Drivers/USB/Core/AVR8/Endpoint_AVR8.o
 .debug_aranges
                0x0000000000000268       0x30 obj_alps64_ad/protocol/lufa/LUFA-git/LUFA/Drivers/USB/Core/AVR8/USBController_AVR8.o
 .debug_aranges
                0x0000000000000298       0x38 obj_alps64_ad/protocol/lufa/LUFA-git/LUFA/Drivers/USB/Core/AVR8/USBInterrupt_AVR8.o
 .debug_aranges
                0x00000000000002d0       0x20 obj_alps64_ad/protocol/lufa/LUFA-git/LUFA/Drivers/USB/Core/DeviceStandardReq.o
 .debug_aranges
                0x00000000000002f0       0x20 obj_alps64_ad/protocol/lufa/LUFA-git/LUFA/Drivers/USB/Core/USBTask.o
 .debug_aranges
                0x0000000000000310       0x60 obj_alps64_ad/common/host.o
 .debug_aranges
                0x0000000000000370       0x38 obj_alps64_ad/common/keyboard.o
 .debug_aranges
                0x00000000000003a8       0x38 obj_alps64_ad/common/matrix.o
 .debug_aranges
                0x00000000000003e0       0x80 obj_alps64_ad/common/action.o
 .debug_aranges
                0x0000000000000460       0x40 obj_alps64_ad/common/action_tapping.o
 .debug_aranges
                0x00000000000004a0       0x20 obj_alps64_ad/common/action_macro.o
 .debug_aranges
                0x00000000000004c0       0x90 obj_alps64_ad/common/action_layer.o
 .debug_aranges
                0x0000000000000550       0xb0 obj_alps64_ad/common/action_util.o
 .debug_aranges
                0x0000000000000600       0x20 obj_alps64_ad/common/print.o
 .debug_aranges
                0x0000000000000620       0x18 obj_alps64_ad/common/debug.o
 .debug_aranges
                0x0000000000000638       0x60 obj_alps64_ad/common/util.o
 .debug_aranges
                0x0000000000000698       0x38 obj_alps64_ad/common/hook.o
 .debug_aranges
                0x00000000000006d0       0x40 obj_alps64_ad/common/avr/suspend.o
 .debug_aranges
                0x0000000000000710       0x50 obj_alps64_ad/common/avr/timer.o
 .debug_aranges
                0x0000000000000760       0x28 obj_alps64_ad/common/avr/bootloader.o
 .debug_aranges
                0x0000000000000788       0x48 obj_alps64_ad/common/keymap.o
 .debug_aranges
                0x00000000000007d0       0x30 obj_alps64_ad/common/bootmagic.o
 .debug_aranges
                0x0000000000000800       0x68 obj_alps64_ad/common/avr/eeconfig.o
 .debug_aranges
                0x0000000000000868       0x50 obj_alps64_ad/common/mousekey.o
 .debug_aranges
                0x00000000000008b8       0x50 obj_alps64_ad/common/command.o

.debug_pubnames
 *(.debug_pubnames)

.debug_info     0x0000000000000000     0xfd81
 *(.debug_info .gnu.linkonce.wi.*)
 .debug_info    0x0000000000000000      0x6ba /usr/lib/gcc/avr/5.4.0/../../../avr/lib/avr35/crtatmega32u2.o
 .debug_info    0x00000000000006ba      0xb4d obj_alps64_ad/keymap.o
 .debug_info    0x0000000000001207      0x440 obj_alps64_ad/matrix.o
 .debug_info    0x0000000000001647       0x91 obj_alps64_ad/led.o
 .debug_info    0x00000000000016d8     0x1527 obj_alps64_ad/protocol/lufa/lufa.o
 .debug_info    0x0000000000002bff      0x7d3 obj_alps64_ad/protocol/lufa/descriptor.o
 .debug_info    0x00000000000033d2       0xd2 obj_alps64_ad/protocol/lufa/LUFA-git/LUFA/Drivers/USB/Core/AVR8/Device_AVR8.o
 .debug_info    0x00000000000034a4     0x17c8 obj_alps64_ad/protocol/lufa/LUFA-git/LUFA/Drivers/USB/Core/AVR8/EndpointStream_AVR8.o
 .debug_info    0x0000000000004c6c      0x620 obj_alps64_ad/protocol/lufa/LUFA-git/LUFA/Drivers/USB/Core/AVR8/Endpoint_AVR8.o
 .debug_info    0x000000000000528c      0x483 obj_alps64_ad/protocol/lufa/LUFA-git/LUFA/Drivers/USB/Core/AVR8/USBController_AVR8.o
 .debug_info    0x000000000000570f      0x724 obj_alps64_ad/protocol/lufa/LUFA-git/LUFA/Drivers/USB/Core/AVR8/USBInterrupt_AVR8.o
 .debug_info    0x0000000000005e33      0xa2b obj_alps64_ad/protocol/lufa/LUFA-git/LUFA/Drivers/USB/Core/DeviceStandardReq.o
 .debug_info    0x000000000000685e      0x272 obj_alps64_ad/protocol/lufa/LUFA-git/LUFA/Drivers/USB/Core/USBTask.o
 .debug_info    0x0000000000006ad0      0x4db obj_alps64_ad/common/host.o
 .debug_info    0x0000000000006fab      0x44c obj_alps64_ad/common/keyboard.o
 .debug_info    0x00000000000073f7      0x13b obj_alps64_ad/common/matrix.o
 .debug_info    0x0000000000007532     0x17ac obj_alps64_ad/common/action.o
 .debug_info    0x0000000000008cde      0xe4d obj_alps64_ad/common/action_tapping.o
 .debug_info    0x0000000000009b2b      0x8fe obj_alps64_ad/common/action_macro.o
 .debug_info    0x000000000000a429      0x8af obj_alps64_ad/common/action_layer.o
 .debug_info    0x000000000000acd8      0x4f2 obj_alps64_ad/common/action_util.o
 .debug_info    0x000000000000b1ca       0xda obj_alps64_ad/common/print.o
 .debug_info    0x000000000000b2a4       0xfc obj_alps64_ad/common/debug.o
 .debug_info    0x000000000000b3a0      0x2a2 obj_alps64_ad/common/util.o
 .debug_info    0x000000000000b642      0x1c9 obj_alps64_ad/common/hook.o
 .debug_info    0x000000000000b80b      0x2c4 obj_alps64_ad/common/avr/suspend.o
 .debug_info    0x000000000000bacf      0x204 obj_alps64_ad/common/avr/timer.o
 .debug_info    0x000000000000bcd3      0x206 obj_alps64_ad/common/avr/bootloader.o
 .debug_info    0x000000000000bed9      0xf6a obj_alps64_ad/common/keymap.o
 .debug_info    0x000000000000ce43      0xfc8 obj_alps64_ad/common/bootmagic.o
 .debug_info    0x000000000000de0b      0x37b obj_alps64_ad/common/avr/eeconfig.o
 .debug_info    0x000000000000e186      0x76d obj_alps64_ad/common/mousekey.o
 .debug_info    0x000000000000e8f3     0x148e obj_alps64_ad/common/command.o

.debug_abbrev   0x0000000000000000     0x3e4a
 *(.debug_abbrev)
 .debug_abbrev  0x0000000000000000      0x65d /usr/lib/gcc/avr/5.4.0/../../../avr/lib/avr35/crtatmega32u2.o
 .debug_abbrev  0x000000000000065d       0xe8 obj_alps64_ad/keymap.o
 .debug_abbrev  0x0000000000000745      0x237 obj_alps64_ad/matrix.o
 .debug_abbrev  0x000000000000097c       0x60 obj_alps64_ad/led.o
 .debug_abbrev  0x00000000000009dc      0x48c obj_alps64_ad/protocol/lufa/lufa.o
 .debug_abbrev  0x0000000000000e68      0x184 obj_alps64_ad/protocol/lufa/descriptor.o
 .debug_abbrev  0x0000000000000fec       0x80 obj_alps64_ad/protocol/lufa/LUFA-git/LUFA/Drivers/USB/Core/AVR8/Device_AVR8.o
 .debug_abbrev  0x000000000000106c      0x1ea obj_alps64_ad/protocol/lufa/LUFA-git/LUFA/Drivers/USB/Core/AVR8/EndpointStream_AVR8.o
 .debug_abbrev  0x0000000000001256      0x226 obj_alps64_ad/protocol/lufa/LUFA-git/LUFA/Drivers/USB/Core/AVR8/Endpoint_AVR8.o
 .debug_abbrev  0x000000000000147c      0x188 obj_alps64_ad/protocol/lufa/LUFA-git/LUFA/Drivers/USB/Core/AVR8/USBController_AVR8.o
 .debug_abbrev  0x0000000000001604      0x213 obj_alps64_ad/protocol/lufa/LUFA-git/LUFA/Drivers/USB/Core/AVR8/USBInterrupt_AVR8.o
 .debug_abbrev  0x0000000000001817      0x29c obj_alps64_ad/protocol/lufa/LUFA-git/LUFA/Drivers/USB/Core/DeviceStandardReq.o
 .debug_abbrev  0x0000000000001ab3      0x16b obj_alps64_ad/protocol/lufa/LUFA-git/LUFA/Drivers/USB/Core/USBTask.o
 .debug_abbrev  0x0000000000001c1e      0x1e6 obj_alps64_ad/common/host.o
 .debug_abbrev  0x0000000000001e04      0x1a9 obj_alps64_ad/common/keyboard.o
 .debug_abbrev  0x0000000000001fad       0xf1 obj_alps64_ad/common/matrix.o
 .debug_abbrev  0x000000000000209e      0x2c0 obj_alps64_ad/common/action.o
 .debug_abbrev  0x000000000000235e      0x2c3 obj_alps64_ad/common/action_tapping.o
 .debug_abbrev  0x0000000000002621      0x163 obj_alps64_ad/common/action_macro.o
 .debug_abbrev  0x0000000000002784      0x2a6 obj_alps64_ad/common/action_layer.o
 .debug_abbrev  0x0000000000002a2a      0x234 obj_alps64_ad/common/action_util.o
 .debug_abbrev  0x0000000000002c5e       0x97 obj_alps64_ad/common/print.o
 .debug_abbrev  0x0000000000002cf5       0x87 obj_alps64_ad/common/debug.o
 .debug_abbrev  0x0000000000002d7c       0xcb obj_alps64_ad/common/util.o
 .debug_abbrev  0x0000000000002e47      0x13e obj_alps64_ad/common/hook.o
 .debug_abbrev  0x0000000000002f85      0x1ba obj_alps64_ad/common/avr/suspend.o
 .debug_abbrev  0x000000000000313f      0x11e obj_alps64_ad/common/avr/timer.o
 .debug_abbrev  0x000000000000325d      0x171 obj_alps64_ad/common/avr/bootloader.o
 .debug_abbrev  0x00000000000033ce      0x276 obj_alps64_ad/common/keymap.o
 .debug_abbrev  0x0000000000003644      0x245 obj_alps64_ad/common/bootmagic.o
 .debug_abbrev  0x0000000000003889       0xc2 obj_alps64_ad/common/avr/eeconfig.o
 .debug_abbrev  0x000000000000394b      0x1f7 obj_alps64_ad/common/mousekey.o
 .debug_abbrev  0x0000000000003b42      0x308 obj_alps64_ad/common/command.o

.debug_line     0x0000000000000000     0x73fb
 *(.debug_line .debug_line.* .debug_line_end)
 .debug_line    0x0000000000000000       0x1a /usr/lib/gcc/avr/5.4.0/../../../avr/lib/avr35/crtatmega32u2.o
 .debug_line    0x000000000000001a       0x7b obj_alps64_ad/keymap.o
 .debug_line    0x0000000000000095      0x29d obj_alps64_ad/matrix.o
 .debug_line    0x0000000000000332       0x72 obj_alps64_ad/led.o
 .debug_line    0x00000000000003a4      0xa68 obj_alps64_ad/protocol/lufa/lufa.o
 .debug_line    0x0000000000000e0c      0x218 obj_alps64_ad/protocol/lufa/descriptor.o
 .debug_line    0x0000000000001024      0x144 obj_alps64_ad/protocol/lufa/LUFA-git/LUFA/Drivers/USB/Core/AVR8/Device_AVR8.o
 .debug_line    0x0000000000001168     0x1468 obj_alps64_ad/protocol/lufa/LUFA-git/LUFA/Drivers/USB/Core/AVR8/EndpointStream_AVR8.o
 .debug_line    0x00000000000025d0      0x523 obj_alps64_ad/protocol/lufa/LUFA-git/LUFA/Drivers/USB/Core/AVR8/Endpoint_AVR8.o
 .debug_line    0x0000000000002af3      0x336 obj_alps64_ad/protocol/lufa/LUFA-git/LUFA/Drivers/USB/Core/AVR8/USBController_AVR8.o
 .debug_line    0x0000000000002e29      0x54b obj_alps64_ad/protocol/lufa/LUFA-git/LUFA/Drivers/USB/Core/AVR8/USBInterrupt_AVR8.o
 .debug_line    0x0000000000003374      0x4d6 obj_alps64_ad/protocol/lufa/LUFA-git/LUFA/Drivers/USB/Core/DeviceStandardReq.o
 .debug_line    0x000000000000384a      0x1b4 obj_alps64_ad/protocol/lufa/LUFA-git/LUFA/Drivers/USB/Core/USBTask.o
 .debug_line    0x00000000000039fe      0x261 obj_alps64_ad/common/host.o
 .debug_line    0x0000000000003c5f      0x224 obj_alps64_ad/common/keyboard.o
 .debug_line    0x0000000000003e83       0xea obj_alps64_ad/common/matrix.o
 .debug_line    0x0000000000003f6d      0x98b obj_alps64_ad/common/action.o
 .debug_line    0x00000000000048f8      0x4ff obj_alps64_ad/common/action_tapping.o
 .debug_line    0x0000000000004df7      0x1aa obj_alps64_ad/common/action_macro.o
 .debug_line    0x0000000000004fa1      0x2d7 obj_alps64_ad/common/action_layer.o
 .debug_line    0x0000000000005278      0x2e3 obj_alps64_ad/common/action_util.o
 .debug_line    0x000000000000555b       0x99 obj_alps64_ad/common/print.o
 .debug_line    0x00000000000055f4       0x67 obj_alps64_ad/common/debug.o
 .debug_line    0x000000000000565b      0x287 obj_alps64_ad/common/util.o
 .debug_line    0x00000000000058e2       0xbb obj_alps64_ad/common/hook.o
 .debug_line    0x000000000000599d      0x254 obj_alps64_ad/common/avr/suspend.o
 .debug_line    0x0000000000005bf1      0x1bf obj_alps64_ad/common/avr/timer.o
 .debug_line    0x0000000000005db0      0x1cd obj_alps64_ad/common/avr/bootloader.o
 .debug_line    0x0000000000005f7d      0x35d obj_alps64_ad/common/keymap.o
 .debug_line    0x00000000000062da      0x3b1 obj_alps64_ad/common/bootmagic.o
 .debug_line    0x000000000000668b      0x180 obj_alps64_ad/common/avr/eeconfig.o
 .debug_line    0x000000000000680b      0x5d3 obj_alps64_ad/common/mousekey.o
 .debug_line    0x0000000000006dde      0x61d obj_alps64_ad/common/command.o

.debug_frame    0x0000000000000000     0x19dc
 *(.debug_frame)
 .debug_frame   0x0000000000000000       0x94 obj_alps64_ad/matrix.o
 .debug_frame   0x0000000000000094       0x24 obj_alps64_ad/led.o
 .debug_frame   0x00000000000000b8      0x188 obj_alps64_ad/protocol/lufa/lufa.o
 .debug_frame   0x0000000000000240       0x24 obj_alps64_ad/protocol/lufa/descriptor.o
 .debug_frame   0x0000000000000264       0x24 obj_alps64_ad/protocol/lufa/LUFA-git/LUFA/Drivers/USB/Core/AVR8/Device_AVR8.o
 .debug_frame   0x0000000000000288      0x42c obj_alps64_ad/protocol/lufa/LUFA-git/LUFA/Drivers/USB/Core/AVR8/EndpointStream_AVR8.o
 .debug_frame   0x00000000000006b4       0x7c obj_alps64_ad/protocol/lufa/LUFA-git/LUFA/Drivers/USB/Core/AVR8/Endpoint_AVR8.o
 .debug_frame   0x0000000000000730       0x44 obj_alps64_ad/protocol/lufa/LUFA-git/LUFA/Drivers/USB/Core/AVR8/USBController_AVR8.o
 .debug_frame   0x0000000000000774      0x108 obj_alps64_ad/protocol/lufa/LUFA-git/LUFA/Drivers/USB/Core/AVR8/USBInterrupt_AVR8.o
 .debug_frame   0x000000000000087c       0x3c obj_alps64_ad/protocol/lufa/LUFA-git/LUFA/Drivers/USB/Core/DeviceStandardReq.o
 .debug_frame   0x00000000000008b8       0x2c obj_alps64_ad/protocol/lufa/LUFA-git/LUFA/Drivers/USB/Core/USBTask.o
 .debug_frame   0x00000000000008e4      0x110 obj_alps64_ad/common/host.o
 .debug_frame   0x00000000000009f4       0x90 obj_alps64_ad/common/keyboard.o
 .debug_frame   0x0000000000000a84       0xdc obj_alps64_ad/common/matrix.o
 .debug_frame   0x0000000000000b60      0x180 obj_alps64_ad/common/action.o
 .debug_frame   0x0000000000000ce0       0xdc obj_alps64_ad/common/action_tapping.o
 .debug_frame   0x0000000000000dbc       0x50 obj_alps64_ad/common/action_macro.o
 .debug_frame   0x0000000000000e0c      0x1d4 obj_alps64_ad/common/action_layer.o
 .debug_frame   0x0000000000000fe0      0x144 obj_alps64_ad/common/action_util.o
 .debug_frame   0x0000000000001124       0x24 obj_alps64_ad/common/print.o
 .debug_frame   0x0000000000001148      0x110 obj_alps64_ad/common/util.o
 .debug_frame   0x0000000000001258       0x88 obj_alps64_ad/common/hook.o
 .debug_frame   0x00000000000012e0       0x90 obj_alps64_ad/common/avr/suspend.o
 .debug_frame   0x0000000000001370       0xf0 obj_alps64_ad/common/avr/timer.o
 .debug_frame   0x0000000000001460       0x34 obj_alps64_ad/common/avr/bootloader.o
 .debug_frame   0x0000000000001494       0x74 obj_alps64_ad/common/keymap.o
 .debug_frame   0x0000000000001508       0x84 obj_alps64_ad/common/bootmagic.o
 .debug_frame   0x000000000000158c       0xb4 obj_alps64_ad/common/avr/eeconfig.o
 .debug_frame   0x0000000000001640       0xf0 obj_alps64_ad/common/mousekey.o
 .debug_frame   0x0000000000001730      0x2ac obj_alps64_ad/common/command.o

.debug_str      0x0000000000000000     0x4241
 *(.debug_str)
 .debug_str     0x0000000000000000      0x262 /usr/lib/gcc/avr/5.4.0/../../../avr/lib/avr35/crtatmega32u2.o
 .debug_str     0x0000000000000262      0xee2 obj_alps64_ad/keymap.o
                                        0xf67 (size before relaxing)
 .debug_str     0x0000000000001144      0x109 obj_alps64_ad/matrix.o
                                        0x2c0 (size before relaxing)
 .debug_str     0x000000000000124d       0x16 obj_alps64_ad/led.o
                                        0x18f (size before relaxing)
 .debug_str     0x0000000000001263      0x84f obj_alps64_ad/protocol/lufa/lufa.o
                                        0xace (size before relaxing)
 .debug_str     0x0000000000001ab2      0x7a4 obj_alps64_ad/protocol/lufa/descriptor.o
                                        0x99f (size before relaxing)
 .debug_str     0x0000000000002256       0x7b obj_alps64_ad/protocol/lufa/LUFA-git/LUFA/Drivers/USB/Core/AVR8/Device_AVR8.o
                                        0x21f (size before relaxing)
 .debug_str     0x00000000000022d1      0x4fd obj_alps64_ad/protocol/lufa/LUFA-git/LUFA/Drivers/USB/Core/AVR8/EndpointStream_AVR8.o
                                        0x881 (size before relaxing)
 .debug_str     0x00000000000027ce      0x22a obj_alps64_ad/protocol/lufa/LUFA-git/LUFA/Drivers/USB/Core/AVR8/Endpoint_AVR8.o
                                        0x641 (size before relaxing)
 .debug_str     0x00000000000029f8      0x1a8 obj_alps64_ad/protocol/lufa/LUFA-git/LUFA/Drivers/USB/Core/AVR8/USBController_AVR8.o
                                        0x557 (size before relaxing)
 .debug_str     0x0000000000002ba0      0x116 obj_alps64_ad/protocol/lufa/LUFA-git/LUFA/Drivers/USB/Core/AVR8/USBInterrupt_AVR8.o
                                        0x5a8 (size before relaxing)
 .debug_str     0x0000000000002cb6      0x417 obj_alps64_ad/protocol/lufa/LUFA-git/LUFA/Drivers/USB/Core/DeviceStandardReq.o
                                        0x9f3 (size before relaxing)
 .debug_str     0x00000000000030cd       0x6e obj_alps64_ad/protocol/lufa/LUFA-git/LUFA/Drivers/USB/Core/USBTask.o
                                        0x3a6 (size before relaxing)
 .debug_str     0x000000000000313b       0xb9 obj_alps64_ad/common/host.o
                                        0x36b (size before relaxing)
 .debug_str     0x00000000000031f4      0x101 obj_alps64_ad/common/keyboard.o
                                        0x37d (size before relaxing)
 .debug_str     0x00000000000032f5       0x4a obj_alps64_ad/common/matrix.o
                                        0x1e5 (size before relaxing)
 .debug_str     0x000000000000333f      0x318 obj_alps64_ad/common/action.o
                                       0x1398 (size before relaxing)
 .debug_str     0x0000000000003657       0xec obj_alps64_ad/common/action_tapping.o
                                        0xd49 (size before relaxing)
 .debug_str     0x0000000000003743       0x99 obj_alps64_ad/common/action_macro.o
                                        0xb1f (size before relaxing)
 .debug_str     0x00000000000037dc       0xc9 obj_alps64_ad/common/action_layer.o
                                        0x45b (size before relaxing)
 .debug_str     0x00000000000038a5       0x95 obj_alps64_ad/common/action_util.o
                                        0x337 (size before relaxing)
 .debug_str     0x000000000000393a       0x36 obj_alps64_ad/common/print.o
                                        0x1c9 (size before relaxing)
 .debug_str     0x0000000000003970       0x1e obj_alps64_ad/common/debug.o
                                        0x1df (size before relaxing)
 .debug_str     0x000000000000398e       0x5e obj_alps64_ad/common/util.o
                                        0x1f5 (size before relaxing)
 .debug_str     0x00000000000039ec       0x2c obj_alps64_ad/common/hook.o
                                        0x24c (size before relaxing)
 .debug_str     0x0000000000003a18       0x6a obj_alps64_ad/common/avr/suspend.o
                                        0x368 (size before relaxing)
 .debug_str     0x0000000000003a82       0x6a obj_alps64_ad/common/avr/timer.o
                                        0x21c (size before relaxing)
 .debug_str     0x0000000000003aec       0x77 obj_alps64_ad/common/avr/bootloader.o
                                        0x289 (size before relaxing)
 .debug_str     0x0000000000003b63       0xf5 obj_alps64_ad/common/keymap.o
                                       0x10f1 (size before relaxing)
 .debug_str     0x0000000000003c58       0xe4 obj_alps64_ad/common/bootmagic.o
                                        0xe09 (size before relaxing)
 .debug_str     0x0000000000003d3c       0x7b obj_alps64_ad/common/avr/eeconfig.o
                                        0x2c3 (size before relaxing)
 .debug_str     0x0000000000003db7       0xfd obj_alps64_ad/common/mousekey.o
                                        0x6a1 (size before relaxing)
 .debug_str     0x0000000000003eb4      0x38d obj_alps64_ad/common/command.o
                                        0xf51 (size before relaxing)

.debug_loc      0x0000000000000000     0x862f
 *(.debug_loc)
 .debug_loc     0x0000000000000000      0x281 obj_alps64_ad/matrix.o
 .debug_loc     0x0000000000000281      0x7d5 obj_alps64_ad/protocol/lufa/lufa.o
 .debug_loc     0x0000000000000a56      0x20a obj_alps64_ad/protocol/lufa/descriptor.o
 .debug_loc     0x0000000000000c60     0x1f6f obj_alps64_ad/protocol/lufa/LUFA-git/LUFA/Drivers/USB/Core/AVR8/EndpointStream_AVR8.o
 .debug_loc     0x0000000000002bcf      0x399 obj_alps64_ad/protocol/lufa/LUFA-git/LUFA/Drivers/USB/Core/AVR8/Endpoint_AVR8.o
 .debug_loc     0x0000000000002f68       0x78 obj_alps64_ad/protocol/lufa/LUFA-git/LUFA/Drivers/USB/Core/AVR8/USBController_AVR8.o
 .debug_loc     0x0000000000002fe0      0x3b8 obj_alps64_ad/protocol/lufa/LUFA-git/LUFA/Drivers/USB/Core/AVR8/USBInterrupt_AVR8.o
 .debug_loc     0x0000000000003398      0x2d7 obj_alps64_ad/protocol/lufa/LUFA-git/LUFA/Drivers/USB/Core/DeviceStandardReq.o
 .debug_loc     0x000000000000366f       0x49 obj_alps64_ad/protocol/lufa/LUFA-git/LUFA/Drivers/USB/Core/USBTask.o
 .debug_loc     0x00000000000036b8      0x2a2 obj_alps64_ad/common/host.o
 .debug_loc     0x000000000000395a      0x180 obj_alps64_ad/common/keyboard.o
 .debug_loc     0x0000000000003ada      0x147 obj_alps64_ad/common/matrix.o
 .debug_loc     0x0000000000003c21     0x1706 obj_alps64_ad/common/action.o
 .debug_loc     0x0000000000005327      0x688 obj_alps64_ad/common/action_tapping.o
 .debug_loc     0x00000000000059af      0x540 obj_alps64_ad/common/action_macro.o
 .debug_loc     0x0000000000005eef      0x5f1 obj_alps64_ad/common/action_layer.o
 .debug_loc     0x00000000000064e0      0x1fc obj_alps64_ad/common/action_util.o
 .debug_loc     0x00000000000066dc      0x506 obj_alps64_ad/common/util.o
 .debug_loc     0x0000000000006be2       0x69 obj_alps64_ad/common/hook.o
 .debug_loc     0x0000000000006c4b       0xd9 obj_alps64_ad/common/avr/suspend.o
 .debug_loc     0x0000000000006d24      0x20a obj_alps64_ad/common/avr/timer.o
 .debug_loc     0x0000000000006f2e       0x48 obj_alps64_ad/common/avr/bootloader.o
 .debug_loc     0x0000000000006f76      0x1ee obj_alps64_ad/common/keymap.o
 .debug_loc     0x0000000000007164      0x305 obj_alps64_ad/common/bootmagic.o
 .debug_loc     0x0000000000007469       0x84 obj_alps64_ad/common/avr/eeconfig.o
 .debug_loc     0x00000000000074ed      0x578 obj_alps64_ad/common/mousekey.o
 .debug_loc     0x0000000000007a65      0xbca obj_alps64_ad/common/command.o

.debug_macinfo
 *(.debug_macinfo)

.debug_weaknames
 *(.debug_weaknames)

.debug_funcnames
 *(.debug_funcnames)

.debug_typenames
 *(.debug_typenames)

.debug_varnames
 *(.debug_varnames)

.debug_pubtypes
 *(.debug_pubtypes)

.debug_ranges   0x0000000000000000      0xa10
 *(.debug_ranges)
 .debug_ranges  0x0000000000000000       0x28 obj_alps64_ad/matrix.o
 .debug_ranges  0x0000000000000028       0x10 obj_alps64_ad/led.o
 .debug_ranges  0x0000000000000038       0xa0 obj_alps64_ad/protocol/lufa/lufa.o
 .debug_ranges  0x00000000000000d8       0x28 obj_alps64_ad/protocol/lufa/descriptor.o
 .debug_ranges  0x0000000000000100       0x10 obj_alps64_ad/protocol/lufa/LUFA-git/LUFA/Drivers/USB/Core/AVR8/Device_AVR8.o
 .debug_ranges  0x0000000000000110      0x1f8 obj_alps64_ad/protocol/lufa/LUFA-git/LUFA/Drivers/USB/Core/AVR8/EndpointStream_AVR8.o
 .debug_ranges  0x0000000000000308       0x78 obj_alps64_ad/protocol/lufa/LUFA-git/LUFA/Drivers/USB/Core/AVR8/Endpoint_AVR8.o
 .debug_ranges  0x0000000000000380       0x20 obj_alps64_ad/protocol/lufa/LUFA-git/LUFA/Drivers/USB/Core/AVR8/USBController_AVR8.o
 .debug_ranges  0x00000000000003a0       0x28 obj_alps64_ad/protocol/lufa/LUFA-git/LUFA/Drivers/USB/Core/AVR8/USBInterrupt_AVR8.o
 .debug_ranges  0x00000000000003c8       0x28 obj_alps64_ad/protocol/lufa/LUFA-git/LUFA/Drivers/USB/Core/DeviceStandardReq.o
 .debug_ranges  0x00000000000003f0       0x10 obj_alps64_ad/protocol/lufa/LUFA-git/LUFA/Drivers/USB/Core/USBTask.o
 .debug_ranges  0x0000000000000400       0x50 obj_alps64_ad/common/host.o
 .debug_ranges  0x0000000000000450       0x40 obj_alps64_ad/common/keyboard.o
 .debug_ranges  0x0000000000000490       0x28 obj_alps64_ad/common/matrix.o
 .debug_ranges  0x00000000000004b8       0xf8 obj_alps64_ad/common/action.o
 .debug_ranges  0x00000000000005b0       0x60 obj_alps64_ad/common/action_tapping.o
 .debug_ranges  0x0000000000000610       0x28 obj_alps64_ad/common/action_macro.o
 .debug_ranges  0x0000000000000638       0xe0 obj_alps64_ad/common/action_layer.o
 .debug_ranges  0x0000000000000718       0xb8 obj_alps64_ad/common/action_util.o
 .debug_ranges  0x00000000000007d0       0x10 obj_alps64_ad/common/print.o
 .debug_ranges  0x00000000000007e0       0x50 obj_alps64_ad/common/util.o
 .debug_ranges  0x0000000000000830       0x28 obj_alps64_ad/common/hook.o
 .debug_ranges  0x0000000000000858       0x30 obj_alps64_ad/common/avr/suspend.o
 .debug_ranges  0x0000000000000888       0x40 obj_alps64_ad/common/avr/timer.o
 .debug_ranges  0x00000000000008c8       0x18 obj_alps64_ad/common/avr/bootloader.o
 .debug_ranges  0x00000000000008e0       0x38 obj_alps64_ad/common/keymap.o
 .debug_ranges  0x0000000000000918       0x20 obj_alps64_ad/common/bootmagic.o
 .debug_ranges  0x0000000000000938       0x58 obj_alps64_ad/common/avr/eeconfig.o
 .debug_ranges  0x0000000000000990       0x40 obj_alps64_ad/common/mousekey.o
 .debug_ranges  0x00000000000009d0       0x40 obj_alps64_ad/common/command.o

.debug_macro
 *(.debug_macro)
OUTPUT(alps64_ad.elf elf32-avr)
LOAD linker stubs

Cross Reference Table

Symbol                                            File